warning: /home/ephraim_feldblum/git/RedisJSON/json_path/Cargo.toml: `default_features` is deprecated in favor of `default-features` and will not work in the 2024 edition
(in the `ijson` dependency)
warning: /home/ephraim_feldblum/git/RedisJSON/redis_json/Cargo.toml: `default_features` is deprecated in favor of `default-features` and will not work in the 2024 edition
(in the `ijson` dependency)
warning: /home/ephraim_feldblum/git/RedisJSON/redis_json/Cargo.toml: unused manifest key: dependencies.redis-module.master
warning: /home/ephraim_feldblum/git/RedisJSON/redis_json/Cargo.toml: unused manifest key: dependencies.redis-module-macros.master
   Compiling proc-macro2 v1.0.89
   Compiling unicode-ident v1.0.13
   Compiling libc v0.2.161
   Compiling autocfg v1.4.0
   Compiling cfg-if v1.0.0
   Compiling serde v1.0.213
   Compiling memchr v2.7.4
   Compiling thiserror v1.0.65
   Compiling byteorder v1.5.0
   Compiling version_check v0.9.5
   Compiling once_cell v1.20.2
   Compiling lock_api v0.4.12
   Compiling aho-corasick v1.1.3
   Compiling ucd-trie v0.1.7
   Compiling parking_lot_core v0.9.10
   Compiling ahash v0.8.11
   Compiling itoa v1.0.11
   Compiling quote v1.0.37
   Compiling equivalent v1.0.1
   Compiling regex-syntax v0.8.5
   Compiling syn v2.0.85
   Compiling hashbrown v0.15.0
   Compiling serde_json v1.0.132
   Compiling radium v0.7.0
   Compiling time-core v0.1.2
   Compiling ryu v1.0.18
   Compiling indexmap v2.6.0
   Compiling powerfmt v0.2.0
   Compiling num-conv v0.1.0
   Compiling getrandom v0.2.15
   Compiling smallvec v1.13.2
   Compiling rand_core v0.6.4
   Compiling tap v1.0.1
   Compiling scopeguard v1.2.0
   Compiling wyz v0.5.1
   Compiling time-macros v0.2.18
   Compiling deranged v0.3.11
   Compiling funty v2.0.0
   Compiling hashbrown v0.14.5
   Compiling regex-automata v0.4.8
   Compiling log v0.4.22
   Compiling dashmap v5.5.3
   Compiling bitvec v1.0.1
   Compiling lazy_static v1.5.0
   Compiling either v1.13.0
   Compiling base64 v0.13.1
   Compiling time v0.3.36
   Compiling hex v0.4.3
   Compiling itertools v0.13.0
   Compiling is-terminal v0.4.13
   Compiling glob v0.3.1
   Compiling regex v1.11.1
   Compiling humantime v2.1.0
   Compiling serde_derive v1.0.213
   Compiling zerocopy-derive v0.7.35
   Compiling thiserror-impl v1.0.65
   Compiling termcolor v1.4.1
   Compiling env_logger v0.10.2
   Compiling zerocopy v0.7.35
   Compiling pest v2.7.14
   Compiling ppv-lite86 v0.2.20
   Compiling hashbrown v0.13.2
   Compiling rand_chacha v0.3.1
   Compiling pest_meta v2.7.14
   Compiling rand v0.8.5
   Compiling clang-sys v1.8.1
   Compiling pest_generator v2.7.14
   Compiling num-traits v0.2.19
   Compiling rustix v0.38.38
   Compiling syn v1.0.109
   Compiling prettyplease v0.2.25
   Compiling linux-raw-sys v0.4.14
   Compiling bitflags v2.6.0
   Compiling pest_derive v2.7.14
   Compiling minimal-lexical v0.2.1
   Compiling libloading v0.8.5
   Compiling nom v7.1.3
   Compiling shlex v1.3.0
   Compiling bindgen v0.66.1
   Compiling home v0.5.9
   Compiling uuid v1.11.0
   Compiling serde_bytes v0.11.15
   Compiling which v4.4.2
   Compiling cexpr v0.6.0
   Compiling memoffset v0.7.1
   Compiling unicode-xid v0.0.4
   Compiling ijson v0.1.3 (https://github.com/RedisJSON/ijson?rev=eede48fad51b4ace5043d3e0714f5a65481a065d#eede48fa)
   Compiling bson v2.13.0
   Compiling rustversion v1.0.18
   Compiling lazycell v1.3.0
   Compiling rustc-hash v1.1.0
   Compiling peeking_take_while v0.1.2
   Compiling synom v0.11.3
   Compiling json_path v0.1.0 (/home/ephraim_feldblum/git/RedisJSON/json_path)
   Compiling cc v1.1.31
   Compiling gimli v0.31.1
   Compiling quote v0.3.15
   Compiling adler2 v2.0.0
   Compiling syn v0.11.11
   Compiling miniz_oxide v0.8.0
   Compiling num-traits v0.1.43
   Compiling linkme-impl v0.3.29
   Compiling addr2line v0.24.2
   Compiling object v0.36.5
   Compiling pin-utils v0.1.0
   Compiling bitflags v1.3.2
   Compiling heck v0.4.1
   Compiling rustc-demangle v0.1.24
   Compiling strum_macros v0.24.3
   Compiling serde_syn v0.1.0
   Compiling linkme v0.3.29
   Compiling nix v0.26.4
   Compiling enum-primitive-derive v0.1.2
   Compiling redis-module-macros-internals v99.99.99 (https://github.com/RedisLabsModules/redismodule-rs#f9c8dca0)
   Compiling redis-module-macros v99.99.99 (https://github.com/RedisLabsModules/redismodule-rs#f9c8dca0)
   Compiling redis-module v99.99.99 (https://github.com/RedisLabsModules/redismodule-rs#f9c8dca0)
   Compiling backtrace v0.3.74
warning: methods `contains_key`, `keys`, `is_empty`, `is_array`, `is_double`, and `get_str` are never used
  --> json_path/src/select_value.rs:23:8
   |
21 | pub trait SelectValue: Debug + Eq + PartialEq + Default + Clone + Serialize {
   |           ----------- methods in this trait
22 |     fn get_type(&self) -> SelectValueType;
23 |     fn contains_key(&self, key: &str) -> bool;
   |        ^^^^^^^^^^^^
24 |     fn values<'a>(&'a self) -> Option<Box<dyn Iterator<Item = &'a Self> + 'a>>;
25 |     fn keys<'a>(&'a self) -> Option<Box<dyn Iterator<Item = &'a str> + 'a>>;
   |        ^^^^
...
28 |     fn is_empty(&self) -> Option<bool>;
   |        ^^^^^^^^
...
31 |     fn is_array(&self) -> bool;
   |        ^^^^^^^^
32 |     fn is_double(&self) -> Option<bool>;
   |        ^^^^^^^^^
33 |
34 |     fn get_str(&self) -> String;
   |        ^^^^^^^
   |
   = note: `#[warn(dead_code)]` on by default

warning: `json_path` (bin "jsonpath" test) generated 1 warning (1 duplicate)
warning: `json_path` (bin "jsonpath") generated 1 warning
   Compiling redis_json v99.99.99 (/home/ephraim_feldblum/git/RedisJSON/redis_json)
    Finished `release` profile [optimized + debuginfo] target(s) in 42.96s
------------------------------------------------------------------------------------------------------------------------------------------------------------------------------
Running general:

RLTest configuration:
--oss-redis-path=redis-server
--module /home/ephraim_feldblum/git/RedisJSON/bin/linux-x64-release/rejson.so
--module-args ''
--no-progress  -v --enable-debug-command --enable-protected-configs

--parallelism 8




[32mRedis master command: redis-server --port 6439 --loadmodule /home/ephraim_feldblum/git/RedisJSON/bin/linux-x64-release/rejson.so --logfile /dev/null --dbfilename cc713a903ec94ad4b49cd78e0daf79cf.master-1-test_keyspace_notifications_test_keyspace_del-oss.rdb --enable-debug-command yes --enable-protected-configs yes[0m
[36mtest_keyspace_notifications:test_keyspace_del[0m:
	[31;1m[ERROR][0m
	[31;1mUnhandled exception: Error 111 connecting to localhost:6439. Connection refused.[0m
Traceback (most recent call last):
  File "/home/ephraim_feldblum/venv/lib/python3.11/site-packages/redis/connection.py", line 264, in connect
    sock = self.retry.call_with_retry(
           ^^^^^^^^^^^^^^^^^^^^^^^^^^^
  File "/home/ephraim_feldblum/venv/lib/python3.11/site-packages/redis/retry.py", line 46, in call_with_retry
    return do()
           ^^^^
  File "/home/ephraim_feldblum/venv/lib/python3.11/site-packages/redis/connection.py", line 265, in <lambda>
    lambda: self._connect(), lambda error: self.disconnect(error)
            ^^^^^^^^^^^^^^^
  File "/home/ephraim_feldblum/venv/lib/python3.11/site-packages/redis/connection.py", line 627, in _connect
    raise err
  File "/home/ephraim_feldblum/venv/lib/python3.11/site-packages/redis/connection.py", line 615, in _connect
    sock.connect(socket_address)
ConnectionRefusedError: [Errno 111] Connection refused

During handling of the above exception, another exception occurred:

Traceback (most recent call last):
  File "/home/ephraim_feldblum/venv/lib/python3.11/site-packages/RLTest/__main__.py", line 715, in _runTest
    fn()
  File "/home/ephraim_feldblum/venv/lib/python3.11/site-packages/RLTest/__main__.py", line 704, in <lambda>
    fn = lambda: test.target(env)
                 ^^^^^^^^^^^^^^^^
  File "/home/ephraim_feldblum/git/RedisJSON/tests/pytest/test_keyspace_notifications.py", line 138, in test_keyspace_del
    env.skipOnVersionSmaller('6.2')
  File "/home/ephraim_feldblum/venv/lib/python3.11/site-packages/RLTest/env.py", line 604, in skipOnVersionSmaller
    res = self.con.execute_command('INFO')
          ^^^^^^^^^^^^^^^^^^^^^^^^^^^^^^^^
  File "/home/ephraim_feldblum/venv/lib/python3.11/site-packages/redis/client.py", line 594, in execute_command
    conn = self.connection or pool.get_connection(command_name, **options)
                              ^^^^^^^^^^^^^^^^^^^^^^^^^^^^^^^^^^^^^^^^^^^^
  File "/home/ephraim_feldblum/venv/lib/python3.11/site-packages/redis/connection.py", line 1087, in get_connection
    connection.connect()
  File "/home/ephraim_feldblum/venv/lib/python3.11/site-packages/redis/connection.py", line 270, in connect
    raise ConnectionError(self._error_message(e))
redis.exceptions.ConnectionError: Error 111 connecting to localhost:6439. Connection refused.
[32mRedis master command: redis-server --port 6379 --loadmodule /home/ephraim_feldblum/git/RedisJSON/bin/linux-x64-release/rejson.so --logfile /dev/null --dbfilename 2661cb69a1cd40e88c4ff594b9d4afba.master-1-test_keyspace_notifications_test_keyspace_arr-oss.rdb --enable-debug-command yes --enable-protected-configs yes[0m
[36mtest_keyspace_notifications:test_keyspace_arr[0m:
	[31;1m[ERROR][0m
	[31;1mUnhandled exception: Error 111 connecting to localhost:6379. Connection refused.[0m
Traceback (most recent call last):
  File "/home/ephraim_feldblum/venv/lib/python3.11/site-packages/redis/connection.py", line 264, in connect
    sock = self.retry.call_with_retry(
           ^^^^^^^^^^^^^^^^^^^^^^^^^^^
  File "/home/ephraim_feldblum/venv/lib/python3.11/site-packages/redis/retry.py", line 46, in call_with_retry
    return do()
           ^^^^
  File "/home/ephraim_feldblum/venv/lib/python3.11/site-packages/redis/connection.py", line 265, in <lambda>
    lambda: self._connect(), lambda error: self.disconnect(error)
            ^^^^^^^^^^^^^^^
  File "/home/ephraim_feldblum/venv/lib/python3.11/site-packages/redis/connection.py", line 627, in _connect
    raise err
  File "/home/ephraim_feldblum/venv/lib/python3.11/site-packages/redis/connection.py", line 615, in _connect
    sock.connect(socket_address)
ConnectionRefusedError: [Errno 111] Connection refused

During handling of the above exception, another exception occurred:

Traceback (most recent call last):
  File "/home/ephraim_feldblum/venv/lib/python3.11/site-packages/RLTest/__main__.py", line 715, in _runTest
    fn()
  File "/home/ephraim_feldblum/venv/lib/python3.11/site-packages/RLTest/__main__.py", line 704, in <lambda>
    fn = lambda: test.target(env)
                 ^^^^^^^^^^^^^^^^
  File "/home/ephraim_feldblum/git/RedisJSON/tests/pytest/test_keyspace_notifications.py", line 75, in test_keyspace_arr
    env.skipOnVersionSmaller('6.2')
  File "/home/ephraim_feldblum/venv/lib/python3.11/site-packages/RLTest/env.py", line 604, in skipOnVersionSmaller
    res = self.con.execute_command('INFO')
          ^^^^^^^^^^^^^^^^^^^^^^^^^^^^^^^^
  File "/home/ephraim_feldblum/venv/lib/python3.11/site-packages/redis/client.py", line 594, in execute_command
    conn = self.connection or pool.get_connection(command_name, **options)
                              ^^^^^^^^^^^^^^^^^^^^^^^^^^^^^^^^^^^^^^^^^^^^
  File "/home/ephraim_feldblum/venv/lib/python3.11/site-packages/redis/connection.py", line 1087, in get_connection
    connection.connect()
  File "/home/ephraim_feldblum/venv/lib/python3.11/site-packages/redis/connection.py", line 270, in connect
    raise ConnectionError(self._error_message(e))
redis.exceptions.ConnectionError: Error 111 connecting to localhost:6379. Connection refused.
[32mRedis master command: redis-server --port 6409 --loadmodule /home/ephraim_feldblum/git/RedisJSON/bin/linux-x64-release/rejson.so --logfile /dev/null --dbfilename eec4d4007d1f4e4391a894ffe64e561e.master-1-test_keyspace_notifications_test_keyspace_bool-oss.rdb --enable-debug-command yes --enable-protected-configs yes[0m
[36mtest_keyspace_notifications:test_keyspace_bool[0m:
	[31;1m[ERROR][0m
	[31;1mUnhandled exception: Error 111 connecting to localhost:6409. Connection refused.[0m
Traceback (most recent call last):
  File "/home/ephraim_feldblum/venv/lib/python3.11/site-packages/redis/connection.py", line 264, in connect
    sock = self.retry.call_with_retry(
           ^^^^^^^^^^^^^^^^^^^^^^^^^^^
  File "/home/ephraim_feldblum/venv/lib/python3.11/site-packages/redis/retry.py", line 46, in call_with_retry
    return do()
           ^^^^
  File "/home/ephraim_feldblum/venv/lib/python3.11/site-packages/redis/connection.py", line 265, in <lambda>
    lambda: self._connect(), lambda error: self.disconnect(error)
            ^^^^^^^^^^^^^^^
  File "/home/ephraim_feldblum/venv/lib/python3.11/site-packages/redis/connection.py", line 627, in _connect
    raise err
  File "/home/ephraim_feldblum/venv/lib/python3.11/site-packages/redis/connection.py", line 615, in _connect
    sock.connect(socket_address)
ConnectionRefusedError: [Errno 111] Connection refused

During handling of the above exception, another exception occurred:

Traceback (most recent call last):
  File "/home/ephraim_feldblum/venv/lib/python3.11/site-packages/RLTest/__main__.py", line 715, in _runTest
    fn()
  File "/home/ephraim_feldblum/venv/lib/python3.11/site-packages/RLTest/__main__.py", line 704, in <lambda>
    fn = lambda: test.target(env)
                 ^^^^^^^^^^^^^^^^
  File "/home/ephraim_feldblum/git/RedisJSON/tests/pytest/test_keyspace_notifications.py", line 202, in test_keyspace_bool
    env.skipOnVersionSmaller('6.2')
  File "/home/ephraim_feldblum/venv/lib/python3.11/site-packages/RLTest/env.py", line 604, in skipOnVersionSmaller
    res = self.con.execute_command('INFO')
          ^^^^^^^^^^^^^^^^^^^^^^^^^^^^^^^^
  File "/home/ephraim_feldblum/venv/lib/python3.11/site-packages/redis/client.py", line 594, in execute_command
    conn = self.connection or pool.get_connection(command_name, **options)
                              ^^^^^^^^^^^^^^^^^^^^^^^^^^^^^^^^^^^^^^^^^^^^
  File "/home/ephraim_feldblum/venv/lib/python3.11/site-packages/redis/connection.py", line 1087, in get_connection
    connection.connect()
  File "/home/ephraim_feldblum/venv/lib/python3.11/site-packages/redis/connection.py", line 270, in connect
    raise ConnectionError(self._error_message(e))
redis.exceptions.ConnectionError: Error 111 connecting to localhost:6409. Connection refused.
[32mRedis master command: redis-server --port 6499 --loadmodule /home/ephraim_feldblum/git/RedisJSON/bin/linux-x64-release/rejson.so --logfile /dev/null --dbfilename 899a6bcc2fab43cbb468c4ef112d8d2b.master-1-test_keyspace_notifications_test_keyspace_set-oss.rdb --enable-debug-command yes --enable-protected-configs yes[0m
[36mtest_keyspace_notifications:test_keyspace_set[0m:
	[31;1m[ERROR][0m
	[31;1mUnhandled exception: Error 111 connecting to localhost:6499. Connection refused.[0m
Traceback (most recent call last):
  File "/home/ephraim_feldblum/venv/lib/python3.11/site-packages/redis/connection.py", line 264, in connect
    sock = self.retry.call_with_retry(
           ^^^^^^^^^^^^^^^^^^^^^^^^^^^
  File "/home/ephraim_feldblum/venv/lib/python3.11/site-packages/redis/retry.py", line 46, in call_with_retry
    return do()
           ^^^^
  File "/home/ephraim_feldblum/venv/lib/python3.11/site-packages/redis/connection.py", line 265, in <lambda>
    lambda: self._connect(), lambda error: self.disconnect(error)
            ^^^^^^^^^^^^^^^
  File "/home/ephraim_feldblum/venv/lib/python3.11/site-packages/redis/connection.py", line 627, in _connect
    raise err
  File "/home/ephraim_feldblum/venv/lib/python3.11/site-packages/redis/connection.py", line 615, in _connect
    sock.connect(socket_address)
ConnectionRefusedError: [Errno 111] Connection refused

During handling of the above exception, another exception occurred:

Traceback (most recent call last):
  File "/home/ephraim_feldblum/venv/lib/python3.11/site-packages/RLTest/__main__.py", line 715, in _runTest
    fn()
  File "/home/ephraim_feldblum/venv/lib/python3.11/site-packages/RLTest/__main__.py", line 704, in <lambda>
    fn = lambda: test.target(env)
                 ^^^^^^^^^^^^^^^^
  File "/home/ephraim_feldblum/git/RedisJSON/tests/pytest/test_keyspace_notifications.py", line 15, in test_keyspace_set
    env.skipOnVersionSmaller('6.2')
  File "/home/ephraim_feldblum/venv/lib/python3.11/site-packages/RLTest/env.py", line 604, in skipOnVersionSmaller
    res = self.con.execute_command('INFO')
          ^^^^^^^^^^^^^^^^^^^^^^^^^^^^^^^^
  File "/home/ephraim_feldblum/venv/lib/python3.11/site-packages/redis/client.py", line 594, in execute_command
    conn = self.connection or pool.get_connection(command_name, **options)
                              ^^^^^^^^^^^^^^^^^^^^^^^^^^^^^^^^^^^^^^^^^^^^
  File "/home/ephraim_feldblum/venv/lib/python3.11/site-packages/redis/connection.py", line 1087, in get_connection
    connection.connect()
  File "/home/ephraim_feldblum/venv/lib/python3.11/site-packages/redis/connection.py", line 270, in connect
    raise ConnectionError(self._error_message(e))
redis.exceptions.ConnectionError: Error 111 connecting to localhost:6499. Connection refused.
[32mRedis master command: redis-server --port 6529 --loadmodule /home/ephraim_feldblum/git/RedisJSON/bin/linux-x64-release/rejson.so --logfile /dev/null --dbfilename 24bfe07065af4980b3a95bc6ec5fa183.master-1-test_short_read_testCreateKeysRdbFile-oss.rdb --enable-debug-command yes --enable-protected-configs yes[0m
[36mtest_short_read:testCreateKeysRdbFile[0m:
	[31;1m[ERROR][0m
	[31;1mUnhandled exception: Error 111 connecting to localhost:6529. Connection refused.[0m
Traceback (most recent call last):
  File "/home/ephraim_feldblum/venv/lib/python3.11/site-packages/redis/connection.py", line 264, in connect
    sock = self.retry.call_with_retry(
           ^^^^^^^^^^^^^^^^^^^^^^^^^^^
  File "/home/ephraim_feldblum/venv/lib/python3.11/site-packages/redis/retry.py", line 46, in call_with_retry
    return do()
           ^^^^
  File "/home/ephraim_feldblum/venv/lib/python3.11/site-packages/redis/connection.py", line 265, in <lambda>
    lambda: self._connect(), lambda error: self.disconnect(error)
            ^^^^^^^^^^^^^^^
  File "/home/ephraim_feldblum/venv/lib/python3.11/site-packages/redis/connection.py", line 627, in _connect
    raise err
  File "/home/ephraim_feldblum/venv/lib/python3.11/site-packages/redis/connection.py", line 615, in _connect
    sock.connect(socket_address)
ConnectionRefusedError: [Errno 111] Connection refused

During handling of the above exception, another exception occurred:

Traceback (most recent call last):
  File "/home/ephraim_feldblum/venv/lib/python3.11/site-packages/RLTest/__main__.py", line 715, in _runTest
    fn()
  File "/home/ephraim_feldblum/venv/lib/python3.11/site-packages/RLTest/__main__.py", line 704, in <lambda>
    fn = lambda: test.target(env)
                 ^^^^^^^^^^^^^^^^
  File "/home/ephraim_feldblum/git/RedisJSON/tests/pytest/test_short_read.py", line 179, in testCreateKeysRdbFile
    env.skipOnVersionSmaller('6.2')  # Another alternative is to set env var SHORT_READ_BYTES_DELTA to be greater than 1 (in redis 6.0)
    ^^^^^^^^^^^^^^^^^^^^^^^^^^^^^^^
  File "/home/ephraim_feldblum/venv/lib/python3.11/site-packages/RLTest/env.py", line 604, in skipOnVersionSmaller
    res = self.con.execute_command('INFO')
          ^^^^^^^^^^^^^^^^^^^^^^^^^^^^^^^^
  File "/home/ephraim_feldblum/venv/lib/python3.11/site-packages/redis/client.py", line 594, in execute_command
    conn = self.connection or pool.get_connection(command_name, **options)
                              ^^^^^^^^^^^^^^^^^^^^^^^^^^^^^^^^^^^^^^^^^^^^
  File "/home/ephraim_feldblum/venv/lib/python3.11/site-packages/redis/connection.py", line 1087, in get_connection
    connection.connect()
  File "/home/ephraim_feldblum/venv/lib/python3.11/site-packages/redis/connection.py", line 270, in connect
    raise ConnectionError(self._error_message(e))
redis.exceptions.ConnectionError: Error 111 connecting to localhost:6529. Connection refused.
[32mRedis master command: redis-server --port 6589 --loadmodule /home/ephraim_feldblum/git/RedisJSON/bin/linux-x64-release/rejson.so --logfile /dev/null --dbfilename 42e517a7e9734ddbb33126a27527246b.master-1-test_short_read_testShortReadJson-oss.rdb --enable-debug-command yes --enable-protected-configs yes[0m
[36mtest_short_read:testShortReadJson[0m:
	[31;1m[ERROR][0m
	[31;1mUnhandled exception: Error 111 connecting to localhost:6589. Connection refused.[0m
Traceback (most recent call last):
  File "/home/ephraim_feldblum/venv/lib/python3.11/site-packages/redis/connection.py", line 264, in connect
    sock = self.retry.call_with_retry(
           ^^^^^^^^^^^^^^^^^^^^^^^^^^^
  File "/home/ephraim_feldblum/venv/lib/python3.11/site-packages/redis/retry.py", line 46, in call_with_retry
    return do()
           ^^^^
  File "/home/ephraim_feldblum/venv/lib/python3.11/site-packages/redis/connection.py", line 265, in <lambda>
    lambda: self._connect(), lambda error: self.disconnect(error)
            ^^^^^^^^^^^^^^^
  File "/home/ephraim_feldblum/venv/lib/python3.11/site-packages/redis/connection.py", line 627, in _connect
    raise err
  File "/home/ephraim_feldblum/venv/lib/python3.11/site-packages/redis/connection.py", line 615, in _connect
    sock.connect(socket_address)
ConnectionRefusedError: [Errno 111] Connection refused

During handling of the above exception, another exception occurred:

Traceback (most recent call last):
  File "/home/ephraim_feldblum/venv/lib/python3.11/site-packages/RLTest/__main__.py", line 715, in _runTest
    fn()
  File "/home/ephraim_feldblum/venv/lib/python3.11/site-packages/RLTest/__main__.py", line 704, in <lambda>
    fn = lambda: test.target(env)
                 ^^^^^^^^^^^^^^^^
  File "/home/ephraim_feldblum/git/RedisJSON/tests/pytest/test_short_read.py", line 424, in testShortReadJson
    env.skipOnVersionSmaller('6.2')  # Another alternative is to set env var SHORT_READ_BYTES_DELTA to be greater than 1 (in redis 6.0)
    ^^^^^^^^^^^^^^^^^^^^^^^^^^^^^^^
  File "/home/ephraim_feldblum/venv/lib/python3.11/site-packages/RLTest/env.py", line 604, in skipOnVersionSmaller
    res = self.con.execute_command('INFO')
          ^^^^^^^^^^^^^^^^^^^^^^^^^^^^^^^^
  File "/home/ephraim_feldblum/venv/lib/python3.11/site-packages/redis/client.py", line 594, in execute_command
    conn = self.connection or pool.get_connection(command_name, **options)
                              ^^^^^^^^^^^^^^^^^^^^^^^^^^^^^^^^^^^^^^^^^^^^
  File "/home/ephraim_feldblum/venv/lib/python3.11/site-packages/redis/connection.py", line 1087, in get_connection
    connection.connect()
  File "/home/ephraim_feldblum/venv/lib/python3.11/site-packages/redis/connection.py", line 270, in connect
    raise ConnectionError(self._error_message(e))
redis.exceptions.ConnectionError: Error 111 connecting to localhost:6589. Connection refused.
[32mRedis master command: redis-server --port 6559 --loadmodule /home/ephraim_feldblum/git/RedisJSON/bin/linux-x64-release/rejson.so --logfile /dev/null --dbfilename f2c07377802143c79c8d957a0266ad3b.master-1-test_multi_testArrAppendCommand-oss.rdb --enable-debug-command yes --enable-protected-configs yes[0m
[36mtest_multi:testArrAppendCommand[0m:
	[31;1m[ERROR][0m
	[31;1mUnhandled exception: Error 111 connecting to localhost:6559. Connection refused.[0m
Traceback (most recent call last):
  File "/home/ephraim_feldblum/venv/lib/python3.11/site-packages/redis/connection.py", line 264, in connect
    sock = self.retry.call_with_retry(
           ^^^^^^^^^^^^^^^^^^^^^^^^^^^
  File "/home/ephraim_feldblum/venv/lib/python3.11/site-packages/redis/retry.py", line 46, in call_with_retry
    return do()
           ^^^^
  File "/home/ephraim_feldblum/venv/lib/python3.11/site-packages/redis/connection.py", line 265, in <lambda>
    lambda: self._connect(), lambda error: self.disconnect(error)
            ^^^^^^^^^^^^^^^
  File "/home/ephraim_feldblum/venv/lib/python3.11/site-packages/redis/connection.py", line 627, in _connect
    raise err
  File "/home/ephraim_feldblum/venv/lib/python3.11/site-packages/redis/connection.py", line 615, in _connect
    sock.connect(socket_address)
ConnectionRefusedError: [Errno 111] Connection refused

During handling of the above exception, another exception occurred:

Traceback (most recent call last):
  File "/home/ephraim_feldblum/venv/lib/python3.11/site-packages/RLTest/__main__.py", line 715, in _runTest
    fn()
  File "/home/ephraim_feldblum/venv/lib/python3.11/site-packages/RLTest/__main__.py", line 704, in <lambda>
    fn = lambda: test.target(env)
                 ^^^^^^^^^^^^^^^^
  File "/home/ephraim_feldblum/git/RedisJSON/tests/pytest/test_multi.py", line 439, in testArrAppendCommand
    r.assertOk(r.execute_command('JSON.SET', 'doc1', '$', '{"a":["foo"], "nested1": {"a": ["hello", null, "world"]}, "nested2": {"a": 31}}'))
               ^^^^^^^^^^^^^^^^^^^^^^^^^^^^^^^^^^^^^^^^^^^^^^^^^^^^^^^^^^^^^^^^^^^^^^^^^^^^^^^^^^^^^^^^^^^^^^^^^^^^^^^^^^^^^^^^^^^^^^^^^^^^^
  File "/home/ephraim_feldblum/venv/lib/python3.11/site-packages/RLTest/env.py", line 26, in method
    return target(*argc, **nargs)
           ^^^^^^^^^^^^^^^^^^^^^^
  File "/home/ephraim_feldblum/venv/lib/python3.11/site-packages/RLTest/env.py", line 504, in cmd
    res = self.con.execute_command(*query, **options)
          ^^^^^^^^^^^^^^^^^^^^^^^^^^^^^^^^^^^^^^^^^^^
  File "/home/ephraim_feldblum/venv/lib/python3.11/site-packages/redis/client.py", line 594, in execute_command
    conn = self.connection or pool.get_connection(command_name, **options)
                              ^^^^^^^^^^^^^^^^^^^^^^^^^^^^^^^^^^^^^^^^^^^^
  File "/home/ephraim_feldblum/venv/lib/python3.11/site-packages/redis/connection.py", line 1087, in get_connection
    connection.connect()
  File "/home/ephraim_feldblum/venv/lib/python3.11/site-packages/redis/connection.py", line 270, in connect
    raise ConnectionError(self._error_message(e))
redis.exceptions.ConnectionError: Error 111 connecting to localhost:6559. Connection refused.
[32mRedis master command: redis-server --port 6469 --loadmodule /home/ephraim_feldblum/git/RedisJSON/bin/linux-x64-release/rejson.so --logfile /dev/null --dbfilename 3957dcb5fcbe4f488a20452d401d9045.master-1-test_keyspace_notifications_test_keyspace_num-oss.rdb --enable-debug-command yes --enable-protected-configs yes[0m
[36mtest_keyspace_notifications:test_keyspace_num[0m:
	[31;1m[ERROR][0m
	[31;1mUnhandled exception: Error 111 connecting to localhost:6469. Connection refused.[0m
Traceback (most recent call last):
  File "/home/ephraim_feldblum/venv/lib/python3.11/site-packages/redis/connection.py", line 264, in connect
    sock = self.retry.call_with_retry(
           ^^^^^^^^^^^^^^^^^^^^^^^^^^^
  File "/home/ephraim_feldblum/venv/lib/python3.11/site-packages/redis/retry.py", line 46, in call_with_retry
    return do()
           ^^^^
  File "/home/ephraim_feldblum/venv/lib/python3.11/site-packages/redis/connection.py", line 265, in <lambda>
    lambda: self._connect(), lambda error: self.disconnect(error)
            ^^^^^^^^^^^^^^^
  File "/home/ephraim_feldblum/venv/lib/python3.11/site-packages/redis/connection.py", line 627, in _connect
    raise err
  File "/home/ephraim_feldblum/venv/lib/python3.11/site-packages/redis/connection.py", line 615, in _connect
    sock.connect(socket_address)
ConnectionRefusedError: [Errno 111] Connection refused

During handling of the above exception, another exception occurred:

Traceback (most recent call last):
  File "/home/ephraim_feldblum/venv/lib/python3.11/site-packages/RLTest/__main__.py", line 715, in _runTest
    fn()
  File "/home/ephraim_feldblum/venv/lib/python3.11/site-packages/RLTest/__main__.py", line 704, in <lambda>
    fn = lambda: test.target(env)
                 ^^^^^^^^^^^^^^^^
  File "/home/ephraim_feldblum/git/RedisJSON/tests/pytest/test_keyspace_notifications.py", line 164, in test_keyspace_num
    env.skipOnVersionSmaller('6.2')
  File "/home/ephraim_feldblum/venv/lib/python3.11/site-packages/RLTest/env.py", line 604, in skipOnVersionSmaller
    res = self.con.execute_command('INFO')
          ^^^^^^^^^^^^^^^^^^^^^^^^^^^^^^^^
  File "/home/ephraim_feldblum/venv/lib/python3.11/site-packages/redis/client.py", line 594, in execute_command
    conn = self.connection or pool.get_connection(command_name, **options)
                              ^^^^^^^^^^^^^^^^^^^^^^^^^^^^^^^^^^^^^^^^^^^^
  File "/home/ephraim_feldblum/venv/lib/python3.11/site-packages/redis/connection.py", line 1087, in get_connection
    connection.connect()
  File "/home/ephraim_feldblum/venv/lib/python3.11/site-packages/redis/connection.py", line 270, in connect
    raise ConnectionError(self._error_message(e))
redis.exceptions.ConnectionError: Error 111 connecting to localhost:6469. Connection refused.
[32mRedis master command: redis-server --port 6439 --loadmodule /home/ephraim_feldblum/git/RedisJSON/bin/linux-x64-release/rejson.so --logfile /dev/null --dbfilename 78f63e45b48e4e6e8269990f710aa113.master-1-test_multi_testArrIndexCommand-oss.rdb --enable-debug-command yes --enable-protected-configs yes[0m
[36mtest_multi:testArrIndexCommand[0m:
	[31;1m[ERROR][0m
	[31;1mUnhandled exception: Error 111 connecting to localhost:6439. Connection refused.[0m
Traceback (most recent call last):
  File "/home/ephraim_feldblum/venv/lib/python3.11/site-packages/redis/connection.py", line 264, in connect
    sock = self.retry.call_with_retry(
           ^^^^^^^^^^^^^^^^^^^^^^^^^^^
  File "/home/ephraim_feldblum/venv/lib/python3.11/site-packages/redis/retry.py", line 46, in call_with_retry
    return do()
           ^^^^
  File "/home/ephraim_feldblum/venv/lib/python3.11/site-packages/redis/connection.py", line 265, in <lambda>
    lambda: self._connect(), lambda error: self.disconnect(error)
            ^^^^^^^^^^^^^^^
  File "/home/ephraim_feldblum/venv/lib/python3.11/site-packages/redis/connection.py", line 627, in _connect
    raise err
  File "/home/ephraim_feldblum/venv/lib/python3.11/site-packages/redis/connection.py", line 615, in _connect
    sock.connect(socket_address)
ConnectionRefusedError: [Errno 111] Connection refused

During handling of the above exception, another exception occurred:

Traceback (most recent call last):
  File "/home/ephraim_feldblum/venv/lib/python3.11/site-packages/RLTest/__main__.py", line 715, in _runTest
    fn()
  File "/home/ephraim_feldblum/venv/lib/python3.11/site-packages/RLTest/__main__.py", line 704, in <lambda>
    fn = lambda: test.target(env)
                 ^^^^^^^^^^^^^^^^
  File "/home/ephraim_feldblum/git/RedisJSON/tests/pytest/test_multi.py", line 931, in testArrIndexCommand
    r.assertOk(r.execute_command('JSON.SET',
               ^^^^^^^^^^^^^^^^^^^^^^^^^^^^^
  File "/home/ephraim_feldblum/venv/lib/python3.11/site-packages/RLTest/env.py", line 26, in method
    return target(*argc, **nargs)
           ^^^^^^^^^^^^^^^^^^^^^^
  File "/home/ephraim_feldblum/venv/lib/python3.11/site-packages/RLTest/env.py", line 504, in cmd
    res = self.con.execute_command(*query, **options)
          ^^^^^^^^^^^^^^^^^^^^^^^^^^^^^^^^^^^^^^^^^^^
  File "/home/ephraim_feldblum/venv/lib/python3.11/site-packages/redis/client.py", line 594, in execute_command
    conn = self.connection or pool.get_connection(command_name, **options)
                              ^^^^^^^^^^^^^^^^^^^^^^^^^^^^^^^^^^^^^^^^^^^^
  File "/home/ephraim_feldblum/venv/lib/python3.11/site-packages/redis/connection.py", line 1087, in get_connection
    connection.connect()
  File "/home/ephraim_feldblum/venv/lib/python3.11/site-packages/redis/connection.py", line 270, in connect
    raise ConnectionError(self._error_message(e))
redis.exceptions.ConnectionError: Error 111 connecting to localhost:6439. Connection refused.
[32mRedis master command: redis-server --port 6379 --loadmodule /home/ephraim_feldblum/git/RedisJSON/bin/linux-x64-release/rejson.so --logfile /dev/null --dbfilename ee6c39dd9f0e4cfa88e3d5c3091b1d12.master-1-test_multi_testArrInsertCommand-oss.rdb --enable-debug-command yes --enable-protected-configs yes[0m
[36mtest_multi:testArrInsertCommand[0m:
	[31;1m[ERROR][0m
	[31;1mUnhandled exception: Error 111 connecting to localhost:6379. Connection refused.[0m
Traceback (most recent call last):
  File "/home/ephraim_feldblum/venv/lib/python3.11/site-packages/redis/connection.py", line 264, in connect
    sock = self.retry.call_with_retry(
           ^^^^^^^^^^^^^^^^^^^^^^^^^^^
  File "/home/ephraim_feldblum/venv/lib/python3.11/site-packages/redis/retry.py", line 46, in call_with_retry
    return do()
           ^^^^
  File "/home/ephraim_feldblum/venv/lib/python3.11/site-packages/redis/connection.py", line 265, in <lambda>
    lambda: self._connect(), lambda error: self.disconnect(error)
            ^^^^^^^^^^^^^^^
  File "/home/ephraim_feldblum/venv/lib/python3.11/site-packages/redis/connection.py", line 627, in _connect
    raise err
  File "/home/ephraim_feldblum/venv/lib/python3.11/site-packages/redis/connection.py", line 615, in _connect
    sock.connect(socket_address)
ConnectionRefusedError: [Errno 111] Connection refused

During handling of the above exception, another exception occurred:

Traceback (most recent call last):
  File "/home/ephraim_feldblum/venv/lib/python3.11/site-packages/RLTest/__main__.py", line 715, in _runTest
    fn()
  File "/home/ephraim_feldblum/venv/lib/python3.11/site-packages/RLTest/__main__.py", line 704, in <lambda>
    fn = lambda: test.target(env)
                 ^^^^^^^^^^^^^^^^
  File "/home/ephraim_feldblum/git/RedisJSON/tests/pytest/test_multi.py", line 477, in testArrInsertCommand
    r.assertOk(r.execute_command('JSON.SET', 'doc1', '$', '{"a":["foo"], "nested1": {"a": ["hello", null, "world"]}, "nested2": {"a": 31}}'))
               ^^^^^^^^^^^^^^^^^^^^^^^^^^^^^^^^^^^^^^^^^^^^^^^^^^^^^^^^^^^^^^^^^^^^^^^^^^^^^^^^^^^^^^^^^^^^^^^^^^^^^^^^^^^^^^^^^^^^^^^^^^^^^
  File "/home/ephraim_feldblum/venv/lib/python3.11/site-packages/RLTest/env.py", line 26, in method
    return target(*argc, **nargs)
           ^^^^^^^^^^^^^^^^^^^^^^
  File "/home/ephraim_feldblum/venv/lib/python3.11/site-packages/RLTest/env.py", line 504, in cmd
    res = self.con.execute_command(*query, **options)
          ^^^^^^^^^^^^^^^^^^^^^^^^^^^^^^^^^^^^^^^^^^^
  File "/home/ephraim_feldblum/venv/lib/python3.11/site-packages/redis/client.py", line 594, in execute_command
    conn = self.connection or pool.get_connection(command_name, **options)
                              ^^^^^^^^^^^^^^^^^^^^^^^^^^^^^^^^^^^^^^^^^^^^
  File "/home/ephraim_feldblum/venv/lib/python3.11/site-packages/redis/connection.py", line 1087, in get_connection
    connection.connect()
  File "/home/ephraim_feldblum/venv/lib/python3.11/site-packages/redis/connection.py", line 270, in connect
    raise ConnectionError(self._error_message(e))
redis.exceptions.ConnectionError: Error 111 connecting to localhost:6379. Connection refused.
[32mRedis master command: redis-server --port 6409 --loadmodule /home/ephraim_feldblum/git/RedisJSON/bin/linux-x64-release/rejson.so --logfile /dev/null --dbfilename c6848ab5efbf4e749c56a829bc299b5f.master-1-test_multi_testArrLenCommand-oss.rdb --enable-debug-command yes --enable-protected-configs yes[0m
[36mtest_multi:testArrLenCommand[0m:
	[31;1m[ERROR][0m
	[31;1mUnhandled exception: Error 111 connecting to localhost:6409. Connection refused.[0m
Traceback (most recent call last):
  File "/home/ephraim_feldblum/venv/lib/python3.11/site-packages/redis/connection.py", line 264, in connect
    sock = self.retry.call_with_retry(
           ^^^^^^^^^^^^^^^^^^^^^^^^^^^
  File "/home/ephraim_feldblum/venv/lib/python3.11/site-packages/redis/retry.py", line 46, in call_with_retry
    return do()
           ^^^^
  File "/home/ephraim_feldblum/venv/lib/python3.11/site-packages/redis/connection.py", line 265, in <lambda>
    lambda: self._connect(), lambda error: self.disconnect(error)
            ^^^^^^^^^^^^^^^
  File "/home/ephraim_feldblum/venv/lib/python3.11/site-packages/redis/connection.py", line 627, in _connect
    raise err
  File "/home/ephraim_feldblum/venv/lib/python3.11/site-packages/redis/connection.py", line 615, in _connect
    sock.connect(socket_address)
ConnectionRefusedError: [Errno 111] Connection refused

During handling of the above exception, another exception occurred:

Traceback (most recent call last):
  File "/home/ephraim_feldblum/venv/lib/python3.11/site-packages/RLTest/__main__.py", line 715, in _runTest
    fn()
  File "/home/ephraim_feldblum/venv/lib/python3.11/site-packages/RLTest/__main__.py", line 704, in <lambda>
    fn = lambda: test.target(env)
                 ^^^^^^^^^^^^^^^^
  File "/home/ephraim_feldblum/git/RedisJSON/tests/pytest/test_multi.py", line 515, in testArrLenCommand
    r.assertOk(r.execute_command('JSON.SET', 'doc1', '$', '{"a":["foo"], "nested1": {"a": ["hello", null, "world"]}, "nested2": {"a": 31}}'))
               ^^^^^^^^^^^^^^^^^^^^^^^^^^^^^^^^^^^^^^^^^^^^^^^^^^^^^^^^^^^^^^^^^^^^^^^^^^^^^^^^^^^^^^^^^^^^^^^^^^^^^^^^^^^^^^^^^^^^^^^^^^^^^
  File "/home/ephraim_feldblum/venv/lib/python3.11/site-packages/RLTest/env.py", line 26, in method
    return target(*argc, **nargs)
           ^^^^^^^^^^^^^^^^^^^^^^
  File "/home/ephraim_feldblum/venv/lib/python3.11/site-packages/RLTest/env.py", line 504, in cmd
    res = self.con.execute_command(*query, **options)
          ^^^^^^^^^^^^^^^^^^^^^^^^^^^^^^^^^^^^^^^^^^^
  File "/home/ephraim_feldblum/venv/lib/python3.11/site-packages/redis/client.py", line 594, in execute_command
    conn = self.connection or pool.get_connection(command_name, **options)
                              ^^^^^^^^^^^^^^^^^^^^^^^^^^^^^^^^^^^^^^^^^^^^
  File "/home/ephraim_feldblum/venv/lib/python3.11/site-packages/redis/connection.py", line 1087, in get_connection
    connection.connect()
  File "/home/ephraim_feldblum/venv/lib/python3.11/site-packages/redis/connection.py", line 270, in connect
    raise ConnectionError(self._error_message(e))
redis.exceptions.ConnectionError: Error 111 connecting to localhost:6409. Connection refused.
[32mRedis master command: redis-server --port 6499 --loadmodule /home/ephraim_feldblum/git/RedisJSON/bin/linux-x64-release/rejson.so --logfile /dev/null --dbfilename 2c92d630a7d9467ebbed5973624f89a9.master-1-test_multi_testArrPopCommand-oss.rdb --enable-debug-command yes --enable-protected-configs yes[0m
[36mtest_multi:testArrPopCommand[0m:
	[31;1m[ERROR][0m
	[31;1mUnhandled exception: Error 111 connecting to localhost:6499. Connection refused.[0m
Traceback (most recent call last):
  File "/home/ephraim_feldblum/venv/lib/python3.11/site-packages/redis/connection.py", line 264, in connect
    sock = self.retry.call_with_retry(
           ^^^^^^^^^^^^^^^^^^^^^^^^^^^
  File "/home/ephraim_feldblum/venv/lib/python3.11/site-packages/redis/retry.py", line 46, in call_with_retry
    return do()
           ^^^^
  File "/home/ephraim_feldblum/venv/lib/python3.11/site-packages/redis/connection.py", line 265, in <lambda>
    lambda: self._connect(), lambda error: self.disconnect(error)
            ^^^^^^^^^^^^^^^
  File "/home/ephraim_feldblum/venv/lib/python3.11/site-packages/redis/connection.py", line 627, in _connect
    raise err
  File "/home/ephraim_feldblum/venv/lib/python3.11/site-packages/redis/connection.py", line 615, in _connect
    sock.connect(socket_address)
ConnectionRefusedError: [Errno 111] Connection refused

During handling of the above exception, another exception occurred:

Traceback (most recent call last):
  File "/home/ephraim_feldblum/venv/lib/python3.11/site-packages/RLTest/__main__.py", line 715, in _runTest
    fn()
  File "/home/ephraim_feldblum/venv/lib/python3.11/site-packages/RLTest/__main__.py", line 704, in <lambda>
    fn = lambda: test.target(env)
                 ^^^^^^^^^^^^^^^^
  File "/home/ephraim_feldblum/git/RedisJSON/tests/pytest/test_multi.py", line 556, in testArrPopCommand
    r.assertOk(r.execute_command('JSON.SET', 'doc1', '$', '{"a":["foo"], "nested1": {"a": ["hello", null, "world"]}, "nested2": {"a": 31}}'))
               ^^^^^^^^^^^^^^^^^^^^^^^^^^^^^^^^^^^^^^^^^^^^^^^^^^^^^^^^^^^^^^^^^^^^^^^^^^^^^^^^^^^^^^^^^^^^^^^^^^^^^^^^^^^^^^^^^^^^^^^^^^^^^
  File "/home/ephraim_feldblum/venv/lib/python3.11/site-packages/RLTest/env.py", line 26, in method
    return target(*argc, **nargs)
           ^^^^^^^^^^^^^^^^^^^^^^
  File "/home/ephraim_feldblum/venv/lib/python3.11/site-packages/RLTest/env.py", line 504, in cmd
    res = self.con.execute_command(*query, **options)
          ^^^^^^^^^^^^^^^^^^^^^^^^^^^^^^^^^^^^^^^^^^^
  File "/home/ephraim_feldblum/venv/lib/python3.11/site-packages/redis/client.py", line 594, in execute_command
    conn = self.connection or pool.get_connection(command_name, **options)
                              ^^^^^^^^^^^^^^^^^^^^^^^^^^^^^^^^^^^^^^^^^^^^
  File "/home/ephraim_feldblum/venv/lib/python3.11/site-packages/redis/connection.py", line 1087, in get_connection
    connection.connect()
  File "/home/ephraim_feldblum/venv/lib/python3.11/site-packages/redis/connection.py", line 270, in connect
    raise ConnectionError(self._error_message(e))
redis.exceptions.ConnectionError: Error 111 connecting to localhost:6499. Connection refused.
[32mRedis master command: redis-server --port 6529 --loadmodule /home/ephraim_feldblum/git/RedisJSON/bin/linux-x64-release/rejson.so --logfile /dev/null --dbfilename 56c507e99cda4056b6e6da90b9ae7f7a.master-1-test_multi_testArrTrimCommand-oss.rdb --enable-debug-command yes --enable-protected-configs yes[0m
[36mtest_multi:testArrTrimCommand[0m:
	[31;1m[ERROR][0m
	[31;1mUnhandled exception: Error 111 connecting to localhost:6529. Connection refused.[0m
Traceback (most recent call last):
  File "/home/ephraim_feldblum/venv/lib/python3.11/site-packages/redis/connection.py", line 264, in connect
    sock = self.retry.call_with_retry(
           ^^^^^^^^^^^^^^^^^^^^^^^^^^^
  File "/home/ephraim_feldblum/venv/lib/python3.11/site-packages/redis/retry.py", line 46, in call_with_retry
    return do()
           ^^^^
  File "/home/ephraim_feldblum/venv/lib/python3.11/site-packages/redis/connection.py", line 265, in <lambda>
    lambda: self._connect(), lambda error: self.disconnect(error)
            ^^^^^^^^^^^^^^^
  File "/home/ephraim_feldblum/venv/lib/python3.11/site-packages/redis/connection.py", line 627, in _connect
    raise err
  File "/home/ephraim_feldblum/venv/lib/python3.11/site-packages/redis/connection.py", line 615, in _connect
    sock.connect(socket_address)
ConnectionRefusedError: [Errno 111] Connection refused

During handling of the above exception, another exception occurred:

Traceback (most recent call last):
  File "/home/ephraim_feldblum/venv/lib/python3.11/site-packages/RLTest/__main__.py", line 715, in _runTest
    fn()
  File "/home/ephraim_feldblum/venv/lib/python3.11/site-packages/RLTest/__main__.py", line 704, in <lambda>
    fn = lambda: test.target(env)
                 ^^^^^^^^^^^^^^^^
  File "/home/ephraim_feldblum/git/RedisJSON/tests/pytest/test_multi.py", line 609, in testArrTrimCommand
    r.assertOk(r.execute_command('JSON.SET', 'doc1', '$', '{"a":["foo"], "nested1": {"a": ["hello", null, "world"]}, "nested2": {"a": 31}}'))
               ^^^^^^^^^^^^^^^^^^^^^^^^^^^^^^^^^^^^^^^^^^^^^^^^^^^^^^^^^^^^^^^^^^^^^^^^^^^^^^^^^^^^^^^^^^^^^^^^^^^^^^^^^^^^^^^^^^^^^^^^^^^^^
  File "/home/ephraim_feldblum/venv/lib/python3.11/site-packages/RLTest/env.py", line 26, in method
    return target(*argc, **nargs)
           ^^^^^^^^^^^^^^^^^^^^^^
  File "/home/ephraim_feldblum/venv/lib/python3.11/site-packages/RLTest/env.py", line 504, in cmd
    res = self.con.execute_command(*query, **options)
          ^^^^^^^^^^^^^^^^^^^^^^^^^^^^^^^^^^^^^^^^^^^
  File "/home/ephraim_feldblum/venv/lib/python3.11/site-packages/redis/client.py", line 594, in execute_command
    conn = self.connection or pool.get_connection(command_name, **options)
                              ^^^^^^^^^^^^^^^^^^^^^^^^^^^^^^^^^^^^^^^^^^^^
  File "/home/ephraim_feldblum/venv/lib/python3.11/site-packages/redis/connection.py", line 1087, in get_connection
    connection.connect()
  File "/home/ephraim_feldblum/venv/lib/python3.11/site-packages/redis/connection.py", line 270, in connect
    raise ConnectionError(self._error_message(e))
redis.exceptions.ConnectionError: Error 111 connecting to localhost:6529. Connection refused.
[32mRedis master command: redis-server --port 6589 --loadmodule /home/ephraim_feldblum/git/RedisJSON/bin/linux-x64-release/rejson.so --logfile /dev/null --dbfilename 842a09c05f884c4284d8cb37d5fa2810.master-1-test_multi_testClearCommand-oss.rdb --enable-debug-command yes --enable-protected-configs yes[0m
[36mtest_multi:testClearCommand[0m:
	[31;1m[ERROR][0m
	[31;1mUnhandled exception: Error 111 connecting to localhost:6589. Connection refused.[0m
Traceback (most recent call last):
  File "/home/ephraim_feldblum/venv/lib/python3.11/site-packages/redis/connection.py", line 264, in connect
    sock = self.retry.call_with_retry(
           ^^^^^^^^^^^^^^^^^^^^^^^^^^^
  File "/home/ephraim_feldblum/venv/lib/python3.11/site-packages/redis/retry.py", line 46, in call_with_retry
    return do()
           ^^^^
  File "/home/ephraim_feldblum/venv/lib/python3.11/site-packages/redis/connection.py", line 265, in <lambda>
    lambda: self._connect(), lambda error: self.disconnect(error)
            ^^^^^^^^^^^^^^^
  File "/home/ephraim_feldblum/venv/lib/python3.11/site-packages/redis/connection.py", line 627, in _connect
    raise err
  File "/home/ephraim_feldblum/venv/lib/python3.11/site-packages/redis/connection.py", line 615, in _connect
    sock.connect(socket_address)
ConnectionRefusedError: [Errno 111] Connection refused

During handling of the above exception, another exception occurred:

Traceback (most recent call last):
  File "/home/ephraim_feldblum/venv/lib/python3.11/site-packages/RLTest/__main__.py", line 715, in _runTest
    fn()
  File "/home/ephraim_feldblum/venv/lib/python3.11/site-packages/RLTest/__main__.py", line 704, in <lambda>
    fn = lambda: test.target(env)
                 ^^^^^^^^^^^^^^^^
  File "/home/ephraim_feldblum/git/RedisJSON/tests/pytest/test_multi.py", line 764, in testClearCommand
    r.assertOk(r.execute_command('JSON.SET', 'doc1', '$', '{"nested1": {"a": {"foo": 10, "bar": 20}}, "a":["foo"], "nested2": {"a": "claro"}, "nested3": {"a": {"baz":50}}}'))
               ^^^^^^^^^^^^^^^^^^^^^^^^^^^^^^^^^^^^^^^^^^^^^^^^^^^^^^^^^^^^^^^^^^^^^^^^^^^^^^^^^^^^^^^^^^^^^^^^^^^^^^^^^^^^^^^^^^^^^^^^^^^^^^^^^^^^^^^^^^^^^^^^^^^^^^^^^^^^^^
  File "/home/ephraim_feldblum/venv/lib/python3.11/site-packages/RLTest/env.py", line 26, in method
    return target(*argc, **nargs)
           ^^^^^^^^^^^^^^^^^^^^^^
  File "/home/ephraim_feldblum/venv/lib/python3.11/site-packages/RLTest/env.py", line 504, in cmd
    res = self.con.execute_command(*query, **options)
          ^^^^^^^^^^^^^^^^^^^^^^^^^^^^^^^^^^^^^^^^^^^
  File "/home/ephraim_feldblum/venv/lib/python3.11/site-packages/redis/client.py", line 594, in execute_command
    conn = self.connection or pool.get_connection(command_name, **options)
                              ^^^^^^^^^^^^^^^^^^^^^^^^^^^^^^^^^^^^^^^^^^^^
  File "/home/ephraim_feldblum/venv/lib/python3.11/site-packages/redis/connection.py", line 1087, in get_connection
    connection.connect()
  File "/home/ephraim_feldblum/venv/lib/python3.11/site-packages/redis/connection.py", line 270, in connect
    raise ConnectionError(self._error_message(e))
redis.exceptions.ConnectionError: Error 111 connecting to localhost:6589. Connection refused.
[32mRedis master command: redis-server --port 6559 --loadmodule /home/ephraim_feldblum/git/RedisJSON/bin/linux-x64-release/rejson.so --logfile /dev/null --dbfilename 6e8ea11ceea2481f8b32179724f69461.master-1-test_multi_testDebugCommand-oss.rdb --enable-debug-command yes --enable-protected-configs yes[0m
[36mtest_multi:testDebugCommand[0m:
	[31;1m[ERROR][0m
	[31;1mUnhandled exception: Error 111 connecting to localhost:6559. Connection refused.[0m
Traceback (most recent call last):
  File "/home/ephraim_feldblum/venv/lib/python3.11/site-packages/redis/connection.py", line 264, in connect
    sock = self.retry.call_with_retry(
           ^^^^^^^^^^^^^^^^^^^^^^^^^^^
  File "/home/ephraim_feldblum/venv/lib/python3.11/site-packages/redis/retry.py", line 46, in call_with_retry
    return do()
           ^^^^
  File "/home/ephraim_feldblum/venv/lib/python3.11/site-packages/redis/connection.py", line 265, in <lambda>
    lambda: self._connect(), lambda error: self.disconnect(error)
            ^^^^^^^^^^^^^^^
  File "/home/ephraim_feldblum/venv/lib/python3.11/site-packages/redis/connection.py", line 627, in _connect
    raise err
  File "/home/ephraim_feldblum/venv/lib/python3.11/site-packages/redis/connection.py", line 615, in _connect
    sock.connect(socket_address)
ConnectionRefusedError: [Errno 111] Connection refused

During handling of the above exception, another exception occurred:

Traceback (most recent call last):
  File "/home/ephraim_feldblum/venv/lib/python3.11/site-packages/RLTest/__main__.py", line 715, in _runTest
    fn()
  File "/home/ephraim_feldblum/venv/lib/python3.11/site-packages/RLTest/__main__.py", line 704, in <lambda>
    fn = lambda: test.target(env)
                 ^^^^^^^^^^^^^^^^
  File "/home/ephraim_feldblum/git/RedisJSON/tests/pytest/common.py", line 44, in wrapper
    return f(env, *args, **kwargs)
           ^^^^^^^^^^^^^^^^^^^^^^^
  File "/home/ephraim_feldblum/git/RedisJSON/tests/pytest/test_multi.py", line 841, in testDebugCommand
    r.assertOk(r.execute_command('JSON.SET', 'doc1', '$', json.dumps(jdata)))
               ^^^^^^^^^^^^^^^^^^^^^^^^^^^^^^^^^^^^^^^^^^^^^^^^^^^^^^^^^^^^^
  File "/home/ephraim_feldblum/venv/lib/python3.11/site-packages/RLTest/env.py", line 26, in method
    return target(*argc, **nargs)
           ^^^^^^^^^^^^^^^^^^^^^^
  File "/home/ephraim_feldblum/venv/lib/python3.11/site-packages/RLTest/env.py", line 504, in cmd
    res = self.con.execute_command(*query, **options)
          ^^^^^^^^^^^^^^^^^^^^^^^^^^^^^^^^^^^^^^^^^^^
  File "/home/ephraim_feldblum/venv/lib/python3.11/site-packages/redis/client.py", line 594, in execute_command
    conn = self.connection or pool.get_connection(command_name, **options)
                              ^^^^^^^^^^^^^^^^^^^^^^^^^^^^^^^^^^^^^^^^^^^^
  File "/home/ephraim_feldblum/venv/lib/python3.11/site-packages/redis/connection.py", line 1087, in get_connection
    connection.connect()
  File "/home/ephraim_feldblum/venv/lib/python3.11/site-packages/redis/connection.py", line 270, in connect
    raise ConnectionError(self._error_message(e))
redis.exceptions.ConnectionError: Error 111 connecting to localhost:6559. Connection refused.
[32mRedis master command: redis-server --port 6469 --loadmodule /home/ephraim_feldblum/git/RedisJSON/bin/linux-x64-release/rejson.so --logfile /dev/null --dbfilename dcc844e4904545cd87797ed1a066a7c3.master-1-test_multi_testDelCommand-oss.rdb --enable-debug-command yes --enable-protected-configs yes[0m
[36mtest_multi:testDelCommand[0m:
	[31;1m[ERROR][0m
	[31;1mUnhandled exception: Error 111 connecting to localhost:6469. Connection refused.[0m
Traceback (most recent call last):
  File "/home/ephraim_feldblum/venv/lib/python3.11/site-packages/redis/connection.py", line 264, in connect
    sock = self.retry.call_with_retry(
           ^^^^^^^^^^^^^^^^^^^^^^^^^^^
  File "/home/ephraim_feldblum/venv/lib/python3.11/site-packages/redis/retry.py", line 46, in call_with_retry
    return do()
           ^^^^
  File "/home/ephraim_feldblum/venv/lib/python3.11/site-packages/redis/connection.py", line 265, in <lambda>
    lambda: self._connect(), lambda error: self.disconnect(error)
            ^^^^^^^^^^^^^^^
  File "/home/ephraim_feldblum/venv/lib/python3.11/site-packages/redis/connection.py", line 627, in _connect
    raise err
  File "/home/ephraim_feldblum/venv/lib/python3.11/site-packages/redis/connection.py", line 615, in _connect
    sock.connect(socket_address)
ConnectionRefusedError: [Errno 111] Connection refused

During handling of the above exception, another exception occurred:

Traceback (most recent call last):
  File "/home/ephraim_feldblum/venv/lib/python3.11/site-packages/RLTest/__main__.py", line 715, in _runTest
    fn()
  File "/home/ephraim_feldblum/venv/lib/python3.11/site-packages/RLTest/__main__.py", line 704, in <lambda>
    fn = lambda: test.target(env)
                 ^^^^^^^^^^^^^^^^
  File "/home/ephraim_feldblum/git/RedisJSON/tests/pytest/test_multi.py", line 39, in testDelCommand
    r.assertOk(r.execute_command('JSON.SET', 'doc1', '$', '{"a": 1, "nested": {"a": 2, "b": 3}}'))
               ^^^^^^^^^^^^^^^^^^^^^^^^^^^^^^^^^^^^^^^^^^^^^^^^^^^^^^^^^^^^^^^^^^^^^^^^^^^^^^^^^^
  File "/home/ephraim_feldblum/venv/lib/python3.11/site-packages/RLTest/env.py", line 26, in method
    return target(*argc, **nargs)
           ^^^^^^^^^^^^^^^^^^^^^^
  File "/home/ephraim_feldblum/venv/lib/python3.11/site-packages/RLTest/env.py", line 504, in cmd
    res = self.con.execute_command(*query, **options)
          ^^^^^^^^^^^^^^^^^^^^^^^^^^^^^^^^^^^^^^^^^^^
  File "/home/ephraim_feldblum/venv/lib/python3.11/site-packages/redis/client.py", line 594, in execute_command
    conn = self.connection or pool.get_connection(command_name, **options)
                              ^^^^^^^^^^^^^^^^^^^^^^^^^^^^^^^^^^^^^^^^^^^^
  File "/home/ephraim_feldblum/venv/lib/python3.11/site-packages/redis/connection.py", line 1087, in get_connection
    connection.connect()
  File "/home/ephraim_feldblum/venv/lib/python3.11/site-packages/redis/connection.py", line 270, in connect
    raise ConnectionError(self._error_message(e))
redis.exceptions.ConnectionError: Error 111 connecting to localhost:6469. Connection refused.
[32mRedis master command: redis-server --port 6439 --loadmodule /home/ephraim_feldblum/git/RedisJSON/bin/linux-x64-release/rejson.so --logfile /dev/null --dbfilename 4577941aa8184605ba21dd5c39c8a579.master-1-test_multi_testDelCommand_issue529-oss.rdb --enable-debug-command yes --enable-protected-configs yes[0m
[36mtest_multi:testDelCommand_issue529[0m:
	[31;1m[ERROR][0m
	[31;1mUnhandled exception: Error 111 connecting to localhost:6439. Connection refused.[0m
Traceback (most recent call last):
  File "/home/ephraim_feldblum/venv/lib/python3.11/site-packages/redis/connection.py", line 264, in connect
    sock = self.retry.call_with_retry(
           ^^^^^^^^^^^^^^^^^^^^^^^^^^^
  File "/home/ephraim_feldblum/venv/lib/python3.11/site-packages/redis/retry.py", line 46, in call_with_retry
    return do()
           ^^^^
  File "/home/ephraim_feldblum/venv/lib/python3.11/site-packages/redis/connection.py", line 265, in <lambda>
    lambda: self._connect(), lambda error: self.disconnect(error)
            ^^^^^^^^^^^^^^^
  File "/home/ephraim_feldblum/venv/lib/python3.11/site-packages/redis/connection.py", line 627, in _connect
    raise err
  File "/home/ephraim_feldblum/venv/lib/python3.11/site-packages/redis/connection.py", line 615, in _connect
    sock.connect(socket_address)
ConnectionRefusedError: [Errno 111] Connection refused

During handling of the above exception, another exception occurred:

Traceback (most recent call last):
  File "/home/ephraim_feldblum/venv/lib/python3.11/site-packages/RLTest/__main__.py", line 715, in _runTest
    fn()
  File "/home/ephraim_feldblum/venv/lib/python3.11/site-packages/RLTest/__main__.py", line 704, in <lambda>
    fn = lambda: test.target(env)
                 ^^^^^^^^^^^^^^^^
  File "/home/ephraim_feldblum/git/RedisJSON/tests/pytest/test_multi.py", line 101, in testDelCommand_issue529
    r.assertOk(r.execute_command('JSON.SET', 'doc1', '$', '[{"a00": [{"a00": "a00_00"}, {"a01": "a00_01"}, {"a02": "a00_02"}, {"a03": "a00_03"}]}, {"a01": [{"a00": "a01_00"}, {"a01": "a01_01"}, {"a02": "a01_02"}, {"a03": "a01_03"}]}, {"a02": [{"a00": "a02_00"}, {"a01": "a02_01"}, {"a02": "a02_02"}, {"a03": "a02_03"}]}, {"a03": [{"a00": "a03_00"}, {"a01": "a03_01"}, {"a02": "a03_02"}, {"a03": "a03_03"}]}]'))
               ^^^^^^^^^^^^^^^^^^^^^^^^^^^^^^^^^^^^^^^^^^^^^^^^^^^^^^^^^^^^^^^^^^^^^^^^^^^^^^^^^^^^^^^^^^^^^^^^^^^^^^^^^^^^^^^^^^^^^^^^^^^^^^^^^^^^^^^^^^^^^^^^^^^^^^^^^^^^^^^^^^^^^^^^^^^^^^^^^^^^^^^^^^^^^^^^^^^^^^^^^^^^^^^^^^^^^^^^^^^^^^^^^^^^^^^^^^^^^^^^^^^^^^^^^^^^^^^^^^^^^^^^^^^^^^^^^^^^^^^^^^^^^^^^^^^^^^^^^^^^^^^^^^^^^^^^^^^^^^^^^^^^^^^^^^^^^^^^^^^^^^^^^^^^^^^^^^^^^^^^^^^^^^^^^^^^^^^^^^^^^^^^^^^^^^^^^^
  File "/home/ephraim_feldblum/venv/lib/python3.11/site-packages/RLTest/env.py", line 26, in method
    return target(*argc, **nargs)
           ^^^^^^^^^^^^^^^^^^^^^^
  File "/home/ephraim_feldblum/venv/lib/python3.11/site-packages/RLTest/env.py", line 504, in cmd
    res = self.con.execute_command(*query, **options)
          ^^^^^^^^^^^^^^^^^^^^^^^^^^^^^^^^^^^^^^^^^^^
  File "/home/ephraim_feldblum/venv/lib/python3.11/site-packages/redis/client.py", line 594, in execute_command
    conn = self.connection or pool.get_connection(command_name, **options)
                              ^^^^^^^^^^^^^^^^^^^^^^^^^^^^^^^^^^^^^^^^^^^^
  File "/home/ephraim_feldblum/venv/lib/python3.11/site-packages/redis/connection.py", line 1087, in get_connection
    connection.connect()
  File "/home/ephraim_feldblum/venv/lib/python3.11/site-packages/redis/connection.py", line 270, in connect
    raise ConnectionError(self._error_message(e))
redis.exceptions.ConnectionError: Error 111 connecting to localhost:6439. Connection refused.
[32mRedis master command: redis-server --port 6379 --loadmodule /home/ephraim_feldblum/git/RedisJSON/bin/linux-x64-release/rejson.so --logfile /dev/null --dbfilename 6cbb72f1b8fb490e927a70265dab00b2.master-1-test_multi_testDelCommand_issue754-oss.rdb --enable-debug-command yes --enable-protected-configs yes[0m
[36mtest_multi:testDelCommand_issue754[0m:
	[31;1m[ERROR][0m
	[31;1mUnhandled exception: Error 111 connecting to localhost:6379. Connection refused.[0m
Traceback (most recent call last):
  File "/home/ephraim_feldblum/venv/lib/python3.11/site-packages/redis/connection.py", line 264, in connect
    sock = self.retry.call_with_retry(
           ^^^^^^^^^^^^^^^^^^^^^^^^^^^
  File "/home/ephraim_feldblum/venv/lib/python3.11/site-packages/redis/retry.py", line 46, in call_with_retry
    return do()
           ^^^^
  File "/home/ephraim_feldblum/venv/lib/python3.11/site-packages/redis/connection.py", line 265, in <lambda>
    lambda: self._connect(), lambda error: self.disconnect(error)
            ^^^^^^^^^^^^^^^
  File "/home/ephraim_feldblum/venv/lib/python3.11/site-packages/redis/connection.py", line 627, in _connect
    raise err
  File "/home/ephraim_feldblum/venv/lib/python3.11/site-packages/redis/connection.py", line 615, in _connect
    sock.connect(socket_address)
ConnectionRefusedError: [Errno 111] Connection refused

During handling of the above exception, another exception occurred:

Traceback (most recent call last):
  File "/home/ephraim_feldblum/venv/lib/python3.11/site-packages/RLTest/__main__.py", line 715, in _runTest
    fn()
  File "/home/ephraim_feldblum/venv/lib/python3.11/site-packages/RLTest/__main__.py", line 704, in <lambda>
    fn = lambda: test.target(env)
                 ^^^^^^^^^^^^^^^^
  File "/home/ephraim_feldblum/git/RedisJSON/tests/pytest/test_multi.py", line 109, in testDelCommand_issue754
    r.assertOk(r.execute_command('JSON.SET', 'doc1', '$', '[[1],[1,2,3]]'))
               ^^^^^^^^^^^^^^^^^^^^^^^^^^^^^^^^^^^^^^^^^^^^^^^^^^^^^^^^^^^
  File "/home/ephraim_feldblum/venv/lib/python3.11/site-packages/RLTest/env.py", line 26, in method
    return target(*argc, **nargs)
           ^^^^^^^^^^^^^^^^^^^^^^
  File "/home/ephraim_feldblum/venv/lib/python3.11/site-packages/RLTest/env.py", line 504, in cmd
    res = self.con.execute_command(*query, **options)
          ^^^^^^^^^^^^^^^^^^^^^^^^^^^^^^^^^^^^^^^^^^^
  File "/home/ephraim_feldblum/venv/lib/python3.11/site-packages/redis/client.py", line 594, in execute_command
    conn = self.connection or pool.get_connection(command_name, **options)
                              ^^^^^^^^^^^^^^^^^^^^^^^^^^^^^^^^^^^^^^^^^^^^
  File "/home/ephraim_feldblum/venv/lib/python3.11/site-packages/redis/connection.py", line 1087, in get_connection
    connection.connect()
  File "/home/ephraim_feldblum/venv/lib/python3.11/site-packages/redis/connection.py", line 270, in connect
    raise ConnectionError(self._error_message(e))
redis.exceptions.ConnectionError: Error 111 connecting to localhost:6379. Connection refused.
[32mRedis master command: redis-server --port 6409 --loadmodule /home/ephraim_feldblum/git/RedisJSON/bin/linux-x64-release/rejson.so --logfile /dev/null --dbfilename 1044f919078448a9af745c8c74e80d3d.master-1-test_multi_testErrorMessage-oss.rdb --enable-debug-command yes --enable-protected-configs yes[0m
[36mtest_multi:testErrorMessage[0m:
	[31;1m[ERROR][0m
	[31;1mUnhandled exception: Error 111 connecting to localhost:6409. Connection refused.[0m
Traceback (most recent call last):
  File "/home/ephraim_feldblum/venv/lib/python3.11/site-packages/redis/connection.py", line 264, in connect
    sock = self.retry.call_with_retry(
           ^^^^^^^^^^^^^^^^^^^^^^^^^^^
  File "/home/ephraim_feldblum/venv/lib/python3.11/site-packages/redis/retry.py", line 46, in call_with_retry
    return do()
           ^^^^
  File "/home/ephraim_feldblum/venv/lib/python3.11/site-packages/redis/connection.py", line 265, in <lambda>
    lambda: self._connect(), lambda error: self.disconnect(error)
            ^^^^^^^^^^^^^^^
  File "/home/ephraim_feldblum/venv/lib/python3.11/site-packages/redis/connection.py", line 627, in _connect
    raise err
  File "/home/ephraim_feldblum/venv/lib/python3.11/site-packages/redis/connection.py", line 615, in _connect
    sock.connect(socket_address)
ConnectionRefusedError: [Errno 111] Connection refused

During handling of the above exception, another exception occurred:

Traceback (most recent call last):
  File "/home/ephraim_feldblum/venv/lib/python3.11/site-packages/RLTest/__main__.py", line 715, in _runTest
    fn()
  File "/home/ephraim_feldblum/venv/lib/python3.11/site-packages/RLTest/__main__.py", line 704, in <lambda>
    fn = lambda: test.target(env)
                 ^^^^^^^^^^^^^^^^
  File "/home/ephraim_feldblum/git/RedisJSON/tests/pytest/test_multi.py", line 1029, in testErrorMessage
    r.assertOk(r.execute_command('JSON.SET', 'doc1', '$', json.dumps(types_data)))
               ^^^^^^^^^^^^^^^^^^^^^^^^^^^^^^^^^^^^^^^^^^^^^^^^^^^^^^^^^^^^^^^^^^
  File "/home/ephraim_feldblum/venv/lib/python3.11/site-packages/RLTest/env.py", line 26, in method
    return target(*argc, **nargs)
           ^^^^^^^^^^^^^^^^^^^^^^
  File "/home/ephraim_feldblum/venv/lib/python3.11/site-packages/RLTest/env.py", line 504, in cmd
    res = self.con.execute_command(*query, **options)
          ^^^^^^^^^^^^^^^^^^^^^^^^^^^^^^^^^^^^^^^^^^^
  File "/home/ephraim_feldblum/venv/lib/python3.11/site-packages/redis/client.py", line 594, in execute_command
    conn = self.connection or pool.get_connection(command_name, **options)
                              ^^^^^^^^^^^^^^^^^^^^^^^^^^^^^^^^^^^^^^^^^^^^
  File "/home/ephraim_feldblum/venv/lib/python3.11/site-packages/redis/connection.py", line 1087, in get_connection
    connection.connect()
  File "/home/ephraim_feldblum/venv/lib/python3.11/site-packages/redis/connection.py", line 270, in connect
    raise ConnectionError(self._error_message(e))
redis.exceptions.ConnectionError: Error 111 connecting to localhost:6409. Connection refused.
[32mRedis master command: redis-server --port 6499 --loadmodule /home/ephraim_feldblum/git/RedisJSON/bin/linux-x64-release/rejson.so --logfile /dev/null --dbfilename cbfc98564bf7436884343f2893fe50d3.master-1-test_multi_testFilterDup_issue667-oss.rdb --enable-debug-command yes --enable-protected-configs yes[0m
[36mtest_multi:testFilterDup_issue667[0m:
	[31;1m[ERROR][0m
	[31;1mUnhandled exception: Error 111 connecting to localhost:6499. Connection refused.[0m
Traceback (most recent call last):
  File "/home/ephraim_feldblum/venv/lib/python3.11/site-packages/redis/connection.py", line 264, in connect
    sock = self.retry.call_with_retry(
           ^^^^^^^^^^^^^^^^^^^^^^^^^^^
  File "/home/ephraim_feldblum/venv/lib/python3.11/site-packages/redis/retry.py", line 46, in call_with_retry
    return do()
           ^^^^
  File "/home/ephraim_feldblum/venv/lib/python3.11/site-packages/redis/connection.py", line 265, in <lambda>
    lambda: self._connect(), lambda error: self.disconnect(error)
            ^^^^^^^^^^^^^^^
  File "/home/ephraim_feldblum/venv/lib/python3.11/site-packages/redis/connection.py", line 627, in _connect
    raise err
  File "/home/ephraim_feldblum/venv/lib/python3.11/site-packages/redis/connection.py", line 615, in _connect
    sock.connect(socket_address)
ConnectionRefusedError: [Errno 111] Connection refused

During handling of the above exception, another exception occurred:

Traceback (most recent call last):
  File "/home/ephraim_feldblum/venv/lib/python3.11/site-packages/RLTest/__main__.py", line 715, in _runTest
    fn()
  File "/home/ephraim_feldblum/venv/lib/python3.11/site-packages/RLTest/__main__.py", line 704, in <lambda>
    fn = lambda: test.target(env)
                 ^^^^^^^^^^^^^^^^
  File "/home/ephraim_feldblum/git/RedisJSON/tests/pytest/test_multi.py", line 1348, in testFilterDup_issue667
    r.assertOk(r.execute_command('JSON.SET',
               ^^^^^^^^^^^^^^^^^^^^^^^^^^^^^
  File "/home/ephraim_feldblum/venv/lib/python3.11/site-packages/RLTest/env.py", line 26, in method
    return target(*argc, **nargs)
           ^^^^^^^^^^^^^^^^^^^^^^
  File "/home/ephraim_feldblum/venv/lib/python3.11/site-packages/RLTest/env.py", line 504, in cmd
    res = self.con.execute_command(*query, **options)
          ^^^^^^^^^^^^^^^^^^^^^^^^^^^^^^^^^^^^^^^^^^^
  File "/home/ephraim_feldblum/venv/lib/python3.11/site-packages/redis/client.py", line 594, in execute_command
    conn = self.connection or pool.get_connection(command_name, **options)
                              ^^^^^^^^^^^^^^^^^^^^^^^^^^^^^^^^^^^^^^^^^^^^
  File "/home/ephraim_feldblum/venv/lib/python3.11/site-packages/redis/connection.py", line 1087, in get_connection
    connection.connect()
  File "/home/ephraim_feldblum/venv/lib/python3.11/site-packages/redis/connection.py", line 270, in connect
    raise ConnectionError(self._error_message(e))
redis.exceptions.ConnectionError: Error 111 connecting to localhost:6499. Connection refused.
[32mRedis master command: redis-server --port 6529 --loadmodule /home/ephraim_feldblum/git/RedisJSON/bin/linux-x64-release/rejson.so --logfile /dev/null --dbfilename a3b25cc04c0d4da6bda868de818e3725.master-1-test_multi_testForgetCommand-oss.rdb --enable-debug-command yes --enable-protected-configs yes[0m
[36mtest_multi:testForgetCommand[0m:
	[31;1m[ERROR][0m
	[31;1mUnhandled exception: Error 111 connecting to localhost:6529. Connection refused.[0m
Traceback (most recent call last):
  File "/home/ephraim_feldblum/venv/lib/python3.11/site-packages/redis/connection.py", line 264, in connect
    sock = self.retry.call_with_retry(
           ^^^^^^^^^^^^^^^^^^^^^^^^^^^
  File "/home/ephraim_feldblum/venv/lib/python3.11/site-packages/redis/retry.py", line 46, in call_with_retry
    return do()
           ^^^^
  File "/home/ephraim_feldblum/venv/lib/python3.11/site-packages/redis/connection.py", line 265, in <lambda>
    lambda: self._connect(), lambda error: self.disconnect(error)
            ^^^^^^^^^^^^^^^
  File "/home/ephraim_feldblum/venv/lib/python3.11/site-packages/redis/connection.py", line 627, in _connect
    raise err
  File "/home/ephraim_feldblum/venv/lib/python3.11/site-packages/redis/connection.py", line 615, in _connect
    sock.connect(socket_address)
ConnectionRefusedError: [Errno 111] Connection refused

During handling of the above exception, another exception occurred:

Traceback (most recent call last):
  File "/home/ephraim_feldblum/venv/lib/python3.11/site-packages/RLTest/__main__.py", line 715, in _runTest
    fn()
  File "/home/ephraim_feldblum/venv/lib/python3.11/site-packages/RLTest/__main__.py", line 704, in <lambda>
    fn = lambda: test.target(env)
                 ^^^^^^^^^^^^^^^^
  File "/home/ephraim_feldblum/git/RedisJSON/tests/pytest/test_multi.py", line 128, in testForgetCommand
    r.assertOk(r.execute_command('JSON.SET', 'doc1', '$', '{"a": 1, "nested": {"a": 2, "b": 3}}'))
               ^^^^^^^^^^^^^^^^^^^^^^^^^^^^^^^^^^^^^^^^^^^^^^^^^^^^^^^^^^^^^^^^^^^^^^^^^^^^^^^^^^
  File "/home/ephraim_feldblum/venv/lib/python3.11/site-packages/RLTest/env.py", line 26, in method
    return target(*argc, **nargs)
           ^^^^^^^^^^^^^^^^^^^^^^
  File "/home/ephraim_feldblum/venv/lib/python3.11/site-packages/RLTest/env.py", line 504, in cmd
    res = self.con.execute_command(*query, **options)
          ^^^^^^^^^^^^^^^^^^^^^^^^^^^^^^^^^^^^^^^^^^^
  File "/home/ephraim_feldblum/venv/lib/python3.11/site-packages/redis/client.py", line 594, in execute_command
    conn = self.connection or pool.get_connection(command_name, **options)
                              ^^^^^^^^^^^^^^^^^^^^^^^^^^^^^^^^^^^^^^^^^^^^
  File "/home/ephraim_feldblum/venv/lib/python3.11/site-packages/redis/connection.py", line 1087, in get_connection
    connection.connect()
  File "/home/ephraim_feldblum/venv/lib/python3.11/site-packages/redis/connection.py", line 270, in connect
    raise ConnectionError(self._error_message(e))
redis.exceptions.ConnectionError: Error 111 connecting to localhost:6529. Connection refused.
[32mRedis master command: redis-server --port 6589 --loadmodule /home/ephraim_feldblum/git/RedisJSON/bin/linux-x64-release/rejson.so --logfile /dev/null --dbfilename 6425354b1b0e43a8b843650bdccae1d7.master-1-test_multi_testMGetCommand-oss.rdb --enable-debug-command yes --enable-protected-configs yes[0m
[36mtest_multi:testMGetCommand[0m:
	[31;1m[ERROR][0m
	[31;1mUnhandled exception: Error 111 connecting to localhost:6589. Connection refused.[0m
Traceback (most recent call last):
  File "/home/ephraim_feldblum/venv/lib/python3.11/site-packages/redis/connection.py", line 264, in connect
    sock = self.retry.call_with_retry(
           ^^^^^^^^^^^^^^^^^^^^^^^^^^^
  File "/home/ephraim_feldblum/venv/lib/python3.11/site-packages/redis/retry.py", line 46, in call_with_retry
    return do()
           ^^^^
  File "/home/ephraim_feldblum/venv/lib/python3.11/site-packages/redis/connection.py", line 265, in <lambda>
    lambda: self._connect(), lambda error: self.disconnect(error)
            ^^^^^^^^^^^^^^^
  File "/home/ephraim_feldblum/venv/lib/python3.11/site-packages/redis/connection.py", line 627, in _connect
    raise err
  File "/home/ephraim_feldblum/venv/lib/python3.11/site-packages/redis/connection.py", line 615, in _connect
    sock.connect(socket_address)
ConnectionRefusedError: [Errno 111] Connection refused

During handling of the above exception, another exception occurred:

Traceback (most recent call last):
  File "/home/ephraim_feldblum/venv/lib/python3.11/site-packages/RLTest/__main__.py", line 715, in _runTest
    fn()
  File "/home/ephraim_feldblum/venv/lib/python3.11/site-packages/RLTest/__main__.py", line 704, in <lambda>
    fn = lambda: test.target(env)
                 ^^^^^^^^^^^^^^^^
  File "/home/ephraim_feldblum/git/RedisJSON/tests/pytest/test_multi.py", line 235, in testMGetCommand
    r.assertOk(r.execute_command('JSON.SET', '{doc}:1', '$', '{"a":1, "b": 2, "nested1": {"a": 3}, "c": null, "nested2": {"a": null}}'))
               ^^^^^^^^^^^^^^^^^^^^^^^^^^^^^^^^^^^^^^^^^^^^^^^^^^^^^^^^^^^^^^^^^^^^^^^^^^^^^^^^^^^^^^^^^^^^^^^^^^^^^^^^^^^^^^^^^^^^^^^^
  File "/home/ephraim_feldblum/venv/lib/python3.11/site-packages/RLTest/env.py", line 26, in method
    return target(*argc, **nargs)
           ^^^^^^^^^^^^^^^^^^^^^^
  File "/home/ephraim_feldblum/venv/lib/python3.11/site-packages/RLTest/env.py", line 504, in cmd
    res = self.con.execute_command(*query, **options)
          ^^^^^^^^^^^^^^^^^^^^^^^^^^^^^^^^^^^^^^^^^^^
  File "/home/ephraim_feldblum/venv/lib/python3.11/site-packages/redis/client.py", line 594, in execute_command
    conn = self.connection or pool.get_connection(command_name, **options)
                              ^^^^^^^^^^^^^^^^^^^^^^^^^^^^^^^^^^^^^^^^^^^^
  File "/home/ephraim_feldblum/venv/lib/python3.11/site-packages/redis/connection.py", line 1087, in get_connection
    connection.connect()
  File "/home/ephraim_feldblum/venv/lib/python3.11/site-packages/redis/connection.py", line 270, in connect
    raise ConnectionError(self._error_message(e))
redis.exceptions.ConnectionError: Error 111 connecting to localhost:6589. Connection refused.
[32mRedis master command: redis-server --port 6559 --loadmodule /home/ephraim_feldblum/git/RedisJSON/bin/linux-x64-release/rejson.so --logfile /dev/null --dbfilename 56365657470d485788ff7a07b7187b42.master-1-test_multi_testNumByCommands-oss.rdb --enable-debug-command yes --enable-protected-configs yes[0m
[36mtest_multi:testNumByCommands[0m:
	[31;1m[ERROR][0m
	[31;1mUnhandled exception: Error 111 connecting to localhost:6559. Connection refused.[0m
Traceback (most recent call last):
  File "/home/ephraim_feldblum/venv/lib/python3.11/site-packages/redis/connection.py", line 264, in connect
    sock = self.retry.call_with_retry(
           ^^^^^^^^^^^^^^^^^^^^^^^^^^^
  File "/home/ephraim_feldblum/venv/lib/python3.11/site-packages/redis/retry.py", line 46, in call_with_retry
    return do()
           ^^^^
  File "/home/ephraim_feldblum/venv/lib/python3.11/site-packages/redis/connection.py", line 265, in <lambda>
    lambda: self._connect(), lambda error: self.disconnect(error)
            ^^^^^^^^^^^^^^^
  File "/home/ephraim_feldblum/venv/lib/python3.11/site-packages/redis/connection.py", line 627, in _connect
    raise err
  File "/home/ephraim_feldblum/venv/lib/python3.11/site-packages/redis/connection.py", line 615, in _connect
    sock.connect(socket_address)
ConnectionRefusedError: [Errno 111] Connection refused

During handling of the above exception, another exception occurred:

Traceback (most recent call last):
  File "/home/ephraim_feldblum/venv/lib/python3.11/site-packages/RLTest/__main__.py", line 715, in _runTest
    fn()
  File "/home/ephraim_feldblum/venv/lib/python3.11/site-packages/RLTest/__main__.py", line 704, in <lambda>
    fn = lambda: test.target(env)
                 ^^^^^^^^^^^^^^^^
  File "/home/ephraim_feldblum/git/RedisJSON/tests/pytest/test_multi.py", line 297, in testNumByCommands
    r.assertOk(r.execute_command('JSON.SET', 'doc1', '$', '{"a":"b","b":[{"a":2}, {"a":5.0}, {"a":"c"}]}'))
               ^^^^^^^^^^^^^^^^^^^^^^^^^^^^^^^^^^^^^^^^^^^^^^^^^^^^^^^^^^^^^^^^^^^^^^^^^^^^^^^^^^^^^^^^^^^
  File "/home/ephraim_feldblum/venv/lib/python3.11/site-packages/RLTest/env.py", line 26, in method
    return target(*argc, **nargs)
           ^^^^^^^^^^^^^^^^^^^^^^
  File "/home/ephraim_feldblum/venv/lib/python3.11/site-packages/RLTest/env.py", line 504, in cmd
    res = self.con.execute_command(*query, **options)
          ^^^^^^^^^^^^^^^^^^^^^^^^^^^^^^^^^^^^^^^^^^^
  File "/home/ephraim_feldblum/venv/lib/python3.11/site-packages/redis/client.py", line 594, in execute_command
    conn = self.connection or pool.get_connection(command_name, **options)
                              ^^^^^^^^^^^^^^^^^^^^^^^^^^^^^^^^^^^^^^^^^^^^
  File "/home/ephraim_feldblum/venv/lib/python3.11/site-packages/redis/connection.py", line 1087, in get_connection
    connection.connect()
  File "/home/ephraim_feldblum/venv/lib/python3.11/site-packages/redis/connection.py", line 270, in connect
    raise ConnectionError(self._error_message(e))
redis.exceptions.ConnectionError: Error 111 connecting to localhost:6559. Connection refused.
[32mRedis master command: redis-server --port 6469 --loadmodule /home/ephraim_feldblum/git/RedisJSON/bin/linux-x64-release/rejson.so --logfile /dev/null --dbfilename c823122dcfc444428ffa59ac6cd024aa.master-1-test_multi_testObjKeysCommand-oss.rdb --enable-debug-command yes --enable-protected-configs yes[0m
[36mtest_multi:testObjKeysCommand[0m:
	[31;1m[ERROR][0m
	[31;1mUnhandled exception: Error 111 connecting to localhost:6469. Connection refused.[0m
Traceback (most recent call last):
  File "/home/ephraim_feldblum/venv/lib/python3.11/site-packages/redis/connection.py", line 264, in connect
    sock = self.retry.call_with_retry(
           ^^^^^^^^^^^^^^^^^^^^^^^^^^^
  File "/home/ephraim_feldblum/venv/lib/python3.11/site-packages/redis/retry.py", line 46, in call_with_retry
    return do()
           ^^^^
  File "/home/ephraim_feldblum/venv/lib/python3.11/site-packages/redis/connection.py", line 265, in <lambda>
    lambda: self._connect(), lambda error: self.disconnect(error)
            ^^^^^^^^^^^^^^^
  File "/home/ephraim_feldblum/venv/lib/python3.11/site-packages/redis/connection.py", line 627, in _connect
    raise err
  File "/home/ephraim_feldblum/venv/lib/python3.11/site-packages/redis/connection.py", line 615, in _connect
    sock.connect(socket_address)
ConnectionRefusedError: [Errno 111] Connection refused

During handling of the above exception, another exception occurred:

Traceback (most recent call last):
  File "/home/ephraim_feldblum/venv/lib/python3.11/site-packages/RLTest/__main__.py", line 715, in _runTest
    fn()
  File "/home/ephraim_feldblum/venv/lib/python3.11/site-packages/RLTest/__main__.py", line 704, in <lambda>
    fn = lambda: test.target(env)
                 ^^^^^^^^^^^^^^^^
  File "/home/ephraim_feldblum/git/RedisJSON/tests/pytest/test_multi.py", line 649, in testObjKeysCommand
    r.assertOk(r.execute_command('JSON.SET', 'doc1', '$', '{"nested1": {"a": {"foo": 10, "bar": 20}}, "a":["foo"], "nested2": {"a": {"baz":50}}}'))
               ^^^^^^^^^^^^^^^^^^^^^^^^^^^^^^^^^^^^^^^^^^^^^^^^^^^^^^^^^^^^^^^^^^^^^^^^^^^^^^^^^^^^^^^^^^^^^^^^^^^^^^^^^^^^^^^^^^^^^^^^^^^^^^^^^^^
  File "/home/ephraim_feldblum/venv/lib/python3.11/site-packages/RLTest/env.py", line 26, in method
    return target(*argc, **nargs)
           ^^^^^^^^^^^^^^^^^^^^^^
  File "/home/ephraim_feldblum/venv/lib/python3.11/site-packages/RLTest/env.py", line 504, in cmd
    res = self.con.execute_command(*query, **options)
          ^^^^^^^^^^^^^^^^^^^^^^^^^^^^^^^^^^^^^^^^^^^
  File "/home/ephraim_feldblum/venv/lib/python3.11/site-packages/redis/client.py", line 594, in execute_command
    conn = self.connection or pool.get_connection(command_name, **options)
                              ^^^^^^^^^^^^^^^^^^^^^^^^^^^^^^^^^^^^^^^^^^^^
  File "/home/ephraim_feldblum/venv/lib/python3.11/site-packages/redis/connection.py", line 1087, in get_connection
    connection.connect()
  File "/home/ephraim_feldblum/venv/lib/python3.11/site-packages/redis/connection.py", line 270, in connect
    raise ConnectionError(self._error_message(e))
redis.exceptions.ConnectionError: Error 111 connecting to localhost:6469. Connection refused.
[32mRedis master command: redis-server --port 6439 --loadmodule /home/ephraim_feldblum/git/RedisJSON/bin/linux-x64-release/rejson.so --logfile /dev/null --dbfilename 4b61cc4643a74c04aef0a6a015fc8b8c.master-1-test_multi_testObjLenCommand-oss.rdb --enable-debug-command yes --enable-protected-configs yes[0m
[36mtest_multi:testObjLenCommand[0m:
	[31;1m[ERROR][0m
	[31;1mUnhandled exception: Error 111 connecting to localhost:6439. Connection refused.[0m
Traceback (most recent call last):
  File "/home/ephraim_feldblum/venv/lib/python3.11/site-packages/redis/connection.py", line 264, in connect
    sock = self.retry.call_with_retry(
           ^^^^^^^^^^^^^^^^^^^^^^^^^^^
  File "/home/ephraim_feldblum/venv/lib/python3.11/site-packages/redis/retry.py", line 46, in call_with_retry
    return do()
           ^^^^
  File "/home/ephraim_feldblum/venv/lib/python3.11/site-packages/redis/connection.py", line 265, in <lambda>
    lambda: self._connect(), lambda error: self.disconnect(error)
            ^^^^^^^^^^^^^^^
  File "/home/ephraim_feldblum/venv/lib/python3.11/site-packages/redis/connection.py", line 627, in _connect
    raise err
  File "/home/ephraim_feldblum/venv/lib/python3.11/site-packages/redis/connection.py", line 615, in _connect
    sock.connect(socket_address)
ConnectionRefusedError: [Errno 111] Connection refused

During handling of the above exception, another exception occurred:

Traceback (most recent call last):
  File "/home/ephraim_feldblum/venv/lib/python3.11/site-packages/RLTest/__main__.py", line 715, in _runTest
    fn()
  File "/home/ephraim_feldblum/venv/lib/python3.11/site-packages/RLTest/__main__.py", line 704, in <lambda>
    fn = lambda: test.target(env)
                 ^^^^^^^^^^^^^^^^
  File "/home/ephraim_feldblum/git/RedisJSON/tests/pytest/test_multi.py", line 680, in testObjLenCommand
    r.assertOk(r.execute_command('JSON.SET', 'doc1', '$', '{"nested1": {"a": {"foo": 10, "bar": 20}}, "a":["foo"], "nested2": {"a": {"baz":50}}}'))
               ^^^^^^^^^^^^^^^^^^^^^^^^^^^^^^^^^^^^^^^^^^^^^^^^^^^^^^^^^^^^^^^^^^^^^^^^^^^^^^^^^^^^^^^^^^^^^^^^^^^^^^^^^^^^^^^^^^^^^^^^^^^^^^^^^^^
  File "/home/ephraim_feldblum/venv/lib/python3.11/site-packages/RLTest/env.py", line 26, in method
    return target(*argc, **nargs)
           ^^^^^^^^^^^^^^^^^^^^^^
  File "/home/ephraim_feldblum/venv/lib/python3.11/site-packages/RLTest/env.py", line 504, in cmd
    res = self.con.execute_command(*query, **options)
          ^^^^^^^^^^^^^^^^^^^^^^^^^^^^^^^^^^^^^^^^^^^
  File "/home/ephraim_feldblum/venv/lib/python3.11/site-packages/redis/client.py", line 594, in execute_command
    conn = self.connection or pool.get_connection(command_name, **options)
                              ^^^^^^^^^^^^^^^^^^^^^^^^^^^^^^^^^^^^^^^^^^^^
  File "/home/ephraim_feldblum/venv/lib/python3.11/site-packages/redis/connection.py", line 1087, in get_connection
    connection.connect()
  File "/home/ephraim_feldblum/venv/lib/python3.11/site-packages/redis/connection.py", line 270, in connect
    raise ConnectionError(self._error_message(e))
redis.exceptions.ConnectionError: Error 111 connecting to localhost:6439. Connection refused.
[32mRedis master command: redis-server --port 6409 --loadmodule /home/ephraim_feldblum/git/RedisJSON/bin/linux-x64-release/rejson.so --logfile /dev/null --dbfilename 8c9ffe6633b840ef843b99b72d0e5323.master-1-test_multi_testSetAndGetCommands-oss.rdb --enable-debug-command yes --enable-protected-configs yes[0m
[36mtest_multi:testSetAndGetCommands[0m:
	[31;1m[ERROR][0m
	[31;1mUnhandled exception: Error 111 connecting to localhost:6409. Connection refused.[0m
Traceback (most recent call last):
  File "/home/ephraim_feldblum/venv/lib/python3.11/site-packages/redis/connection.py", line 264, in connect
    sock = self.retry.call_with_retry(
           ^^^^^^^^^^^^^^^^^^^^^^^^^^^
  File "/home/ephraim_feldblum/venv/lib/python3.11/site-packages/redis/retry.py", line 46, in call_with_retry
    return do()
           ^^^^
  File "/home/ephraim_feldblum/venv/lib/python3.11/site-packages/redis/connection.py", line 265, in <lambda>
    lambda: self._connect(), lambda error: self.disconnect(error)
            ^^^^^^^^^^^^^^^
  File "/home/ephraim_feldblum/venv/lib/python3.11/site-packages/redis/connection.py", line 627, in _connect
    raise err
  File "/home/ephraim_feldblum/venv/lib/python3.11/site-packages/redis/connection.py", line 615, in _connect
    sock.connect(socket_address)
ConnectionRefusedError: [Errno 111] Connection refused

During handling of the above exception, another exception occurred:

Traceback (most recent call last):
  File "/home/ephraim_feldblum/venv/lib/python3.11/site-packages/RLTest/__main__.py", line 715, in _runTest
    fn()
  File "/home/ephraim_feldblum/venv/lib/python3.11/site-packages/RLTest/__main__.py", line 704, in <lambda>
    fn = lambda: test.target(env)
                 ^^^^^^^^^^^^^^^^
  File "/home/ephraim_feldblum/git/RedisJSON/tests/pytest/test_multi.py", line 164, in testSetAndGetCommands
    r.assertIsNone(r.execute_command('JSON.SET', 'doc1', '$', nested_large_key, 'XX'))
                   ^^^^^^^^^^^^^^^^^^^^^^^^^^^^^^^^^^^^^^^^^^^^^^^^^^^^^^^^^^^^^^^^^^
  File "/home/ephraim_feldblum/venv/lib/python3.11/site-packages/RLTest/env.py", line 26, in method
    return target(*argc, **nargs)
           ^^^^^^^^^^^^^^^^^^^^^^
  File "/home/ephraim_feldblum/venv/lib/python3.11/site-packages/RLTest/env.py", line 504, in cmd
    res = self.con.execute_command(*query, **options)
          ^^^^^^^^^^^^^^^^^^^^^^^^^^^^^^^^^^^^^^^^^^^
  File "/home/ephraim_feldblum/venv/lib/python3.11/site-packages/redis/client.py", line 594, in execute_command
    conn = self.connection or pool.get_connection(command_name, **options)
                              ^^^^^^^^^^^^^^^^^^^^^^^^^^^^^^^^^^^^^^^^^^^^
  File "/home/ephraim_feldblum/venv/lib/python3.11/site-packages/redis/connection.py", line 1087, in get_connection
    connection.connect()
  File "/home/ephraim_feldblum/venv/lib/python3.11/site-packages/redis/connection.py", line 270, in connect
    raise ConnectionError(self._error_message(e))
redis.exceptions.ConnectionError: Error 111 connecting to localhost:6409. Connection refused.
[32mRedis master command: redis-server --port 6379 --loadmodule /home/ephraim_feldblum/git/RedisJSON/bin/linux-x64-release/rejson.so --logfile /dev/null --dbfilename 3947bce2af084457ab81aa5cf659a272.master-1-test_multi_testRespCommand-oss.rdb --enable-debug-command yes --enable-protected-configs yes[0m
[36mtest_multi:testRespCommand[0m:
	[31;1m[ERROR][0m
	[31;1mUnhandled exception: Error 111 connecting to localhost:6379. Connection refused.[0m
Traceback (most recent call last):
  File "/home/ephraim_feldblum/venv/lib/python3.11/site-packages/redis/connection.py", line 264, in connect
    sock = self.retry.call_with_retry(
           ^^^^^^^^^^^^^^^^^^^^^^^^^^^
  File "/home/ephraim_feldblum/venv/lib/python3.11/site-packages/redis/retry.py", line 46, in call_with_retry
    return do()
           ^^^^
  File "/home/ephraim_feldblum/venv/lib/python3.11/site-packages/redis/connection.py", line 265, in <lambda>
    lambda: self._connect(), lambda error: self.disconnect(error)
            ^^^^^^^^^^^^^^^
  File "/home/ephraim_feldblum/venv/lib/python3.11/site-packages/redis/connection.py", line 627, in _connect
    raise err
  File "/home/ephraim_feldblum/venv/lib/python3.11/site-packages/redis/connection.py", line 615, in _connect
    sock.connect(socket_address)
ConnectionRefusedError: [Errno 111] Connection refused

During handling of the above exception, another exception occurred:

Traceback (most recent call last):
  File "/home/ephraim_feldblum/venv/lib/python3.11/site-packages/RLTest/__main__.py", line 715, in _runTest
    fn()
  File "/home/ephraim_feldblum/venv/lib/python3.11/site-packages/RLTest/__main__.py", line 704, in <lambda>
    fn = lambda: test.target(env)
                 ^^^^^^^^^^^^^^^^
  File "/home/ephraim_feldblum/git/RedisJSON/tests/pytest/test_multi.py", line 902, in testRespCommand
    r.assertOk(r.execute_command('JSON.SET', 'doc1', '$', json.dumps(data)))
               ^^^^^^^^^^^^^^^^^^^^^^^^^^^^^^^^^^^^^^^^^^^^^^^^^^^^^^^^^^^^
  File "/home/ephraim_feldblum/venv/lib/python3.11/site-packages/RLTest/env.py", line 26, in method
    return target(*argc, **nargs)
           ^^^^^^^^^^^^^^^^^^^^^^
  File "/home/ephraim_feldblum/venv/lib/python3.11/site-packages/RLTest/env.py", line 504, in cmd
    res = self.con.execute_command(*query, **options)
          ^^^^^^^^^^^^^^^^^^^^^^^^^^^^^^^^^^^^^^^^^^^
  File "/home/ephraim_feldblum/venv/lib/python3.11/site-packages/redis/client.py", line 594, in execute_command
    conn = self.connection or pool.get_connection(command_name, **options)
                              ^^^^^^^^^^^^^^^^^^^^^^^^^^^^^^^^^^^^^^^^^^^^
  File "/home/ephraim_feldblum/venv/lib/python3.11/site-packages/redis/connection.py", line 1087, in get_connection
    connection.connect()
  File "/home/ephraim_feldblum/venv/lib/python3.11/site-packages/redis/connection.py", line 270, in connect
    raise ConnectionError(self._error_message(e))
redis.exceptions.ConnectionError: Error 111 connecting to localhost:6379. Connection refused.
[32mRedis master command: redis-server --port 6499 --loadmodule /home/ephraim_feldblum/git/RedisJSON/bin/linux-x64-release/rejson.so --logfile /dev/null --dbfilename feb1b465d5e64132ac39804117cd3042.master-1-test_multi_testStrAppendCommand-oss.rdb --enable-debug-command yes --enable-protected-configs yes[0m
[36mtest_multi:testStrAppendCommand[0m:
	[31;1m[ERROR][0m
	[31;1mUnhandled exception: Error 111 connecting to localhost:6499. Connection refused.[0m
Traceback (most recent call last):
  File "/home/ephraim_feldblum/venv/lib/python3.11/site-packages/redis/connection.py", line 264, in connect
    sock = self.retry.call_with_retry(
           ^^^^^^^^^^^^^^^^^^^^^^^^^^^
  File "/home/ephraim_feldblum/venv/lib/python3.11/site-packages/redis/retry.py", line 46, in call_with_retry
    return do()
           ^^^^
  File "/home/ephraim_feldblum/venv/lib/python3.11/site-packages/redis/connection.py", line 265, in <lambda>
    lambda: self._connect(), lambda error: self.disconnect(error)
            ^^^^^^^^^^^^^^^
  File "/home/ephraim_feldblum/venv/lib/python3.11/site-packages/redis/connection.py", line 627, in _connect
    raise err
  File "/home/ephraim_feldblum/venv/lib/python3.11/site-packages/redis/connection.py", line 615, in _connect
    sock.connect(socket_address)
ConnectionRefusedError: [Errno 111] Connection refused

During handling of the above exception, another exception occurred:

Traceback (most recent call last):
  File "/home/ephraim_feldblum/venv/lib/python3.11/site-packages/RLTest/__main__.py", line 715, in _runTest
    fn()
  File "/home/ephraim_feldblum/venv/lib/python3.11/site-packages/RLTest/__main__.py", line 704, in <lambda>
    fn = lambda: test.target(env)
                 ^^^^^^^^^^^^^^^^
  File "/home/ephraim_feldblum/git/RedisJSON/tests/pytest/test_multi.py", line 370, in testStrAppendCommand
    r.assertOk(r.execute_command('JSON.SET', 'doc1', '$', '{"a":"foo", "nested1": {"a": "hello"}, "nested2": {"a": 31}}'))
               ^^^^^^^^^^^^^^^^^^^^^^^^^^^^^^^^^^^^^^^^^^^^^^^^^^^^^^^^^^^^^^^^^^^^^^^^^^^^^^^^^^^^^^^^^^^^^^^^^^^^^^^^^^
  File "/home/ephraim_feldblum/venv/lib/python3.11/site-packages/RLTest/env.py", line 26, in method
    return target(*argc, **nargs)
           ^^^^^^^^^^^^^^^^^^^^^^
  File "/home/ephraim_feldblum/venv/lib/python3.11/site-packages/RLTest/env.py", line 504, in cmd
    res = self.con.execute_command(*query, **options)
          ^^^^^^^^^^^^^^^^^^^^^^^^^^^^^^^^^^^^^^^^^^^
  File "/home/ephraim_feldblum/venv/lib/python3.11/site-packages/redis/client.py", line 594, in execute_command
    conn = self.connection or pool.get_connection(command_name, **options)
                              ^^^^^^^^^^^^^^^^^^^^^^^^^^^^^^^^^^^^^^^^^^^^
  File "/home/ephraim_feldblum/venv/lib/python3.11/site-packages/redis/connection.py", line 1087, in get_connection
    connection.connect()
  File "/home/ephraim_feldblum/venv/lib/python3.11/site-packages/redis/connection.py", line 270, in connect
    raise ConnectionError(self._error_message(e))
redis.exceptions.ConnectionError: Error 111 connecting to localhost:6499. Connection refused.
[32mRedis master command: redis-server --port 6529 --loadmodule /home/ephraim_feldblum/git/RedisJSON/bin/linux-x64-release/rejson.so --logfile /dev/null --dbfilename 87c5dd0cacaa4a82932a63ee7d9eb109.master-1-test_multi_testStrLenCommand-oss.rdb --enable-debug-command yes --enable-protected-configs yes[0m
[36mtest_multi:testStrLenCommand[0m:
	[31;1m[ERROR][0m
	[31;1mUnhandled exception: Error 111 connecting to localhost:6529. Connection refused.[0m
Traceback (most recent call last):
  File "/home/ephraim_feldblum/venv/lib/python3.11/site-packages/redis/connection.py", line 264, in connect
    sock = self.retry.call_with_retry(
           ^^^^^^^^^^^^^^^^^^^^^^^^^^^
  File "/home/ephraim_feldblum/venv/lib/python3.11/site-packages/redis/retry.py", line 46, in call_with_retry
    return do()
           ^^^^
  File "/home/ephraim_feldblum/venv/lib/python3.11/site-packages/redis/connection.py", line 265, in <lambda>
    lambda: self._connect(), lambda error: self.disconnect(error)
            ^^^^^^^^^^^^^^^
  File "/home/ephraim_feldblum/venv/lib/python3.11/site-packages/redis/connection.py", line 627, in _connect
    raise err
  File "/home/ephraim_feldblum/venv/lib/python3.11/site-packages/redis/connection.py", line 615, in _connect
    sock.connect(socket_address)
ConnectionRefusedError: [Errno 111] Connection refused

During handling of the above exception, another exception occurred:

Traceback (most recent call last):
  File "/home/ephraim_feldblum/venv/lib/python3.11/site-packages/RLTest/__main__.py", line 715, in _runTest
    fn()
  File "/home/ephraim_feldblum/venv/lib/python3.11/site-packages/RLTest/__main__.py", line 704, in <lambda>
    fn = lambda: test.target(env)
                 ^^^^^^^^^^^^^^^^
  File "/home/ephraim_feldblum/git/RedisJSON/tests/pytest/test_multi.py", line 406, in testStrLenCommand
    r.assertOk(r.execute_command('JSON.SET', 'doc1', '$', '{"a":"foo", "nested1": {"a": "hello"}, "nested2": {"a": 31}}'))
               ^^^^^^^^^^^^^^^^^^^^^^^^^^^^^^^^^^^^^^^^^^^^^^^^^^^^^^^^^^^^^^^^^^^^^^^^^^^^^^^^^^^^^^^^^^^^^^^^^^^^^^^^^^
  File "/home/ephraim_feldblum/venv/lib/python3.11/site-packages/RLTest/env.py", line 26, in method
    return target(*argc, **nargs)
           ^^^^^^^^^^^^^^^^^^^^^^
  File "/home/ephraim_feldblum/venv/lib/python3.11/site-packages/RLTest/env.py", line 504, in cmd
    res = self.con.execute_command(*query, **options)
          ^^^^^^^^^^^^^^^^^^^^^^^^^^^^^^^^^^^^^^^^^^^
  File "/home/ephraim_feldblum/venv/lib/python3.11/site-packages/redis/client.py", line 594, in execute_command
    conn = self.connection or pool.get_connection(command_name, **options)
                              ^^^^^^^^^^^^^^^^^^^^^^^^^^^^^^^^^^^^^^^^^^^^
  File "/home/ephraim_feldblum/venv/lib/python3.11/site-packages/redis/connection.py", line 1087, in get_connection
    connection.connect()
  File "/home/ephraim_feldblum/venv/lib/python3.11/site-packages/redis/connection.py", line 270, in connect
    raise ConnectionError(self._error_message(e))
redis.exceptions.ConnectionError: Error 111 connecting to localhost:6529. Connection refused.
[32mRedis master command: redis-server --port 6559 --loadmodule /home/ephraim_feldblum/git/RedisJSON/bin/linux-x64-release/rejson.so --logfile /dev/null --dbfilename 75d723b38f6544c09341597ae44a4120.master-1-test_multi_testTypeCommand-oss.rdb --enable-debug-command yes --enable-protected-configs yes[0m
[36mtest_multi:testTypeCommand[0m:
	[31;1m[ERROR][0m
	[31;1mUnhandled exception: Error 111 connecting to localhost:6559. Connection refused.[0m
Traceback (most recent call last):
  File "/home/ephraim_feldblum/venv/lib/python3.11/site-packages/redis/connection.py", line 264, in connect
    sock = self.retry.call_with_retry(
           ^^^^^^^^^^^^^^^^^^^^^^^^^^^
  File "/home/ephraim_feldblum/venv/lib/python3.11/site-packages/redis/retry.py", line 46, in call_with_retry
    return do()
           ^^^^
  File "/home/ephraim_feldblum/venv/lib/python3.11/site-packages/redis/connection.py", line 265, in <lambda>
    lambda: self._connect(), lambda error: self.disconnect(error)
            ^^^^^^^^^^^^^^^
  File "/home/ephraim_feldblum/venv/lib/python3.11/site-packages/redis/connection.py", line 627, in _connect
    raise err
  File "/home/ephraim_feldblum/venv/lib/python3.11/site-packages/redis/connection.py", line 615, in _connect
    sock.connect(socket_address)
ConnectionRefusedError: [Errno 111] Connection refused

During handling of the above exception, another exception occurred:

Traceback (most recent call last):
  File "/home/ephraim_feldblum/venv/lib/python3.11/site-packages/RLTest/__main__.py", line 715, in _runTest
    fn()
  File "/home/ephraim_feldblum/venv/lib/python3.11/site-packages/RLTest/__main__.py", line 704, in <lambda>
    fn = lambda: test.target(env)
                 ^^^^^^^^^^^^^^^^
  File "/home/ephraim_feldblum/git/RedisJSON/tests/pytest/test_multi.py", line 741, in testTypeCommand
    r.assertOk(r.execute_command('JSON.SET', 'doc1', '$', json.dumps(jdata)))
               ^^^^^^^^^^^^^^^^^^^^^^^^^^^^^^^^^^^^^^^^^^^^^^^^^^^^^^^^^^^^^
  File "/home/ephraim_feldblum/venv/lib/python3.11/site-packages/RLTest/env.py", line 26, in method
    return target(*argc, **nargs)
           ^^^^^^^^^^^^^^^^^^^^^^
  File "/home/ephraim_feldblum/venv/lib/python3.11/site-packages/RLTest/env.py", line 504, in cmd
    res = self.con.execute_command(*query, **options)
          ^^^^^^^^^^^^^^^^^^^^^^^^^^^^^^^^^^^^^^^^^^^
  File "/home/ephraim_feldblum/venv/lib/python3.11/site-packages/redis/client.py", line 594, in execute_command
    conn = self.connection or pool.get_connection(command_name, **options)
                              ^^^^^^^^^^^^^^^^^^^^^^^^^^^^^^^^^^^^^^^^^^^^
  File "/home/ephraim_feldblum/venv/lib/python3.11/site-packages/redis/connection.py", line 1087, in get_connection
    connection.connect()
  File "/home/ephraim_feldblum/venv/lib/python3.11/site-packages/redis/connection.py", line 270, in connect
    raise ConnectionError(self._error_message(e))
redis.exceptions.ConnectionError: Error 111 connecting to localhost:6559. Connection refused.
[32mRedis master command: redis-server --port 6589 --loadmodule /home/ephraim_feldblum/git/RedisJSON/bin/linux-x64-release/rejson.so --logfile /dev/null --dbfilename c343ba49fdf042188f957c4d4f449574.master-1-test_multi_testToggleCommand-oss.rdb --enable-debug-command yes --enable-protected-configs yes[0m
[36mtest_multi:testToggleCommand[0m:
	[31;1m[ERROR][0m
	[31;1mUnhandled exception: Error 111 connecting to localhost:6589. Connection refused.[0m
Traceback (most recent call last):
  File "/home/ephraim_feldblum/venv/lib/python3.11/site-packages/redis/connection.py", line 264, in connect
    sock = self.retry.call_with_retry(
           ^^^^^^^^^^^^^^^^^^^^^^^^^^^
  File "/home/ephraim_feldblum/venv/lib/python3.11/site-packages/redis/retry.py", line 46, in call_with_retry
    return do()
           ^^^^
  File "/home/ephraim_feldblum/venv/lib/python3.11/site-packages/redis/connection.py", line 265, in <lambda>
    lambda: self._connect(), lambda error: self.disconnect(error)
            ^^^^^^^^^^^^^^^
  File "/home/ephraim_feldblum/venv/lib/python3.11/site-packages/redis/connection.py", line 627, in _connect
    raise err
  File "/home/ephraim_feldblum/venv/lib/python3.11/site-packages/redis/connection.py", line 615, in _connect
    sock.connect(socket_address)
ConnectionRefusedError: [Errno 111] Connection refused

During handling of the above exception, another exception occurred:

Traceback (most recent call last):
  File "/home/ephraim_feldblum/venv/lib/python3.11/site-packages/RLTest/__main__.py", line 715, in _runTest
    fn()
  File "/home/ephraim_feldblum/venv/lib/python3.11/site-packages/RLTest/__main__.py", line 704, in <lambda>
    fn = lambda: test.target(env)
                 ^^^^^^^^^^^^^^^^
  File "/home/ephraim_feldblum/git/RedisJSON/tests/pytest/test_multi.py", line 800, in testToggleCommand
    r.assertOk(r.execute_command('JSON.SET', 'doc1', '$', '{"a":["foo"], "nested1": {"a": false}, "nested2": {"a": 31}, "nested3": {"a": true}}'))
               ^^^^^^^^^^^^^^^^^^^^^^^^^^^^^^^^^^^^^^^^^^^^^^^^^^^^^^^^^^^^^^^^^^^^^^^^^^^^^^^^^^^^^^^^^^^^^^^^^^^^^^^^^^^^^^^^^^^^^^^^^^^^^^^^^^
  File "/home/ephraim_feldblum/venv/lib/python3.11/site-packages/RLTest/env.py", line 26, in method
    return target(*argc, **nargs)
           ^^^^^^^^^^^^^^^^^^^^^^
  File "/home/ephraim_feldblum/venv/lib/python3.11/site-packages/RLTest/env.py", line 504, in cmd
    res = self.con.execute_command(*query, **options)
          ^^^^^^^^^^^^^^^^^^^^^^^^^^^^^^^^^^^^^^^^^^^
  File "/home/ephraim_feldblum/venv/lib/python3.11/site-packages/redis/client.py", line 594, in execute_command
    conn = self.connection or pool.get_connection(command_name, **options)
                              ^^^^^^^^^^^^^^^^^^^^^^^^^^^^^^^^^^^^^^^^^^^^
  File "/home/ephraim_feldblum/venv/lib/python3.11/site-packages/redis/connection.py", line 1087, in get_connection
    connection.connect()
  File "/home/ephraim_feldblum/venv/lib/python3.11/site-packages/redis/connection.py", line 270, in connect
    raise ConnectionError(self._error_message(e))
redis.exceptions.ConnectionError: Error 111 connecting to localhost:6589. Connection refused.
[32mRedis master command: redis-server --port 6469 --loadmodule /home/ephraim_feldblum/git/RedisJSON/bin/linux-x64-release/rejson.so --logfile /dev/null --dbfilename 6feaaa354f844a5d9f8687dc834784a8.master-1-test_resp3_testResp3-oss.rdb --enable-debug-command yes --enable-protected-configs yes[0m
[36m	test_resp3:testResp3.test_resp3_set_get_expand_format[0m:
	[31;1m[ERROR][0m
	[31;1mUnhandled exception: Error 111 connecting to localhost:6469. Connection refused.[0m
Traceback (most recent call last):
  File "/home/ephraim_feldblum/venv/lib/python3.11/site-packages/redis/connection.py", line 264, in connect
    sock = self.retry.call_with_retry(
           ^^^^^^^^^^^^^^^^^^^^^^^^^^^
  File "/home/ephraim_feldblum/venv/lib/python3.11/site-packages/redis/retry.py", line 46, in call_with_retry
    return do()
           ^^^^
  File "/home/ephraim_feldblum/venv/lib/python3.11/site-packages/redis/connection.py", line 265, in <lambda>
    lambda: self._connect(), lambda error: self.disconnect(error)
            ^^^^^^^^^^^^^^^
  File "/home/ephraim_feldblum/venv/lib/python3.11/site-packages/redis/connection.py", line 627, in _connect
    raise err
  File "/home/ephraim_feldblum/venv/lib/python3.11/site-packages/redis/connection.py", line 615, in _connect
    sock.connect(socket_address)
ConnectionRefusedError: [Errno 111] Connection refused

During handling of the above exception, another exception occurred:

Traceback (most recent call last):
  File "/home/ephraim_feldblum/venv/lib/python3.11/site-packages/RLTest/__main__.py", line 715, in _runTest
    fn()
  File "/home/ephraim_feldblum/git/RedisJSON/tests/pytest/test_resp3.py", line 53, in test_resp3_set_get_expand_format
    r.skipOnVersionSmaller('7.0')
  File "/home/ephraim_feldblum/venv/lib/python3.11/site-packages/RLTest/env.py", line 604, in skipOnVersionSmaller
    res = self.con.execute_command('INFO')
          ^^^^^^^^^^^^^^^^^^^^^^^^^^^^^^^^
  File "/home/ephraim_feldblum/venv/lib/python3.11/site-packages/redis/client.py", line 594, in execute_command
    conn = self.connection or pool.get_connection(command_name, **options)
                              ^^^^^^^^^^^^^^^^^^^^^^^^^^^^^^^^^^^^^^^^^^^^
  File "/home/ephraim_feldblum/venv/lib/python3.11/site-packages/redis/connection.py", line 1087, in get_connection
    connection.connect()
  File "/home/ephraim_feldblum/venv/lib/python3.11/site-packages/redis/connection.py", line 270, in connect
    raise ConnectionError(self._error_message(e))
redis.exceptions.ConnectionError: Error 111 connecting to localhost:6469. Connection refused.
[36m	test_resp3:testResp3.test_resp3_set_get_json_format[0m:
	[31;1m[ERROR][0m
	[31;1mUnhandled exception: Error 111 connecting to localhost:6469. Connection refused.[0m
Traceback (most recent call last):
  File "/home/ephraim_feldblum/venv/lib/python3.11/site-packages/redis/connection.py", line 264, in connect
    sock = self.retry.call_with_retry(
           ^^^^^^^^^^^^^^^^^^^^^^^^^^^
  File "/home/ephraim_feldblum/venv/lib/python3.11/site-packages/redis/retry.py", line 46, in call_with_retry
    return do()
           ^^^^
  File "/home/ephraim_feldblum/venv/lib/python3.11/site-packages/redis/connection.py", line 265, in <lambda>
    lambda: self._connect(), lambda error: self.disconnect(error)
            ^^^^^^^^^^^^^^^
  File "/home/ephraim_feldblum/venv/lib/python3.11/site-packages/redis/connection.py", line 627, in _connect
    raise err
  File "/home/ephraim_feldblum/venv/lib/python3.11/site-packages/redis/connection.py", line 615, in _connect
    sock.connect(socket_address)
ConnectionRefusedError: [Errno 111] Connection refused

During handling of the above exception, another exception occurred:

Traceback (most recent call last):
  File "/home/ephraim_feldblum/venv/lib/python3.11/site-packages/RLTest/__main__.py", line 715, in _runTest
    fn()
  File "/home/ephraim_feldblum/git/RedisJSON/tests/pytest/test_resp3.py", line 24, in test_resp3_set_get_json_format
    r.skipOnVersionSmaller('7.0')
  File "/home/ephraim_feldblum/venv/lib/python3.11/site-packages/RLTest/env.py", line 604, in skipOnVersionSmaller
    res = self.con.execute_command('INFO')
          ^^^^^^^^^^^^^^^^^^^^^^^^^^^^^^^^
  File "/home/ephraim_feldblum/venv/lib/python3.11/site-packages/redis/client.py", line 594, in execute_command
    conn = self.connection or pool.get_connection(command_name, **options)
                              ^^^^^^^^^^^^^^^^^^^^^^^^^^^^^^^^^^^^^^^^^^^^
  File "/home/ephraim_feldblum/venv/lib/python3.11/site-packages/redis/connection.py", line 1087, in get_connection
    connection.connect()
  File "/home/ephraim_feldblum/venv/lib/python3.11/site-packages/redis/connection.py", line 270, in connect
    raise ConnectionError(self._error_message(e))
redis.exceptions.ConnectionError: Error 111 connecting to localhost:6469. Connection refused.
[36m	test_resp3:testResp3.test_resp3_set_get_string_format[0m:
	[31;1m[ERROR][0m
	[31;1mUnhandled exception: Error 111 connecting to localhost:6469. Connection refused.[0m
Traceback (most recent call last):
  File "/home/ephraim_feldblum/venv/lib/python3.11/site-packages/redis/connection.py", line 264, in connect
    sock = self.retry.call_with_retry(
           ^^^^^^^^^^^^^^^^^^^^^^^^^^^
  File "/home/ephraim_feldblum/venv/lib/python3.11/site-packages/redis/retry.py", line 46, in call_with_retry
    return do()
           ^^^^
  File "/home/ephraim_feldblum/venv/lib/python3.11/site-packages/redis/connection.py", line 265, in <lambda>
    lambda: self._connect(), lambda error: self.disconnect(error)
            ^^^^^^^^^^^^^^^
  File "/home/ephraim_feldblum/venv/lib/python3.11/site-packages/redis/connection.py", line 627, in _connect
    raise err
  File "/home/ephraim_feldblum/venv/lib/python3.11/site-packages/redis/connection.py", line 615, in _connect
    sock.connect(socket_address)
ConnectionRefusedError: [Errno 111] Connection refused

During handling of the above exception, another exception occurred:

Traceback (most recent call last):
  File "/home/ephraim_feldblum/venv/lib/python3.11/site-packages/RLTest/__main__.py", line 715, in _runTest
    fn()
  File "/home/ephraim_feldblum/git/RedisJSON/tests/pytest/test_resp3.py", line 89, in test_resp3_set_get_string_format
    r.skipOnVersionSmaller('7.0')
  File "/home/ephraim_feldblum/venv/lib/python3.11/site-packages/RLTest/env.py", line 604, in skipOnVersionSmaller
    res = self.con.execute_command('INFO')
          ^^^^^^^^^^^^^^^^^^^^^^^^^^^^^^^^
  File "/home/ephraim_feldblum/venv/lib/python3.11/site-packages/redis/client.py", line 594, in execute_command
    conn = self.connection or pool.get_connection(command_name, **options)
                              ^^^^^^^^^^^^^^^^^^^^^^^^^^^^^^^^^^^^^^^^^^^^
  File "/home/ephraim_feldblum/venv/lib/python3.11/site-packages/redis/connection.py", line 1087, in get_connection
    connection.connect()
  File "/home/ephraim_feldblum/venv/lib/python3.11/site-packages/redis/connection.py", line 270, in connect
    raise ConnectionError(self._error_message(e))
redis.exceptions.ConnectionError: Error 111 connecting to localhost:6469. Connection refused.
[36m	test_resp3:testResp3.test_resp_default_path[0m:
	[31;1m[ERROR][0m
	[31;1mUnhandled exception: Error 111 connecting to localhost:6469. Connection refused.[0m
Traceback (most recent call last):
  File "/home/ephraim_feldblum/venv/lib/python3.11/site-packages/redis/connection.py", line 264, in connect
    sock = self.retry.call_with_retry(
           ^^^^^^^^^^^^^^^^^^^^^^^^^^^
  File "/home/ephraim_feldblum/venv/lib/python3.11/site-packages/redis/retry.py", line 46, in call_with_retry
    return do()
           ^^^^
  File "/home/ephraim_feldblum/venv/lib/python3.11/site-packages/redis/connection.py", line 265, in <lambda>
    lambda: self._connect(), lambda error: self.disconnect(error)
            ^^^^^^^^^^^^^^^
  File "/home/ephraim_feldblum/venv/lib/python3.11/site-packages/redis/connection.py", line 627, in _connect
    raise err
  File "/home/ephraim_feldblum/venv/lib/python3.11/site-packages/redis/connection.py", line 615, in _connect
    sock.connect(socket_address)
ConnectionRefusedError: [Errno 111] Connection refused

During handling of the above exception, another exception occurred:

Traceback (most recent call last):
  File "/home/ephraim_feldblum/venv/lib/python3.11/site-packages/RLTest/__main__.py", line 715, in _runTest
    fn()
  File "/home/ephraim_feldblum/git/RedisJSON/tests/pytest/test_resp3.py", line 319, in test_resp_default_path
    r.skipOnVersionSmaller('7.0')
  File "/home/ephraim_feldblum/venv/lib/python3.11/site-packages/RLTest/env.py", line 604, in skipOnVersionSmaller
    res = self.con.execute_command('INFO')
          ^^^^^^^^^^^^^^^^^^^^^^^^^^^^^^^^
  File "/home/ephraim_feldblum/venv/lib/python3.11/site-packages/redis/client.py", line 594, in execute_command
    conn = self.connection or pool.get_connection(command_name, **options)
                              ^^^^^^^^^^^^^^^^^^^^^^^^^^^^^^^^^^^^^^^^^^^^
  File "/home/ephraim_feldblum/venv/lib/python3.11/site-packages/redis/connection.py", line 1087, in get_connection
    connection.connect()
  File "/home/ephraim_feldblum/venv/lib/python3.11/site-packages/redis/connection.py", line 270, in connect
    raise ConnectionError(self._error_message(e))
redis.exceptions.ConnectionError: Error 111 connecting to localhost:6469. Connection refused.
[36m	test_resp3:testResp3.test_resp_json_arrpop[0m:
	[31;1m[ERROR][0m
	[31;1mUnhandled exception: Error 111 connecting to localhost:6469. Connection refused.[0m
Traceback (most recent call last):
  File "/home/ephraim_feldblum/venv/lib/python3.11/site-packages/redis/connection.py", line 264, in connect
    sock = self.retry.call_with_retry(
           ^^^^^^^^^^^^^^^^^^^^^^^^^^^
  File "/home/ephraim_feldblum/venv/lib/python3.11/site-packages/redis/retry.py", line 46, in call_with_retry
    return do()
           ^^^^
  File "/home/ephraim_feldblum/venv/lib/python3.11/site-packages/redis/connection.py", line 265, in <lambda>
    lambda: self._connect(), lambda error: self.disconnect(error)
            ^^^^^^^^^^^^^^^
  File "/home/ephraim_feldblum/venv/lib/python3.11/site-packages/redis/connection.py", line 627, in _connect
    raise err
  File "/home/ephraim_feldblum/venv/lib/python3.11/site-packages/redis/connection.py", line 615, in _connect
    sock.connect(socket_address)
ConnectionRefusedError: [Errno 111] Connection refused

During handling of the above exception, another exception occurred:

Traceback (most recent call last):
  File "/home/ephraim_feldblum/venv/lib/python3.11/site-packages/RLTest/__main__.py", line 715, in _runTest
    fn()
  File "/home/ephraim_feldblum/git/RedisJSON/tests/pytest/test_resp3.py", line 215, in test_resp_json_arrpop
    r.skipOnVersionSmaller('7.0')
  File "/home/ephraim_feldblum/venv/lib/python3.11/site-packages/RLTest/env.py", line 604, in skipOnVersionSmaller
    res = self.con.execute_command('INFO')
          ^^^^^^^^^^^^^^^^^^^^^^^^^^^^^^^^
  File "/home/ephraim_feldblum/venv/lib/python3.11/site-packages/redis/client.py", line 594, in execute_command
    conn = self.connection or pool.get_connection(command_name, **options)
                              ^^^^^^^^^^^^^^^^^^^^^^^^^^^^^^^^^^^^^^^^^^^^
  File "/home/ephraim_feldblum/venv/lib/python3.11/site-packages/redis/connection.py", line 1087, in get_connection
    connection.connect()
  File "/home/ephraim_feldblum/venv/lib/python3.11/site-packages/redis/connection.py", line 270, in connect
    raise ConnectionError(self._error_message(e))
redis.exceptions.ConnectionError: Error 111 connecting to localhost:6469. Connection refused.
[36m	test_resp3:testResp3.test_resp_json_arrpop_format_expand[0m:
	[31;1m[ERROR][0m
	[31;1mUnhandled exception: Error 111 connecting to localhost:6469. Connection refused.[0m
Traceback (most recent call last):
  File "/home/ephraim_feldblum/venv/lib/python3.11/site-packages/redis/connection.py", line 264, in connect
    sock = self.retry.call_with_retry(
           ^^^^^^^^^^^^^^^^^^^^^^^^^^^
  File "/home/ephraim_feldblum/venv/lib/python3.11/site-packages/redis/retry.py", line 46, in call_with_retry
    return do()
           ^^^^
  File "/home/ephraim_feldblum/venv/lib/python3.11/site-packages/redis/connection.py", line 265, in <lambda>
    lambda: self._connect(), lambda error: self.disconnect(error)
            ^^^^^^^^^^^^^^^
  File "/home/ephraim_feldblum/venv/lib/python3.11/site-packages/redis/connection.py", line 627, in _connect
    raise err
  File "/home/ephraim_feldblum/venv/lib/python3.11/site-packages/redis/connection.py", line 615, in _connect
    sock.connect(socket_address)
ConnectionRefusedError: [Errno 111] Connection refused

During handling of the above exception, another exception occurred:

Traceback (most recent call last):
  File "/home/ephraim_feldblum/venv/lib/python3.11/site-packages/RLTest/__main__.py", line 715, in _runTest
    fn()
  File "/home/ephraim_feldblum/git/RedisJSON/tests/pytest/test_resp3.py", line 248, in test_resp_json_arrpop_format_expand
    r.skipOnVersionSmaller('7.0')
  File "/home/ephraim_feldblum/venv/lib/python3.11/site-packages/RLTest/env.py", line 604, in skipOnVersionSmaller
    res = self.con.execute_command('INFO')
          ^^^^^^^^^^^^^^^^^^^^^^^^^^^^^^^^
  File "/home/ephraim_feldblum/venv/lib/python3.11/site-packages/redis/client.py", line 594, in execute_command
    conn = self.connection or pool.get_connection(command_name, **options)
                              ^^^^^^^^^^^^^^^^^^^^^^^^^^^^^^^^^^^^^^^^^^^^
  File "/home/ephraim_feldblum/venv/lib/python3.11/site-packages/redis/connection.py", line 1087, in get_connection
    connection.connect()
  File "/home/ephraim_feldblum/venv/lib/python3.11/site-packages/redis/connection.py", line 270, in connect
    raise ConnectionError(self._error_message(e))
redis.exceptions.ConnectionError: Error 111 connecting to localhost:6469. Connection refused.
[36m	test_resp3:testResp3.test_resp_json_arrpop_format_expand1[0m:
	[31;1m[ERROR][0m
	[31;1mUnhandled exception: Error 111 connecting to localhost:6469. Connection refused.[0m
Traceback (most recent call last):
  File "/home/ephraim_feldblum/venv/lib/python3.11/site-packages/redis/connection.py", line 264, in connect
    sock = self.retry.call_with_retry(
           ^^^^^^^^^^^^^^^^^^^^^^^^^^^
  File "/home/ephraim_feldblum/venv/lib/python3.11/site-packages/redis/retry.py", line 46, in call_with_retry
    return do()
           ^^^^
  File "/home/ephraim_feldblum/venv/lib/python3.11/site-packages/redis/connection.py", line 265, in <lambda>
    lambda: self._connect(), lambda error: self.disconnect(error)
            ^^^^^^^^^^^^^^^
  File "/home/ephraim_feldblum/venv/lib/python3.11/site-packages/redis/connection.py", line 627, in _connect
    raise err
  File "/home/ephraim_feldblum/venv/lib/python3.11/site-packages/redis/connection.py", line 615, in _connect
    sock.connect(socket_address)
ConnectionRefusedError: [Errno 111] Connection refused

During handling of the above exception, another exception occurred:

Traceback (most recent call last):
  File "/home/ephraim_feldblum/venv/lib/python3.11/site-packages/RLTest/__main__.py", line 715, in _runTest
    fn()
  File "/home/ephraim_feldblum/git/RedisJSON/tests/pytest/test_resp3.py", line 267, in test_resp_json_arrpop_format_expand1
    r.skipOnVersionSmaller('7.0')
  File "/home/ephraim_feldblum/venv/lib/python3.11/site-packages/RLTest/env.py", line 604, in skipOnVersionSmaller
    res = self.con.execute_command('INFO')
          ^^^^^^^^^^^^^^^^^^^^^^^^^^^^^^^^
  File "/home/ephraim_feldblum/venv/lib/python3.11/site-packages/redis/client.py", line 594, in execute_command
    conn = self.connection or pool.get_connection(command_name, **options)
                              ^^^^^^^^^^^^^^^^^^^^^^^^^^^^^^^^^^^^^^^^^^^^
  File "/home/ephraim_feldblum/venv/lib/python3.11/site-packages/redis/connection.py", line 1087, in get_connection
    connection.connect()
  File "/home/ephraim_feldblum/venv/lib/python3.11/site-packages/redis/connection.py", line 270, in connect
    raise ConnectionError(self._error_message(e))
redis.exceptions.ConnectionError: Error 111 connecting to localhost:6469. Connection refused.
[36m	test_resp3:testResp3.test_resp_json_arrpop_format_strings[0m:
	[31;1m[ERROR][0m
	[31;1mUnhandled exception: Error 111 connecting to localhost:6469. Connection refused.[0m
Traceback (most recent call last):
  File "/home/ephraim_feldblum/venv/lib/python3.11/site-packages/redis/connection.py", line 264, in connect
    sock = self.retry.call_with_retry(
           ^^^^^^^^^^^^^^^^^^^^^^^^^^^
  File "/home/ephraim_feldblum/venv/lib/python3.11/site-packages/redis/retry.py", line 46, in call_with_retry
    return do()
           ^^^^
  File "/home/ephraim_feldblum/venv/lib/python3.11/site-packages/redis/connection.py", line 265, in <lambda>
    lambda: self._connect(), lambda error: self.disconnect(error)
            ^^^^^^^^^^^^^^^
  File "/home/ephraim_feldblum/venv/lib/python3.11/site-packages/redis/connection.py", line 627, in _connect
    raise err
  File "/home/ephraim_feldblum/venv/lib/python3.11/site-packages/redis/connection.py", line 615, in _connect
    sock.connect(socket_address)
ConnectionRefusedError: [Errno 111] Connection refused

During handling of the above exception, another exception occurred:

Traceback (most recent call last):
  File "/home/ephraim_feldblum/venv/lib/python3.11/site-packages/RLTest/__main__.py", line 715, in _runTest
    fn()
  File "/home/ephraim_feldblum/git/RedisJSON/tests/pytest/test_resp3.py", line 283, in test_resp_json_arrpop_format_strings
    r.skipOnVersionSmaller('7.0')
  File "/home/ephraim_feldblum/venv/lib/python3.11/site-packages/RLTest/env.py", line 604, in skipOnVersionSmaller
    res = self.con.execute_command('INFO')
          ^^^^^^^^^^^^^^^^^^^^^^^^^^^^^^^^
  File "/home/ephraim_feldblum/venv/lib/python3.11/site-packages/redis/client.py", line 594, in execute_command
    conn = self.connection or pool.get_connection(command_name, **options)
                              ^^^^^^^^^^^^^^^^^^^^^^^^^^^^^^^^^^^^^^^^^^^^
  File "/home/ephraim_feldblum/venv/lib/python3.11/site-packages/redis/connection.py", line 1087, in get_connection
    connection.connect()
  File "/home/ephraim_feldblum/venv/lib/python3.11/site-packages/redis/connection.py", line 270, in connect
    raise ConnectionError(self._error_message(e))
redis.exceptions.ConnectionError: Error 111 connecting to localhost:6469. Connection refused.
[36m	test_resp3:testResp3.test_resp_json_del[0m:
	[31;1m[ERROR][0m
	[31;1mUnhandled exception: Error 111 connecting to localhost:6469. Connection refused.[0m
Traceback (most recent call last):
  File "/home/ephraim_feldblum/venv/lib/python3.11/site-packages/redis/connection.py", line 264, in connect
    sock = self.retry.call_with_retry(
           ^^^^^^^^^^^^^^^^^^^^^^^^^^^
  File "/home/ephraim_feldblum/venv/lib/python3.11/site-packages/redis/retry.py", line 46, in call_with_retry
    return do()
           ^^^^
  File "/home/ephraim_feldblum/venv/lib/python3.11/site-packages/redis/connection.py", line 265, in <lambda>
    lambda: self._connect(), lambda error: self.disconnect(error)
            ^^^^^^^^^^^^^^^
  File "/home/ephraim_feldblum/venv/lib/python3.11/site-packages/redis/connection.py", line 627, in _connect
    raise err
  File "/home/ephraim_feldblum/venv/lib/python3.11/site-packages/redis/connection.py", line 615, in _connect
    sock.connect(socket_address)
ConnectionRefusedError: [Errno 111] Connection refused

During handling of the above exception, another exception occurred:

Traceback (most recent call last):
  File "/home/ephraim_feldblum/venv/lib/python3.11/site-packages/RLTest/__main__.py", line 715, in _runTest
    fn()
  File "/home/ephraim_feldblum/git/RedisJSON/tests/pytest/test_resp3.py", line 114, in test_resp_json_del
    r.skipOnVersionSmaller('7.0')
  File "/home/ephraim_feldblum/venv/lib/python3.11/site-packages/RLTest/env.py", line 604, in skipOnVersionSmaller
    res = self.con.execute_command('INFO')
          ^^^^^^^^^^^^^^^^^^^^^^^^^^^^^^^^
  File "/home/ephraim_feldblum/venv/lib/python3.11/site-packages/redis/client.py", line 594, in execute_command
    conn = self.connection or pool.get_connection(command_name, **options)
                              ^^^^^^^^^^^^^^^^^^^^^^^^^^^^^^^^^^^^^^^^^^^^
  File "/home/ephraim_feldblum/venv/lib/python3.11/site-packages/redis/connection.py", line 1087, in get_connection
    connection.connect()
  File "/home/ephraim_feldblum/venv/lib/python3.11/site-packages/redis/connection.py", line 270, in connect
    raise ConnectionError(self._error_message(e))
redis.exceptions.ConnectionError: Error 111 connecting to localhost:6469. Connection refused.
[36m	test_resp3:testResp3.test_resp_json_merge[0m:
	[31;1m[ERROR][0m
	[31;1mUnhandled exception: Error 111 connecting to localhost:6469. Connection refused.[0m
Traceback (most recent call last):
  File "/home/ephraim_feldblum/venv/lib/python3.11/site-packages/redis/connection.py", line 264, in connect
    sock = self.retry.call_with_retry(
           ^^^^^^^^^^^^^^^^^^^^^^^^^^^
  File "/home/ephraim_feldblum/venv/lib/python3.11/site-packages/redis/retry.py", line 46, in call_with_retry
    return do()
           ^^^^
  File "/home/ephraim_feldblum/venv/lib/python3.11/site-packages/redis/connection.py", line 265, in <lambda>
    lambda: self._connect(), lambda error: self.disconnect(error)
            ^^^^^^^^^^^^^^^
  File "/home/ephraim_feldblum/venv/lib/python3.11/site-packages/redis/connection.py", line 627, in _connect
    raise err
  File "/home/ephraim_feldblum/venv/lib/python3.11/site-packages/redis/connection.py", line 615, in _connect
    sock.connect(socket_address)
ConnectionRefusedError: [Errno 111] Connection refused

During handling of the above exception, another exception occurred:

Traceback (most recent call last):
  File "/home/ephraim_feldblum/venv/lib/python3.11/site-packages/RLTest/__main__.py", line 715, in _runTest
    fn()
  File "/home/ephraim_feldblum/git/RedisJSON/tests/pytest/test_resp3.py", line 173, in test_resp_json_merge
    r.skipOnVersionSmaller('7.0')
  File "/home/ephraim_feldblum/venv/lib/python3.11/site-packages/RLTest/env.py", line 604, in skipOnVersionSmaller
    res = self.con.execute_command('INFO')
          ^^^^^^^^^^^^^^^^^^^^^^^^^^^^^^^^
  File "/home/ephraim_feldblum/venv/lib/python3.11/site-packages/redis/client.py", line 594, in execute_command
    conn = self.connection or pool.get_connection(command_name, **options)
                              ^^^^^^^^^^^^^^^^^^^^^^^^^^^^^^^^^^^^^^^^^^^^
  File "/home/ephraim_feldblum/venv/lib/python3.11/site-packages/redis/connection.py", line 1087, in get_connection
    connection.connect()
  File "/home/ephraim_feldblum/venv/lib/python3.11/site-packages/redis/connection.py", line 270, in connect
    raise ConnectionError(self._error_message(e))
redis.exceptions.ConnectionError: Error 111 connecting to localhost:6469. Connection refused.
[36m	test_resp3:testResp3.test_resp_json_mget[0m:
	[31;1m[ERROR][0m
	[31;1mUnhandled exception: Error 111 connecting to localhost:6469. Connection refused.[0m
Traceback (most recent call last):
  File "/home/ephraim_feldblum/venv/lib/python3.11/site-packages/redis/connection.py", line 264, in connect
    sock = self.retry.call_with_retry(
           ^^^^^^^^^^^^^^^^^^^^^^^^^^^
  File "/home/ephraim_feldblum/venv/lib/python3.11/site-packages/redis/retry.py", line 46, in call_with_retry
    return do()
           ^^^^
  File "/home/ephraim_feldblum/venv/lib/python3.11/site-packages/redis/connection.py", line 265, in <lambda>
    lambda: self._connect(), lambda error: self.disconnect(error)
            ^^^^^^^^^^^^^^^
  File "/home/ephraim_feldblum/venv/lib/python3.11/site-packages/redis/connection.py", line 627, in _connect
    raise err
  File "/home/ephraim_feldblum/venv/lib/python3.11/site-packages/redis/connection.py", line 615, in _connect
    sock.connect(socket_address)
ConnectionRefusedError: [Errno 111] Connection refused

During handling of the above exception, another exception occurred:

Traceback (most recent call last):
  File "/home/ephraim_feldblum/venv/lib/python3.11/site-packages/RLTest/__main__.py", line 715, in _runTest
    fn()
  File "/home/ephraim_feldblum/git/RedisJSON/tests/pytest/test_resp3.py", line 305, in test_resp_json_mget
    r.skipOnVersionSmaller('7.0')
  File "/home/ephraim_feldblum/venv/lib/python3.11/site-packages/RLTest/env.py", line 604, in skipOnVersionSmaller
    res = self.con.execute_command('INFO')
          ^^^^^^^^^^^^^^^^^^^^^^^^^^^^^^^^
  File "/home/ephraim_feldblum/venv/lib/python3.11/site-packages/redis/client.py", line 594, in execute_command
    conn = self.connection or pool.get_connection(command_name, **options)
                              ^^^^^^^^^^^^^^^^^^^^^^^^^^^^^^^^^^^^^^^^^^^^
  File "/home/ephraim_feldblum/venv/lib/python3.11/site-packages/redis/connection.py", line 1087, in get_connection
    connection.connect()
  File "/home/ephraim_feldblum/venv/lib/python3.11/site-packages/redis/connection.py", line 270, in connect
    raise ConnectionError(self._error_message(e))
redis.exceptions.ConnectionError: Error 111 connecting to localhost:6469. Connection refused.
[36m	test_resp3:testResp3.test_resp_json_mset[0m:
	[31;1m[ERROR][0m
	[31;1mUnhandled exception: Error 111 connecting to localhost:6469. Connection refused.[0m
Traceback (most recent call last):
  File "/home/ephraim_feldblum/venv/lib/python3.11/site-packages/redis/connection.py", line 264, in connect
    sock = self.retry.call_with_retry(
           ^^^^^^^^^^^^^^^^^^^^^^^^^^^
  File "/home/ephraim_feldblum/venv/lib/python3.11/site-packages/redis/retry.py", line 46, in call_with_retry
    return do()
           ^^^^
  File "/home/ephraim_feldblum/venv/lib/python3.11/site-packages/redis/connection.py", line 265, in <lambda>
    lambda: self._connect(), lambda error: self.disconnect(error)
            ^^^^^^^^^^^^^^^
  File "/home/ephraim_feldblum/venv/lib/python3.11/site-packages/redis/connection.py", line 627, in _connect
    raise err
  File "/home/ephraim_feldblum/venv/lib/python3.11/site-packages/redis/connection.py", line 615, in _connect
    sock.connect(socket_address)
ConnectionRefusedError: [Errno 111] Connection refused

During handling of the above exception, another exception occurred:

Traceback (most recent call last):
  File "/home/ephraim_feldblum/venv/lib/python3.11/site-packages/RLTest/__main__.py", line 715, in _runTest
    fn()
  File "/home/ephraim_feldblum/git/RedisJSON/tests/pytest/test_resp3.py", line 158, in test_resp_json_mset
    r.skipOnVersionSmaller('7.0')
  File "/home/ephraim_feldblum/venv/lib/python3.11/site-packages/RLTest/env.py", line 604, in skipOnVersionSmaller
    res = self.con.execute_command('INFO')
          ^^^^^^^^^^^^^^^^^^^^^^^^^^^^^^^^
  File "/home/ephraim_feldblum/venv/lib/python3.11/site-packages/redis/client.py", line 594, in execute_command
    conn = self.connection or pool.get_connection(command_name, **options)
                              ^^^^^^^^^^^^^^^^^^^^^^^^^^^^^^^^^^^^^^^^^^^^
  File "/home/ephraim_feldblum/venv/lib/python3.11/site-packages/redis/connection.py", line 1087, in get_connection
    connection.connect()
  File "/home/ephraim_feldblum/venv/lib/python3.11/site-packages/redis/connection.py", line 270, in connect
    raise ConnectionError(self._error_message(e))
redis.exceptions.ConnectionError: Error 111 connecting to localhost:6469. Connection refused.
[36m	test_resp3:testResp3.test_resp_json_num_ops[0m:
	[31;1m[ERROR][0m
	[31;1mUnhandled exception: Error 111 connecting to localhost:6469. Connection refused.[0m
Traceback (most recent call last):
  File "/home/ephraim_feldblum/venv/lib/python3.11/site-packages/redis/connection.py", line 264, in connect
    sock = self.retry.call_with_retry(
           ^^^^^^^^^^^^^^^^^^^^^^^^^^^
  File "/home/ephraim_feldblum/venv/lib/python3.11/site-packages/redis/retry.py", line 46, in call_with_retry
    return do()
           ^^^^
  File "/home/ephraim_feldblum/venv/lib/python3.11/site-packages/redis/connection.py", line 265, in <lambda>
    lambda: self._connect(), lambda error: self.disconnect(error)
            ^^^^^^^^^^^^^^^
  File "/home/ephraim_feldblum/venv/lib/python3.11/site-packages/redis/connection.py", line 627, in _connect
    raise err
  File "/home/ephraim_feldblum/venv/lib/python3.11/site-packages/redis/connection.py", line 615, in _connect
    sock.connect(socket_address)
ConnectionRefusedError: [Errno 111] Connection refused

During handling of the above exception, another exception occurred:

Traceback (most recent call last):
  File "/home/ephraim_feldblum/venv/lib/python3.11/site-packages/RLTest/__main__.py", line 715, in _runTest
    fn()
  File "/home/ephraim_feldblum/git/RedisJSON/tests/pytest/test_resp3.py", line 134, in test_resp_json_num_ops
    r.skipOnVersionSmaller('7.0')
  File "/home/ephraim_feldblum/venv/lib/python3.11/site-packages/RLTest/env.py", line 604, in skipOnVersionSmaller
    res = self.con.execute_command('INFO')
          ^^^^^^^^^^^^^^^^^^^^^^^^^^^^^^^^
  File "/home/ephraim_feldblum/venv/lib/python3.11/site-packages/redis/client.py", line 594, in execute_command
    conn = self.connection or pool.get_connection(command_name, **options)
                              ^^^^^^^^^^^^^^^^^^^^^^^^^^^^^^^^^^^^^^^^^^^^
  File "/home/ephraim_feldblum/venv/lib/python3.11/site-packages/redis/connection.py", line 1087, in get_connection
    connection.connect()
  File "/home/ephraim_feldblum/venv/lib/python3.11/site-packages/redis/connection.py", line 270, in connect
    raise ConnectionError(self._error_message(e))
redis.exceptions.ConnectionError: Error 111 connecting to localhost:6469. Connection refused.
[36m	test_resp3:testResp3.test_resp_json_type[0m:
	[31;1m[ERROR][0m
	[31;1mUnhandled exception: Error 111 connecting to localhost:6469. Connection refused.[0m
Traceback (most recent call last):
  File "/home/ephraim_feldblum/venv/lib/python3.11/site-packages/redis/connection.py", line 264, in connect
    sock = self.retry.call_with_retry(
           ^^^^^^^^^^^^^^^^^^^^^^^^^^^
  File "/home/ephraim_feldblum/venv/lib/python3.11/site-packages/redis/retry.py", line 46, in call_with_retry
    return do()
           ^^^^
  File "/home/ephraim_feldblum/venv/lib/python3.11/site-packages/redis/connection.py", line 265, in <lambda>
    lambda: self._connect(), lambda error: self.disconnect(error)
            ^^^^^^^^^^^^^^^
  File "/home/ephraim_feldblum/venv/lib/python3.11/site-packages/redis/connection.py", line 627, in _connect
    raise err
  File "/home/ephraim_feldblum/venv/lib/python3.11/site-packages/redis/connection.py", line 615, in _connect
    sock.connect(socket_address)
ConnectionRefusedError: [Errno 111] Connection refused

During handling of the above exception, another exception occurred:

Traceback (most recent call last):
  File "/home/ephraim_feldblum/venv/lib/python3.11/site-packages/RLTest/__main__.py", line 715, in _runTest
    fn()
  File "/home/ephraim_feldblum/git/RedisJSON/tests/pytest/test_resp3.py", line 190, in test_resp_json_type
    r.skipOnVersionSmaller('7.0')
  File "/home/ephraim_feldblum/venv/lib/python3.11/site-packages/RLTest/env.py", line 604, in skipOnVersionSmaller
    res = self.con.execute_command('INFO')
          ^^^^^^^^^^^^^^^^^^^^^^^^^^^^^^^^
  File "/home/ephraim_feldblum/venv/lib/python3.11/site-packages/redis/client.py", line 594, in execute_command
    conn = self.connection or pool.get_connection(command_name, **options)
                              ^^^^^^^^^^^^^^^^^^^^^^^^^^^^^^^^^^^^^^^^^^^^
  File "/home/ephraim_feldblum/venv/lib/python3.11/site-packages/redis/connection.py", line 1087, in get_connection
    connection.connect()
  File "/home/ephraim_feldblum/venv/lib/python3.11/site-packages/redis/connection.py", line 270, in connect
    raise ConnectionError(self._error_message(e))
redis.exceptions.ConnectionError: Error 111 connecting to localhost:6469. Connection refused.
[32mRedis master command: redis-server --port 6439 --loadmodule /home/ephraim_feldblum/git/RedisJSON/bin/linux-x64-release/rejson.so --logfile /dev/null --dbfilename cc98a5921522462e9538b4ddf6e8d550.master-1-test_resp3_test_fail_with_resp2-oss.rdb --enable-debug-command yes --enable-protected-configs yes[0m
[36mtest_resp3:test_fail_with_resp2[0m:
	[31;1m[ERROR][0m
	[31;1mUnhandled exception: Error 111 connecting to localhost:6439. Connection refused.[0m
Traceback (most recent call last):
  File "/home/ephraim_feldblum/venv/lib/python3.11/site-packages/redis/connection.py", line 264, in connect
    sock = self.retry.call_with_retry(
           ^^^^^^^^^^^^^^^^^^^^^^^^^^^
  File "/home/ephraim_feldblum/venv/lib/python3.11/site-packages/redis/retry.py", line 46, in call_with_retry
    return do()
           ^^^^
  File "/home/ephraim_feldblum/venv/lib/python3.11/site-packages/redis/connection.py", line 265, in <lambda>
    lambda: self._connect(), lambda error: self.disconnect(error)
            ^^^^^^^^^^^^^^^
  File "/home/ephraim_feldblum/venv/lib/python3.11/site-packages/redis/connection.py", line 627, in _connect
    raise err
  File "/home/ephraim_feldblum/venv/lib/python3.11/site-packages/redis/connection.py", line 615, in _connect
    sock.connect(socket_address)
ConnectionRefusedError: [Errno 111] Connection refused

During handling of the above exception, another exception occurred:

Traceback (most recent call last):
  File "/home/ephraim_feldblum/venv/lib/python3.11/site-packages/RLTest/__main__.py", line 715, in _runTest
    fn()
  File "/home/ephraim_feldblum/git/RedisJSON/tests/pytest/test_resp3.py", line 349, in test_fail_with_resp2
    r.assertOk(r.execute_command('JSON.SET', 'doc', '$', '{"a":[1, 2, 3], "FORMAT": [1]}'))
               ^^^^^^^^^^^^^^^^^^^^^^^^^^^^^^^^^^^^^^^^^^^^^^^^^^^^^^^^^^^^^^^^^^^^^^^^^^^
  File "/home/ephraim_feldblum/venv/lib/python3.11/site-packages/RLTest/env.py", line 26, in method
    return target(*argc, **nargs)
           ^^^^^^^^^^^^^^^^^^^^^^
  File "/home/ephraim_feldblum/venv/lib/python3.11/site-packages/RLTest/env.py", line 504, in cmd
    res = self.con.execute_command(*query, **options)
          ^^^^^^^^^^^^^^^^^^^^^^^^^^^^^^^^^^^^^^^^^^^
  File "/home/ephraim_feldblum/venv/lib/python3.11/site-packages/redis/client.py", line 594, in execute_command
    conn = self.connection or pool.get_connection(command_name, **options)
                              ^^^^^^^^^^^^^^^^^^^^^^^^^^^^^^^^^^^^^^^^^^^^
  File "/home/ephraim_feldblum/venv/lib/python3.11/site-packages/redis/connection.py", line 1087, in get_connection
    connection.connect()
  File "/home/ephraim_feldblum/venv/lib/python3.11/site-packages/redis/connection.py", line 270, in connect
    raise ConnectionError(self._error_message(e))
redis.exceptions.ConnectionError: Error 111 connecting to localhost:6439. Connection refused.
[32mRedis master command: redis-server --port 6589 --loadmodule /home/ephraim_feldblum/git/RedisJSON/bin/linux-x64-release/rejson.so --logfile /dev/null --dbfilename 485262546bd94a43bad16a2ac2fc81dc.master-1-test_defrag_testDefragEmptyArray-oss.rdb --enable-debug-command yes --enable-protected-configs yes[0m
[36mtest_defrag:testDefragEmptyArray[0m:
	[31;1m[ERROR][0m
	[31;1mUnhandled exception: Error 111 connecting to localhost:6589. Connection refused.[0m
Traceback (most recent call last):
  File "/home/ephraim_feldblum/venv/lib/python3.11/site-packages/redis/connection.py", line 264, in connect
    sock = self.retry.call_with_retry(
           ^^^^^^^^^^^^^^^^^^^^^^^^^^^
  File "/home/ephraim_feldblum/venv/lib/python3.11/site-packages/redis/retry.py", line 46, in call_with_retry
    return do()
           ^^^^
  File "/home/ephraim_feldblum/venv/lib/python3.11/site-packages/redis/connection.py", line 265, in <lambda>
    lambda: self._connect(), lambda error: self.disconnect(error)
            ^^^^^^^^^^^^^^^
  File "/home/ephraim_feldblum/venv/lib/python3.11/site-packages/redis/connection.py", line 627, in _connect
    raise err
  File "/home/ephraim_feldblum/venv/lib/python3.11/site-packages/redis/connection.py", line 615, in _connect
    sock.connect(socket_address)
ConnectionRefusedError: [Errno 111] Connection refused

During handling of the above exception, another exception occurred:

Traceback (most recent call last):
  File "/home/ephraim_feldblum/venv/lib/python3.11/site-packages/RLTest/__main__.py", line 715, in _runTest
    fn()
  File "/home/ephraim_feldblum/venv/lib/python3.11/site-packages/RLTest/__main__.py", line 704, in <lambda>
    fn = lambda: test.target(env)
                 ^^^^^^^^^^^^^^^^
  File "/home/ephraim_feldblum/git/RedisJSON/tests/pytest/test_defrag.py", line 80, in testDefragEmptyArray
    defragOnObj(env, [])
  File "/home/ephraim_feldblum/git/RedisJSON/tests/pytest/test_defrag.py", line 21, in defragOnObj
    enableDefrag(env)
  File "/home/ephraim_feldblum/git/RedisJSON/tests/pytest/test_defrag.py", line 9, in enableDefrag
    env.cmd('CONFIG', 'SET', 'hz', '100')
  File "/home/ephraim_feldblum/venv/lib/python3.11/site-packages/RLTest/env.py", line 504, in cmd
    res = self.con.execute_command(*query, **options)
          ^^^^^^^^^^^^^^^^^^^^^^^^^^^^^^^^^^^^^^^^^^^
  File "/home/ephraim_feldblum/venv/lib/python3.11/site-packages/redis/client.py", line 594, in execute_command
    conn = self.connection or pool.get_connection(command_name, **options)
                              ^^^^^^^^^^^^^^^^^^^^^^^^^^^^^^^^^^^^^^^^^^^^
  File "/home/ephraim_feldblum/venv/lib/python3.11/site-packages/redis/connection.py", line 1087, in get_connection
    connection.connect()
  File "/home/ephraim_feldblum/venv/lib/python3.11/site-packages/redis/connection.py", line 270, in connect
    raise ConnectionError(self._error_message(e))
redis.exceptions.ConnectionError: Error 111 connecting to localhost:6589. Connection refused.
[32mRedis master command: redis-server --port 6409 --loadmodule /home/ephraim_feldblum/git/RedisJSON/bin/linux-x64-release/rejson.so --logfile /dev/null --dbfilename 442952836de94ca49dc9e21120db1b0a.master-1-test_defrag_testDefragArray-oss.rdb --enable-debug-command yes --enable-protected-configs yes[0m
[36mtest_defrag:testDefragArray[0m:
	[31;1m[ERROR][0m
	[31;1mUnhandled exception: Error 111 connecting to localhost:6409. Connection refused.[0m
Traceback (most recent call last):
  File "/home/ephraim_feldblum/venv/lib/python3.11/site-packages/redis/connection.py", line 264, in connect
    sock = self.retry.call_with_retry(
           ^^^^^^^^^^^^^^^^^^^^^^^^^^^
  File "/home/ephraim_feldblum/venv/lib/python3.11/site-packages/redis/retry.py", line 46, in call_with_retry
    return do()
           ^^^^
  File "/home/ephraim_feldblum/venv/lib/python3.11/site-packages/redis/connection.py", line 265, in <lambda>
    lambda: self._connect(), lambda error: self.disconnect(error)
            ^^^^^^^^^^^^^^^
  File "/home/ephraim_feldblum/venv/lib/python3.11/site-packages/redis/connection.py", line 627, in _connect
    raise err
  File "/home/ephraim_feldblum/venv/lib/python3.11/site-packages/redis/connection.py", line 615, in _connect
    sock.connect(socket_address)
ConnectionRefusedError: [Errno 111] Connection refused

During handling of the above exception, another exception occurred:

Traceback (most recent call last):
  File "/home/ephraim_feldblum/venv/lib/python3.11/site-packages/RLTest/__main__.py", line 715, in _runTest
    fn()
  File "/home/ephraim_feldblum/venv/lib/python3.11/site-packages/RLTest/__main__.py", line 704, in <lambda>
    fn = lambda: test.target(env)
                 ^^^^^^^^^^^^^^^^
  File "/home/ephraim_feldblum/git/RedisJSON/tests/pytest/test_defrag.py", line 83, in testDefragArray
    defragOnObj(env, [1, 2, 3])
  File "/home/ephraim_feldblum/git/RedisJSON/tests/pytest/test_defrag.py", line 21, in defragOnObj
    enableDefrag(env)
  File "/home/ephraim_feldblum/git/RedisJSON/tests/pytest/test_defrag.py", line 9, in enableDefrag
    env.cmd('CONFIG', 'SET', 'hz', '100')
  File "/home/ephraim_feldblum/venv/lib/python3.11/site-packages/RLTest/env.py", line 504, in cmd
    res = self.con.execute_command(*query, **options)
          ^^^^^^^^^^^^^^^^^^^^^^^^^^^^^^^^^^^^^^^^^^^
  File "/home/ephraim_feldblum/venv/lib/python3.11/site-packages/redis/client.py", line 594, in execute_command
    conn = self.connection or pool.get_connection(command_name, **options)
                              ^^^^^^^^^^^^^^^^^^^^^^^^^^^^^^^^^^^^^^^^^^^^
  File "/home/ephraim_feldblum/venv/lib/python3.11/site-packages/redis/connection.py", line 1087, in get_connection
    connection.connect()
  File "/home/ephraim_feldblum/venv/lib/python3.11/site-packages/redis/connection.py", line 270, in connect
    raise ConnectionError(self._error_message(e))
redis.exceptions.ConnectionError: Error 111 connecting to localhost:6409. Connection refused.
[32mRedis master command: redis-server --port 6379 --loadmodule /home/ephraim_feldblum/git/RedisJSON/bin/linux-x64-release/rejson.so --logfile /dev/null --dbfilename cbeccbdcc693413c930b5c7213bb0449.master-1-test_defrag_testDefragBigJsons-oss.rdb --enable-debug-command yes --enable-protected-configs yes[0m
[36mtest_defrag:testDefragBigJsons[0m:
	[31;1m[ERROR][0m
	[31;1mUnhandled exception: Error 111 connecting to localhost:6379. Connection refused.[0m
Traceback (most recent call last):
  File "/home/ephraim_feldblum/venv/lib/python3.11/site-packages/redis/connection.py", line 264, in connect
    sock = self.retry.call_with_retry(
           ^^^^^^^^^^^^^^^^^^^^^^^^^^^
  File "/home/ephraim_feldblum/venv/lib/python3.11/site-packages/redis/retry.py", line 46, in call_with_retry
    return do()
           ^^^^
  File "/home/ephraim_feldblum/venv/lib/python3.11/site-packages/redis/connection.py", line 265, in <lambda>
    lambda: self._connect(), lambda error: self.disconnect(error)
            ^^^^^^^^^^^^^^^
  File "/home/ephraim_feldblum/venv/lib/python3.11/site-packages/redis/connection.py", line 627, in _connect
    raise err
  File "/home/ephraim_feldblum/venv/lib/python3.11/site-packages/redis/connection.py", line 615, in _connect
    sock.connect(socket_address)
ConnectionRefusedError: [Errno 111] Connection refused

During handling of the above exception, another exception occurred:

Traceback (most recent call last):
  File "/home/ephraim_feldblum/venv/lib/python3.11/site-packages/RLTest/__main__.py", line 715, in _runTest
    fn()
  File "/home/ephraim_feldblum/venv/lib/python3.11/site-packages/RLTest/__main__.py", line 704, in <lambda>
    fn = lambda: test.target(env)
                 ^^^^^^^^^^^^^^^^
  File "/home/ephraim_feldblum/git/RedisJSON/tests/pytest/test_defrag.py", line 95, in testDefragBigJsons
    enableDefrag(env)
  File "/home/ephraim_feldblum/git/RedisJSON/tests/pytest/test_defrag.py", line 9, in enableDefrag
    env.cmd('CONFIG', 'SET', 'hz', '100')
  File "/home/ephraim_feldblum/venv/lib/python3.11/site-packages/RLTest/env.py", line 504, in cmd
    res = self.con.execute_command(*query, **options)
          ^^^^^^^^^^^^^^^^^^^^^^^^^^^^^^^^^^^^^^^^^^^
  File "/home/ephraim_feldblum/venv/lib/python3.11/site-packages/redis/client.py", line 594, in execute_command
    conn = self.connection or pool.get_connection(command_name, **options)
                              ^^^^^^^^^^^^^^^^^^^^^^^^^^^^^^^^^^^^^^^^^^^^
  File "/home/ephraim_feldblum/venv/lib/python3.11/site-packages/redis/connection.py", line 1087, in get_connection
    connection.connect()
  File "/home/ephraim_feldblum/venv/lib/python3.11/site-packages/redis/connection.py", line 270, in connect
    raise ConnectionError(self._error_message(e))
redis.exceptions.ConnectionError: Error 111 connecting to localhost:6379. Connection refused.
[32mRedis master command: redis-server --port 6499 --loadmodule /home/ephraim_feldblum/git/RedisJSON/bin/linux-x64-release/rejson.so --logfile /dev/null --dbfilename c4b1a4eacf364e3d806aa956398318e8.master-1-test_defrag_testDefragBigNumber-oss.rdb --enable-debug-command yes --enable-protected-configs yes[0m
[36mtest_defrag:testDefragBigNumber[0m:
	[31;1m[ERROR][0m
	[31;1mUnhandled exception: Error 111 connecting to localhost:6499. Connection refused.[0m
Traceback (most recent call last):
  File "/home/ephraim_feldblum/venv/lib/python3.11/site-packages/redis/connection.py", line 264, in connect
    sock = self.retry.call_with_retry(
           ^^^^^^^^^^^^^^^^^^^^^^^^^^^
  File "/home/ephraim_feldblum/venv/lib/python3.11/site-packages/redis/retry.py", line 46, in call_with_retry
    return do()
           ^^^^
  File "/home/ephraim_feldblum/venv/lib/python3.11/site-packages/redis/connection.py", line 265, in <lambda>
    lambda: self._connect(), lambda error: self.disconnect(error)
            ^^^^^^^^^^^^^^^
  File "/home/ephraim_feldblum/venv/lib/python3.11/site-packages/redis/connection.py", line 627, in _connect
    raise err
  File "/home/ephraim_feldblum/venv/lib/python3.11/site-packages/redis/connection.py", line 615, in _connect
    sock.connect(socket_address)
ConnectionRefusedError: [Errno 111] Connection refused

During handling of the above exception, another exception occurred:

Traceback (most recent call last):
  File "/home/ephraim_feldblum/venv/lib/python3.11/site-packages/RLTest/__main__.py", line 715, in _runTest
    fn()
  File "/home/ephraim_feldblum/venv/lib/python3.11/site-packages/RLTest/__main__.py", line 704, in <lambda>
    fn = lambda: test.target(env)
                 ^^^^^^^^^^^^^^^^
  File "/home/ephraim_feldblum/git/RedisJSON/tests/pytest/test_defrag.py", line 53, in testDefragBigNumber
    defragOnObj(env, 100000000000000000000)
  File "/home/ephraim_feldblum/git/RedisJSON/tests/pytest/test_defrag.py", line 21, in defragOnObj
    enableDefrag(env)
  File "/home/ephraim_feldblum/git/RedisJSON/tests/pytest/test_defrag.py", line 9, in enableDefrag
    env.cmd('CONFIG', 'SET', 'hz', '100')
  File "/home/ephraim_feldblum/venv/lib/python3.11/site-packages/RLTest/env.py", line 504, in cmd
    res = self.con.execute_command(*query, **options)
          ^^^^^^^^^^^^^^^^^^^^^^^^^^^^^^^^^^^^^^^^^^^
  File "/home/ephraim_feldblum/venv/lib/python3.11/site-packages/redis/client.py", line 594, in execute_command
    conn = self.connection or pool.get_connection(command_name, **options)
                              ^^^^^^^^^^^^^^^^^^^^^^^^^^^^^^^^^^^^^^^^^^^^
  File "/home/ephraim_feldblum/venv/lib/python3.11/site-packages/redis/connection.py", line 1087, in get_connection
    connection.connect()
  File "/home/ephraim_feldblum/venv/lib/python3.11/site-packages/redis/connection.py", line 270, in connect
    raise ConnectionError(self._error_message(e))
redis.exceptions.ConnectionError: Error 111 connecting to localhost:6499. Connection refused.
[32mRedis master command: redis-server --port 6529 --loadmodule /home/ephraim_feldblum/git/RedisJSON/bin/linux-x64-release/rejson.so --logfile /dev/null --dbfilename 3d9fc3da25684518bf7857e4f94e5efc.master-1-test_defrag_testDefragComplex-oss.rdb --enable-debug-command yes --enable-protected-configs yes[0m
[36mtest_defrag:testDefragComplex[0m:
	[31;1m[ERROR][0m
	[31;1mUnhandled exception: Error 111 connecting to localhost:6529. Connection refused.[0m
Traceback (most recent call last):
  File "/home/ephraim_feldblum/venv/lib/python3.11/site-packages/redis/connection.py", line 264, in connect
    sock = self.retry.call_with_retry(
           ^^^^^^^^^^^^^^^^^^^^^^^^^^^
  File "/home/ephraim_feldblum/venv/lib/python3.11/site-packages/redis/retry.py", line 46, in call_with_retry
    return do()
           ^^^^
  File "/home/ephraim_feldblum/venv/lib/python3.11/site-packages/redis/connection.py", line 265, in <lambda>
    lambda: self._connect(), lambda error: self.disconnect(error)
            ^^^^^^^^^^^^^^^
  File "/home/ephraim_feldblum/venv/lib/python3.11/site-packages/redis/connection.py", line 627, in _connect
    raise err
  File "/home/ephraim_feldblum/venv/lib/python3.11/site-packages/redis/connection.py", line 615, in _connect
    sock.connect(socket_address)
ConnectionRefusedError: [Errno 111] Connection refused

During handling of the above exception, another exception occurred:

Traceback (most recent call last):
  File "/home/ephraim_feldblum/venv/lib/python3.11/site-packages/RLTest/__main__.py", line 715, in _runTest
    fn()
  File "/home/ephraim_feldblum/venv/lib/python3.11/site-packages/RLTest/__main__.py", line 704, in <lambda>
    fn = lambda: test.target(env)
                 ^^^^^^^^^^^^^^^^
  File "/home/ephraim_feldblum/git/RedisJSON/tests/pytest/test_defrag.py", line 92, in testDefragComplex
    defragOnObj(env, {"foo": ["foo", 1, None, True, False, {}, {"foo": [], "bar": 1}]})
  File "/home/ephraim_feldblum/git/RedisJSON/tests/pytest/test_defrag.py", line 21, in defragOnObj
    enableDefrag(env)
  File "/home/ephraim_feldblum/git/RedisJSON/tests/pytest/test_defrag.py", line 9, in enableDefrag
    env.cmd('CONFIG', 'SET', 'hz', '100')
  File "/home/ephraim_feldblum/venv/lib/python3.11/site-packages/RLTest/env.py", line 504, in cmd
    res = self.con.execute_command(*query, **options)
          ^^^^^^^^^^^^^^^^^^^^^^^^^^^^^^^^^^^^^^^^^^^
  File "/home/ephraim_feldblum/venv/lib/python3.11/site-packages/redis/client.py", line 594, in execute_command
    conn = self.connection or pool.get_connection(command_name, **options)
                              ^^^^^^^^^^^^^^^^^^^^^^^^^^^^^^^^^^^^^^^^^^^^
  File "/home/ephraim_feldblum/venv/lib/python3.11/site-packages/redis/connection.py", line 1087, in get_connection
    connection.connect()
  File "/home/ephraim_feldblum/venv/lib/python3.11/site-packages/redis/connection.py", line 270, in connect
    raise ConnectionError(self._error_message(e))
redis.exceptions.ConnectionError: Error 111 connecting to localhost:6529. Connection refused.
[32mRedis master command: redis-server --port 6559 --loadmodule /home/ephraim_feldblum/git/RedisJSON/bin/linux-x64-release/rejson.so --logfile /dev/null --dbfilename 621b7532460c4d3e845ba1da1431a305.master-1-test_defrag_testDefragDouble-oss.rdb --enable-debug-command yes --enable-protected-configs yes[0m
[36mtest_defrag:testDefragDouble[0m:
	[31;1m[ERROR][0m
	[31;1mUnhandled exception: Error 111 connecting to localhost:6559. Connection refused.[0m
Traceback (most recent call last):
  File "/home/ephraim_feldblum/venv/lib/python3.11/site-packages/redis/connection.py", line 264, in connect
    sock = self.retry.call_with_retry(
           ^^^^^^^^^^^^^^^^^^^^^^^^^^^
  File "/home/ephraim_feldblum/venv/lib/python3.11/site-packages/redis/retry.py", line 46, in call_with_retry
    return do()
           ^^^^
  File "/home/ephraim_feldblum/venv/lib/python3.11/site-packages/redis/connection.py", line 265, in <lambda>
    lambda: self._connect(), lambda error: self.disconnect(error)
            ^^^^^^^^^^^^^^^
  File "/home/ephraim_feldblum/venv/lib/python3.11/site-packages/redis/connection.py", line 627, in _connect
    raise err
  File "/home/ephraim_feldblum/venv/lib/python3.11/site-packages/redis/connection.py", line 615, in _connect
    sock.connect(socket_address)
ConnectionRefusedError: [Errno 111] Connection refused

During handling of the above exception, another exception occurred:

Traceback (most recent call last):
  File "/home/ephraim_feldblum/venv/lib/python3.11/site-packages/RLTest/__main__.py", line 715, in _runTest
    fn()
  File "/home/ephraim_feldblum/venv/lib/python3.11/site-packages/RLTest/__main__.py", line 704, in <lambda>
    fn = lambda: test.target(env)
                 ^^^^^^^^^^^^^^^^
  File "/home/ephraim_feldblum/git/RedisJSON/tests/pytest/test_defrag.py", line 56, in testDefragDouble
    defragOnObj(env, 1.111111111111)
  File "/home/ephraim_feldblum/git/RedisJSON/tests/pytest/test_defrag.py", line 21, in defragOnObj
    enableDefrag(env)
  File "/home/ephraim_feldblum/git/RedisJSON/tests/pytest/test_defrag.py", line 9, in enableDefrag
    env.cmd('CONFIG', 'SET', 'hz', '100')
  File "/home/ephraim_feldblum/venv/lib/python3.11/site-packages/RLTest/env.py", line 504, in cmd
    res = self.con.execute_command(*query, **options)
          ^^^^^^^^^^^^^^^^^^^^^^^^^^^^^^^^^^^^^^^^^^^
  File "/home/ephraim_feldblum/venv/lib/python3.11/site-packages/redis/client.py", line 594, in execute_command
    conn = self.connection or pool.get_connection(command_name, **options)
                              ^^^^^^^^^^^^^^^^^^^^^^^^^^^^^^^^^^^^^^^^^^^^
  File "/home/ephraim_feldblum/venv/lib/python3.11/site-packages/redis/connection.py", line 1087, in get_connection
    connection.connect()
  File "/home/ephraim_feldblum/venv/lib/python3.11/site-packages/redis/connection.py", line 270, in connect
    raise ConnectionError(self._error_message(e))
redis.exceptions.ConnectionError: Error 111 connecting to localhost:6559. Connection refused.
[32mRedis master command: redis-server --port 6469 --loadmodule /home/ephraim_feldblum/git/RedisJSON/bin/linux-x64-release/rejson.so --logfile /dev/null --dbfilename 8a96389d6ab44ca3990578d980987930.master-1-test_defrag_testDefragEmptyObject-oss.rdb --enable-debug-command yes --enable-protected-configs yes[0m
[36mtest_defrag:testDefragEmptyObject[0m:
	[31;1m[ERROR][0m
	[31;1mUnhandled exception: Error 111 connecting to localhost:6469. Connection refused.[0m
Traceback (most recent call last):
  File "/home/ephraim_feldblum/venv/lib/python3.11/site-packages/redis/connection.py", line 264, in connect
    sock = self.retry.call_with_retry(
           ^^^^^^^^^^^^^^^^^^^^^^^^^^^
  File "/home/ephraim_feldblum/venv/lib/python3.11/site-packages/redis/retry.py", line 46, in call_with_retry
    return do()
           ^^^^
  File "/home/ephraim_feldblum/venv/lib/python3.11/site-packages/redis/connection.py", line 265, in <lambda>
    lambda: self._connect(), lambda error: self.disconnect(error)
            ^^^^^^^^^^^^^^^
  File "/home/ephraim_feldblum/venv/lib/python3.11/site-packages/redis/connection.py", line 627, in _connect
    raise err
  File "/home/ephraim_feldblum/venv/lib/python3.11/site-packages/redis/connection.py", line 615, in _connect
    sock.connect(socket_address)
ConnectionRefusedError: [Errno 111] Connection refused

During handling of the above exception, another exception occurred:

Traceback (most recent call last):
  File "/home/ephraim_feldblum/venv/lib/python3.11/site-packages/RLTest/__main__.py", line 715, in _runTest
    fn()
  File "/home/ephraim_feldblum/venv/lib/python3.11/site-packages/RLTest/__main__.py", line 704, in <lambda>
    fn = lambda: test.target(env)
                 ^^^^^^^^^^^^^^^^
  File "/home/ephraim_feldblum/git/RedisJSON/tests/pytest/test_defrag.py", line 86, in testDefragEmptyObject
    defragOnObj(env, {})
  File "/home/ephraim_feldblum/git/RedisJSON/tests/pytest/test_defrag.py", line 21, in defragOnObj
    enableDefrag(env)
  File "/home/ephraim_feldblum/git/RedisJSON/tests/pytest/test_defrag.py", line 9, in enableDefrag
    env.cmd('CONFIG', 'SET', 'hz', '100')
  File "/home/ephraim_feldblum/venv/lib/python3.11/site-packages/RLTest/env.py", line 504, in cmd
    res = self.con.execute_command(*query, **options)
          ^^^^^^^^^^^^^^^^^^^^^^^^^^^^^^^^^^^^^^^^^^^
  File "/home/ephraim_feldblum/venv/lib/python3.11/site-packages/redis/client.py", line 594, in execute_command
    conn = self.connection or pool.get_connection(command_name, **options)
                              ^^^^^^^^^^^^^^^^^^^^^^^^^^^^^^^^^^^^^^^^^^^^
  File "/home/ephraim_feldblum/venv/lib/python3.11/site-packages/redis/connection.py", line 1087, in get_connection
    connection.connect()
  File "/home/ephraim_feldblum/venv/lib/python3.11/site-packages/redis/connection.py", line 270, in connect
    raise ConnectionError(self._error_message(e))
redis.exceptions.ConnectionError: Error 111 connecting to localhost:6469. Connection refused.
[32mRedis master command: redis-server --port 6439 --loadmodule /home/ephraim_feldblum/git/RedisJSON/bin/linux-x64-release/rejson.so --logfile /dev/null --dbfilename b688633c9afc49a1b58cfcdd1b89266a.master-1-test_defrag_testDefragEmptyString-oss.rdb --enable-debug-command yes --enable-protected-configs yes[0m
[36mtest_defrag:testDefragEmptyString[0m:
	[31;1m[ERROR][0m
	[31;1mUnhandled exception: Error 111 connecting to localhost:6439. Connection refused.[0m
Traceback (most recent call last):
  File "/home/ephraim_feldblum/venv/lib/python3.11/site-packages/redis/connection.py", line 264, in connect
    sock = self.retry.call_with_retry(
           ^^^^^^^^^^^^^^^^^^^^^^^^^^^
  File "/home/ephraim_feldblum/venv/lib/python3.11/site-packages/redis/retry.py", line 46, in call_with_retry
    return do()
           ^^^^
  File "/home/ephraim_feldblum/venv/lib/python3.11/site-packages/redis/connection.py", line 265, in <lambda>
    lambda: self._connect(), lambda error: self.disconnect(error)
            ^^^^^^^^^^^^^^^
  File "/home/ephraim_feldblum/venv/lib/python3.11/site-packages/redis/connection.py", line 627, in _connect
    raise err
  File "/home/ephraim_feldblum/venv/lib/python3.11/site-packages/redis/connection.py", line 615, in _connect
    sock.connect(socket_address)
ConnectionRefusedError: [Errno 111] Connection refused

During handling of the above exception, another exception occurred:

Traceback (most recent call last):
  File "/home/ephraim_feldblum/venv/lib/python3.11/site-packages/RLTest/__main__.py", line 715, in _runTest
    fn()
  File "/home/ephraim_feldblum/venv/lib/python3.11/site-packages/RLTest/__main__.py", line 704, in <lambda>
    fn = lambda: test.target(env)
                 ^^^^^^^^^^^^^^^^
  File "/home/ephraim_feldblum/git/RedisJSON/tests/pytest/test_defrag.py", line 74, in testDefragEmptyString
    defragOnObj(env, "")
  File "/home/ephraim_feldblum/git/RedisJSON/tests/pytest/test_defrag.py", line 21, in defragOnObj
    enableDefrag(env)
  File "/home/ephraim_feldblum/git/RedisJSON/tests/pytest/test_defrag.py", line 9, in enableDefrag
    env.cmd('CONFIG', 'SET', 'hz', '100')
  File "/home/ephraim_feldblum/venv/lib/python3.11/site-packages/RLTest/env.py", line 504, in cmd
    res = self.con.execute_command(*query, **options)
          ^^^^^^^^^^^^^^^^^^^^^^^^^^^^^^^^^^^^^^^^^^^
  File "/home/ephraim_feldblum/venv/lib/python3.11/site-packages/redis/client.py", line 594, in execute_command
    conn = self.connection or pool.get_connection(command_name, **options)
                              ^^^^^^^^^^^^^^^^^^^^^^^^^^^^^^^^^^^^^^^^^^^^
  File "/home/ephraim_feldblum/venv/lib/python3.11/site-packages/redis/connection.py", line 1087, in get_connection
    connection.connect()
  File "/home/ephraim_feldblum/venv/lib/python3.11/site-packages/redis/connection.py", line 270, in connect
    raise ConnectionError(self._error_message(e))
redis.exceptions.ConnectionError: Error 111 connecting to localhost:6439. Connection refused.
[32mRedis master command: redis-server --port 6589 --loadmodule /home/ephraim_feldblum/git/RedisJSON/bin/linux-x64-release/rejson.so --logfile /dev/null --dbfilename 4afdebaed25b4bb29e6af76e735d9bce.master-1-test_defrag_testDefragFalse-oss.rdb --enable-debug-command yes --enable-protected-configs yes[0m
[36mtest_defrag:testDefragFalse[0m:
	[31;1m[ERROR][0m
	[31;1mUnhandled exception: Error 111 connecting to localhost:6589. Connection refused.[0m
Traceback (most recent call last):
  File "/home/ephraim_feldblum/venv/lib/python3.11/site-packages/redis/connection.py", line 264, in connect
    sock = self.retry.call_with_retry(
           ^^^^^^^^^^^^^^^^^^^^^^^^^^^
  File "/home/ephraim_feldblum/venv/lib/python3.11/site-packages/redis/retry.py", line 46, in call_with_retry
    return do()
           ^^^^
  File "/home/ephraim_feldblum/venv/lib/python3.11/site-packages/redis/connection.py", line 265, in <lambda>
    lambda: self._connect(), lambda error: self.disconnect(error)
            ^^^^^^^^^^^^^^^
  File "/home/ephraim_feldblum/venv/lib/python3.11/site-packages/redis/connection.py", line 627, in _connect
    raise err
  File "/home/ephraim_feldblum/venv/lib/python3.11/site-packages/redis/connection.py", line 615, in _connect
    sock.connect(socket_address)
ConnectionRefusedError: [Errno 111] Connection refused

During handling of the above exception, another exception occurred:

Traceback (most recent call last):
  File "/home/ephraim_feldblum/venv/lib/python3.11/site-packages/RLTest/__main__.py", line 715, in _runTest
    fn()
  File "/home/ephraim_feldblum/venv/lib/python3.11/site-packages/RLTest/__main__.py", line 704, in <lambda>
    fn = lambda: test.target(env)
                 ^^^^^^^^^^^^^^^^
  File "/home/ephraim_feldblum/git/RedisJSON/tests/pytest/test_defrag.py", line 68, in testDefragFalse
    defragOnObj(env, True)
  File "/home/ephraim_feldblum/git/RedisJSON/tests/pytest/test_defrag.py", line 21, in defragOnObj
    enableDefrag(env)
  File "/home/ephraim_feldblum/git/RedisJSON/tests/pytest/test_defrag.py", line 9, in enableDefrag
    env.cmd('CONFIG', 'SET', 'hz', '100')
  File "/home/ephraim_feldblum/venv/lib/python3.11/site-packages/RLTest/env.py", line 504, in cmd
    res = self.con.execute_command(*query, **options)
          ^^^^^^^^^^^^^^^^^^^^^^^^^^^^^^^^^^^^^^^^^^^
  File "/home/ephraim_feldblum/venv/lib/python3.11/site-packages/redis/client.py", line 594, in execute_command
    conn = self.connection or pool.get_connection(command_name, **options)
                              ^^^^^^^^^^^^^^^^^^^^^^^^^^^^^^^^^^^^^^^^^^^^
  File "/home/ephraim_feldblum/venv/lib/python3.11/site-packages/redis/connection.py", line 1087, in get_connection
    connection.connect()
  File "/home/ephraim_feldblum/venv/lib/python3.11/site-packages/redis/connection.py", line 270, in connect
    raise ConnectionError(self._error_message(e))
redis.exceptions.ConnectionError: Error 111 connecting to localhost:6589. Connection refused.
[32mRedis master command: redis-server --port 6409 --loadmodule /home/ephraim_feldblum/git/RedisJSON/bin/linux-x64-release/rejson.so --logfile /dev/null --dbfilename 669f9bc03ac74b1ebb90128adf7f2848.master-1-test_defrag_testDefragNegativeDouble-oss.rdb --enable-debug-command yes --enable-protected-configs yes[0m
[36mtest_defrag:testDefragNegativeDouble[0m:
	[31;1m[ERROR][0m
	[31;1mUnhandled exception: Error 111 connecting to localhost:6409. Connection refused.[0m
Traceback (most recent call last):
  File "/home/ephraim_feldblum/venv/lib/python3.11/site-packages/redis/connection.py", line 264, in connect
    sock = self.retry.call_with_retry(
           ^^^^^^^^^^^^^^^^^^^^^^^^^^^
  File "/home/ephraim_feldblum/venv/lib/python3.11/site-packages/redis/retry.py", line 46, in call_with_retry
    return do()
           ^^^^
  File "/home/ephraim_feldblum/venv/lib/python3.11/site-packages/redis/connection.py", line 265, in <lambda>
    lambda: self._connect(), lambda error: self.disconnect(error)
            ^^^^^^^^^^^^^^^
  File "/home/ephraim_feldblum/venv/lib/python3.11/site-packages/redis/connection.py", line 627, in _connect
    raise err
  File "/home/ephraim_feldblum/venv/lib/python3.11/site-packages/redis/connection.py", line 615, in _connect
    sock.connect(socket_address)
ConnectionRefusedError: [Errno 111] Connection refused

During handling of the above exception, another exception occurred:

Traceback (most recent call last):
  File "/home/ephraim_feldblum/venv/lib/python3.11/site-packages/RLTest/__main__.py", line 715, in _runTest
    fn()
  File "/home/ephraim_feldblum/venv/lib/python3.11/site-packages/RLTest/__main__.py", line 704, in <lambda>
    fn = lambda: test.target(env)
                 ^^^^^^^^^^^^^^^^
  File "/home/ephraim_feldblum/git/RedisJSON/tests/pytest/test_defrag.py", line 62, in testDefragNegativeDouble
    defragOnObj(env, -1.111111111111)
  File "/home/ephraim_feldblum/git/RedisJSON/tests/pytest/test_defrag.py", line 21, in defragOnObj
    enableDefrag(env)
  File "/home/ephraim_feldblum/git/RedisJSON/tests/pytest/test_defrag.py", line 9, in enableDefrag
    env.cmd('CONFIG', 'SET', 'hz', '100')
  File "/home/ephraim_feldblum/venv/lib/python3.11/site-packages/RLTest/env.py", line 504, in cmd
    res = self.con.execute_command(*query, **options)
          ^^^^^^^^^^^^^^^^^^^^^^^^^^^^^^^^^^^^^^^^^^^
  File "/home/ephraim_feldblum/venv/lib/python3.11/site-packages/redis/client.py", line 594, in execute_command
    conn = self.connection or pool.get_connection(command_name, **options)
                              ^^^^^^^^^^^^^^^^^^^^^^^^^^^^^^^^^^^^^^^^^^^^
  File "/home/ephraim_feldblum/venv/lib/python3.11/site-packages/redis/connection.py", line 1087, in get_connection
    connection.connect()
  File "/home/ephraim_feldblum/venv/lib/python3.11/site-packages/redis/connection.py", line 270, in connect
    raise ConnectionError(self._error_message(e))
redis.exceptions.ConnectionError: Error 111 connecting to localhost:6409. Connection refused.
[32mRedis master command: redis-server --port 6379 --loadmodule /home/ephraim_feldblum/git/RedisJSON/bin/linux-x64-release/rejson.so --logfile /dev/null --dbfilename 79d0d66dc4624f9b9d24f9d425333b4e.master-1-test_defrag_testDefragNegativeNumber-oss.rdb --enable-debug-command yes --enable-protected-configs yes[0m
[36mtest_defrag:testDefragNegativeNumber[0m:
	[31;1m[ERROR][0m
	[31;1mUnhandled exception: Error 111 connecting to localhost:6379. Connection refused.[0m
Traceback (most recent call last):
  File "/home/ephraim_feldblum/venv/lib/python3.11/site-packages/redis/connection.py", line 264, in connect
    sock = self.retry.call_with_retry(
           ^^^^^^^^^^^^^^^^^^^^^^^^^^^
  File "/home/ephraim_feldblum/venv/lib/python3.11/site-packages/redis/retry.py", line 46, in call_with_retry
    return do()
           ^^^^
  File "/home/ephraim_feldblum/venv/lib/python3.11/site-packages/redis/connection.py", line 265, in <lambda>
    lambda: self._connect(), lambda error: self.disconnect(error)
            ^^^^^^^^^^^^^^^
  File "/home/ephraim_feldblum/venv/lib/python3.11/site-packages/redis/connection.py", line 627, in _connect
    raise err
  File "/home/ephraim_feldblum/venv/lib/python3.11/site-packages/redis/connection.py", line 615, in _connect
    sock.connect(socket_address)
ConnectionRefusedError: [Errno 111] Connection refused

During handling of the above exception, another exception occurred:

Traceback (most recent call last):
  File "/home/ephraim_feldblum/venv/lib/python3.11/site-packages/RLTest/__main__.py", line 715, in _runTest
    fn()
  File "/home/ephraim_feldblum/venv/lib/python3.11/site-packages/RLTest/__main__.py", line 704, in <lambda>
    fn = lambda: test.target(env)
                 ^^^^^^^^^^^^^^^^
  File "/home/ephraim_feldblum/git/RedisJSON/tests/pytest/test_defrag.py", line 59, in testDefragNegativeNumber
    defragOnObj(env, -100000000000000000000)
  File "/home/ephraim_feldblum/git/RedisJSON/tests/pytest/test_defrag.py", line 21, in defragOnObj
    enableDefrag(env)
  File "/home/ephraim_feldblum/git/RedisJSON/tests/pytest/test_defrag.py", line 9, in enableDefrag
    env.cmd('CONFIG', 'SET', 'hz', '100')
  File "/home/ephraim_feldblum/venv/lib/python3.11/site-packages/RLTest/env.py", line 504, in cmd
    res = self.con.execute_command(*query, **options)
          ^^^^^^^^^^^^^^^^^^^^^^^^^^^^^^^^^^^^^^^^^^^
  File "/home/ephraim_feldblum/venv/lib/python3.11/site-packages/redis/client.py", line 594, in execute_command
    conn = self.connection or pool.get_connection(command_name, **options)
                              ^^^^^^^^^^^^^^^^^^^^^^^^^^^^^^^^^^^^^^^^^^^^
  File "/home/ephraim_feldblum/venv/lib/python3.11/site-packages/redis/connection.py", line 1087, in get_connection
    connection.connect()
  File "/home/ephraim_feldblum/venv/lib/python3.11/site-packages/redis/connection.py", line 270, in connect
    raise ConnectionError(self._error_message(e))
redis.exceptions.ConnectionError: Error 111 connecting to localhost:6379. Connection refused.
[32mRedis master command: redis-server --port 6499 --loadmodule /home/ephraim_feldblum/git/RedisJSON/bin/linux-x64-release/rejson.so --logfile /dev/null --dbfilename 44c3e5acaf9a4a6bb1ecca967ba0630d.master-1-test_defrag_testDefragNone-oss.rdb --enable-debug-command yes --enable-protected-configs yes[0m
[36mtest_defrag:testDefragNone[0m:
	[31;1m[ERROR][0m
	[31;1mUnhandled exception: Error 111 connecting to localhost:6499. Connection refused.[0m
Traceback (most recent call last):
  File "/home/ephraim_feldblum/venv/lib/python3.11/site-packages/redis/connection.py", line 264, in connect
    sock = self.retry.call_with_retry(
           ^^^^^^^^^^^^^^^^^^^^^^^^^^^
  File "/home/ephraim_feldblum/venv/lib/python3.11/site-packages/redis/retry.py", line 46, in call_with_retry
    return do()
           ^^^^
  File "/home/ephraim_feldblum/venv/lib/python3.11/site-packages/redis/connection.py", line 265, in <lambda>
    lambda: self._connect(), lambda error: self.disconnect(error)
            ^^^^^^^^^^^^^^^
  File "/home/ephraim_feldblum/venv/lib/python3.11/site-packages/redis/connection.py", line 627, in _connect
    raise err
  File "/home/ephraim_feldblum/venv/lib/python3.11/site-packages/redis/connection.py", line 615, in _connect
    sock.connect(socket_address)
ConnectionRefusedError: [Errno 111] Connection refused

During handling of the above exception, another exception occurred:

Traceback (most recent call last):
  File "/home/ephraim_feldblum/venv/lib/python3.11/site-packages/RLTest/__main__.py", line 715, in _runTest
    fn()
  File "/home/ephraim_feldblum/venv/lib/python3.11/site-packages/RLTest/__main__.py", line 704, in <lambda>
    fn = lambda: test.target(env)
                 ^^^^^^^^^^^^^^^^
  File "/home/ephraim_feldblum/git/RedisJSON/tests/pytest/test_defrag.py", line 71, in testDefragNone
    defragOnObj(env, None)
  File "/home/ephraim_feldblum/git/RedisJSON/tests/pytest/test_defrag.py", line 21, in defragOnObj
    enableDefrag(env)
  File "/home/ephraim_feldblum/git/RedisJSON/tests/pytest/test_defrag.py", line 9, in enableDefrag
    env.cmd('CONFIG', 'SET', 'hz', '100')
  File "/home/ephraim_feldblum/venv/lib/python3.11/site-packages/RLTest/env.py", line 504, in cmd
    res = self.con.execute_command(*query, **options)
          ^^^^^^^^^^^^^^^^^^^^^^^^^^^^^^^^^^^^^^^^^^^
  File "/home/ephraim_feldblum/venv/lib/python3.11/site-packages/redis/client.py", line 594, in execute_command
    conn = self.connection or pool.get_connection(command_name, **options)
                              ^^^^^^^^^^^^^^^^^^^^^^^^^^^^^^^^^^^^^^^^^^^^
  File "/home/ephraim_feldblum/venv/lib/python3.11/site-packages/redis/connection.py", line 1087, in get_connection
    connection.connect()
  File "/home/ephraim_feldblum/venv/lib/python3.11/site-packages/redis/connection.py", line 270, in connect
    raise ConnectionError(self._error_message(e))
redis.exceptions.ConnectionError: Error 111 connecting to localhost:6499. Connection refused.
[32mRedis master command: redis-server --port 6529 --loadmodule /home/ephraim_feldblum/git/RedisJSON/bin/linux-x64-release/rejson.so --logfile /dev/null --dbfilename 06c687665d4548198343bb585ae96af0.master-1-test_defrag_testDefragNumber-oss.rdb --enable-debug-command yes --enable-protected-configs yes[0m
[36mtest_defrag:testDefragNumber[0m:
	[31;1m[ERROR][0m
	[31;1mUnhandled exception: Error 111 connecting to localhost:6529. Connection refused.[0m
Traceback (most recent call last):
  File "/home/ephraim_feldblum/venv/lib/python3.11/site-packages/redis/connection.py", line 264, in connect
    sock = self.retry.call_with_retry(
           ^^^^^^^^^^^^^^^^^^^^^^^^^^^
  File "/home/ephraim_feldblum/venv/lib/python3.11/site-packages/redis/retry.py", line 46, in call_with_retry
    return do()
           ^^^^
  File "/home/ephraim_feldblum/venv/lib/python3.11/site-packages/redis/connection.py", line 265, in <lambda>
    lambda: self._connect(), lambda error: self.disconnect(error)
            ^^^^^^^^^^^^^^^
  File "/home/ephraim_feldblum/venv/lib/python3.11/site-packages/redis/connection.py", line 627, in _connect
    raise err
  File "/home/ephraim_feldblum/venv/lib/python3.11/site-packages/redis/connection.py", line 615, in _connect
    sock.connect(socket_address)
ConnectionRefusedError: [Errno 111] Connection refused

During handling of the above exception, another exception occurred:

Traceback (most recent call last):
  File "/home/ephraim_feldblum/venv/lib/python3.11/site-packages/RLTest/__main__.py", line 715, in _runTest
    fn()
  File "/home/ephraim_feldblum/venv/lib/python3.11/site-packages/RLTest/__main__.py", line 704, in <lambda>
    fn = lambda: test.target(env)
                 ^^^^^^^^^^^^^^^^
  File "/home/ephraim_feldblum/git/RedisJSON/tests/pytest/test_defrag.py", line 50, in testDefragNumber
    defragOnObj(env, 1)
  File "/home/ephraim_feldblum/git/RedisJSON/tests/pytest/test_defrag.py", line 21, in defragOnObj
    enableDefrag(env)
  File "/home/ephraim_feldblum/git/RedisJSON/tests/pytest/test_defrag.py", line 9, in enableDefrag
    env.cmd('CONFIG', 'SET', 'hz', '100')
  File "/home/ephraim_feldblum/venv/lib/python3.11/site-packages/RLTest/env.py", line 504, in cmd
    res = self.con.execute_command(*query, **options)
          ^^^^^^^^^^^^^^^^^^^^^^^^^^^^^^^^^^^^^^^^^^^
  File "/home/ephraim_feldblum/venv/lib/python3.11/site-packages/redis/client.py", line 594, in execute_command
    conn = self.connection or pool.get_connection(command_name, **options)
                              ^^^^^^^^^^^^^^^^^^^^^^^^^^^^^^^^^^^^^^^^^^^^
  File "/home/ephraim_feldblum/venv/lib/python3.11/site-packages/redis/connection.py", line 1087, in get_connection
    connection.connect()
  File "/home/ephraim_feldblum/venv/lib/python3.11/site-packages/redis/connection.py", line 270, in connect
    raise ConnectionError(self._error_message(e))
redis.exceptions.ConnectionError: Error 111 connecting to localhost:6529. Connection refused.
[32mRedis master command: redis-server --port 6559 --loadmodule /home/ephraim_feldblum/git/RedisJSON/bin/linux-x64-release/rejson.so --logfile /dev/null --dbfilename 7e2de645db4b4062b8cd2c4c58e0886e.master-1-test_defrag_testDefragObject-oss.rdb --enable-debug-command yes --enable-protected-configs yes[0m
[36mtest_defrag:testDefragObject[0m:
	[31;1m[ERROR][0m
	[31;1mUnhandled exception: Error 111 connecting to localhost:6559. Connection refused.[0m
Traceback (most recent call last):
  File "/home/ephraim_feldblum/venv/lib/python3.11/site-packages/redis/connection.py", line 264, in connect
    sock = self.retry.call_with_retry(
           ^^^^^^^^^^^^^^^^^^^^^^^^^^^
  File "/home/ephraim_feldblum/venv/lib/python3.11/site-packages/redis/retry.py", line 46, in call_with_retry
    return do()
           ^^^^
  File "/home/ephraim_feldblum/venv/lib/python3.11/site-packages/redis/connection.py", line 265, in <lambda>
    lambda: self._connect(), lambda error: self.disconnect(error)
            ^^^^^^^^^^^^^^^
  File "/home/ephraim_feldblum/venv/lib/python3.11/site-packages/redis/connection.py", line 627, in _connect
    raise err
  File "/home/ephraim_feldblum/venv/lib/python3.11/site-packages/redis/connection.py", line 615, in _connect
    sock.connect(socket_address)
ConnectionRefusedError: [Errno 111] Connection refused

During handling of the above exception, another exception occurred:

Traceback (most recent call last):
  File "/home/ephraim_feldblum/venv/lib/python3.11/site-packages/RLTest/__main__.py", line 715, in _runTest
    fn()
  File "/home/ephraim_feldblum/venv/lib/python3.11/site-packages/RLTest/__main__.py", line 704, in <lambda>
    fn = lambda: test.target(env)
                 ^^^^^^^^^^^^^^^^
  File "/home/ephraim_feldblum/git/RedisJSON/tests/pytest/test_defrag.py", line 89, in testDefragObject
    defragOnObj(env, {"foo": "bar"})
  File "/home/ephraim_feldblum/git/RedisJSON/tests/pytest/test_defrag.py", line 21, in defragOnObj
    enableDefrag(env)
  File "/home/ephraim_feldblum/git/RedisJSON/tests/pytest/test_defrag.py", line 9, in enableDefrag
    env.cmd('CONFIG', 'SET', 'hz', '100')
  File "/home/ephraim_feldblum/venv/lib/python3.11/site-packages/RLTest/env.py", line 504, in cmd
    res = self.con.execute_command(*query, **options)
          ^^^^^^^^^^^^^^^^^^^^^^^^^^^^^^^^^^^^^^^^^^^
  File "/home/ephraim_feldblum/venv/lib/python3.11/site-packages/redis/client.py", line 594, in execute_command
    conn = self.connection or pool.get_connection(command_name, **options)
                              ^^^^^^^^^^^^^^^^^^^^^^^^^^^^^^^^^^^^^^^^^^^^
  File "/home/ephraim_feldblum/venv/lib/python3.11/site-packages/redis/connection.py", line 1087, in get_connection
    connection.connect()
  File "/home/ephraim_feldblum/venv/lib/python3.11/site-packages/redis/connection.py", line 270, in connect
    raise ConnectionError(self._error_message(e))
redis.exceptions.ConnectionError: Error 111 connecting to localhost:6559. Connection refused.
[32mRedis master command: redis-server --port 6469 --loadmodule /home/ephraim_feldblum/git/RedisJSON/bin/linux-x64-release/rejson.so --logfile /dev/null --dbfilename 508e7a8bd82543f89f050fe9713af17d.master-1-test_defrag_testDefragString-oss.rdb --enable-debug-command yes --enable-protected-configs yes[0m
[36mtest_defrag:testDefragString[0m:
	[31;1m[ERROR][0m
	[31;1mUnhandled exception: Error 111 connecting to localhost:6469. Connection refused.[0m
Traceback (most recent call last):
  File "/home/ephraim_feldblum/venv/lib/python3.11/site-packages/redis/connection.py", line 264, in connect
    sock = self.retry.call_with_retry(
           ^^^^^^^^^^^^^^^^^^^^^^^^^^^
  File "/home/ephraim_feldblum/venv/lib/python3.11/site-packages/redis/retry.py", line 46, in call_with_retry
    return do()
           ^^^^
  File "/home/ephraim_feldblum/venv/lib/python3.11/site-packages/redis/connection.py", line 265, in <lambda>
    lambda: self._connect(), lambda error: self.disconnect(error)
            ^^^^^^^^^^^^^^^
  File "/home/ephraim_feldblum/venv/lib/python3.11/site-packages/redis/connection.py", line 627, in _connect
    raise err
  File "/home/ephraim_feldblum/venv/lib/python3.11/site-packages/redis/connection.py", line 615, in _connect
    sock.connect(socket_address)
ConnectionRefusedError: [Errno 111] Connection refused

During handling of the above exception, another exception occurred:

Traceback (most recent call last):
  File "/home/ephraim_feldblum/venv/lib/python3.11/site-packages/RLTest/__main__.py", line 715, in _runTest
    fn()
  File "/home/ephraim_feldblum/venv/lib/python3.11/site-packages/RLTest/__main__.py", line 704, in <lambda>
    fn = lambda: test.target(env)
                 ^^^^^^^^^^^^^^^^
  File "/home/ephraim_feldblum/git/RedisJSON/tests/pytest/test_defrag.py", line 77, in testDefragString
    defragOnObj(env, "foo")
  File "/home/ephraim_feldblum/git/RedisJSON/tests/pytest/test_defrag.py", line 21, in defragOnObj
    enableDefrag(env)
  File "/home/ephraim_feldblum/git/RedisJSON/tests/pytest/test_defrag.py", line 9, in enableDefrag
    env.cmd('CONFIG', 'SET', 'hz', '100')
  File "/home/ephraim_feldblum/venv/lib/python3.11/site-packages/RLTest/env.py", line 504, in cmd
    res = self.con.execute_command(*query, **options)
          ^^^^^^^^^^^^^^^^^^^^^^^^^^^^^^^^^^^^^^^^^^^
  File "/home/ephraim_feldblum/venv/lib/python3.11/site-packages/redis/client.py", line 594, in execute_command
    conn = self.connection or pool.get_connection(command_name, **options)
                              ^^^^^^^^^^^^^^^^^^^^^^^^^^^^^^^^^^^^^^^^^^^^
  File "/home/ephraim_feldblum/venv/lib/python3.11/site-packages/redis/connection.py", line 1087, in get_connection
    connection.connect()
  File "/home/ephraim_feldblum/venv/lib/python3.11/site-packages/redis/connection.py", line 270, in connect
    raise ConnectionError(self._error_message(e))
redis.exceptions.ConnectionError: Error 111 connecting to localhost:6469. Connection refused.
[32mRedis master command: redis-server --port 6439 --loadmodule /home/ephraim_feldblum/git/RedisJSON/bin/linux-x64-release/rejson.so --logfile /dev/null --dbfilename c801434aedd3413f96c14b814a0fc0f9.master-1-test_defrag_testDefragTrue-oss.rdb --enable-debug-command yes --enable-protected-configs yes[0m
[36mtest_defrag:testDefragTrue[0m:
	[31;1m[ERROR][0m
	[31;1mUnhandled exception: Error 111 connecting to localhost:6439. Connection refused.[0m
Traceback (most recent call last):
  File "/home/ephraim_feldblum/venv/lib/python3.11/site-packages/redis/connection.py", line 264, in connect
    sock = self.retry.call_with_retry(
           ^^^^^^^^^^^^^^^^^^^^^^^^^^^
  File "/home/ephraim_feldblum/venv/lib/python3.11/site-packages/redis/retry.py", line 46, in call_with_retry
    return do()
           ^^^^
  File "/home/ephraim_feldblum/venv/lib/python3.11/site-packages/redis/connection.py", line 265, in <lambda>
    lambda: self._connect(), lambda error: self.disconnect(error)
            ^^^^^^^^^^^^^^^
  File "/home/ephraim_feldblum/venv/lib/python3.11/site-packages/redis/connection.py", line 627, in _connect
    raise err
  File "/home/ephraim_feldblum/venv/lib/python3.11/site-packages/redis/connection.py", line 615, in _connect
    sock.connect(socket_address)
ConnectionRefusedError: [Errno 111] Connection refused

During handling of the above exception, another exception occurred:

Traceback (most recent call last):
  File "/home/ephraim_feldblum/venv/lib/python3.11/site-packages/RLTest/__main__.py", line 715, in _runTest
    fn()
  File "/home/ephraim_feldblum/venv/lib/python3.11/site-packages/RLTest/__main__.py", line 704, in <lambda>
    fn = lambda: test.target(env)
                 ^^^^^^^^^^^^^^^^
  File "/home/ephraim_feldblum/git/RedisJSON/tests/pytest/test_defrag.py", line 65, in testDefragTrue
    defragOnObj(env, True)
  File "/home/ephraim_feldblum/git/RedisJSON/tests/pytest/test_defrag.py", line 21, in defragOnObj
    enableDefrag(env)
  File "/home/ephraim_feldblum/git/RedisJSON/tests/pytest/test_defrag.py", line 9, in enableDefrag
    env.cmd('CONFIG', 'SET', 'hz', '100')
  File "/home/ephraim_feldblum/venv/lib/python3.11/site-packages/RLTest/env.py", line 504, in cmd
    res = self.con.execute_command(*query, **options)
          ^^^^^^^^^^^^^^^^^^^^^^^^^^^^^^^^^^^^^^^^^^^
  File "/home/ephraim_feldblum/venv/lib/python3.11/site-packages/redis/client.py", line 594, in execute_command
    conn = self.connection or pool.get_connection(command_name, **options)
                              ^^^^^^^^^^^^^^^^^^^^^^^^^^^^^^^^^^^^^^^^^^^^
  File "/home/ephraim_feldblum/venv/lib/python3.11/site-packages/redis/connection.py", line 1087, in get_connection
    connection.connect()
  File "/home/ephraim_feldblum/venv/lib/python3.11/site-packages/redis/connection.py", line 270, in connect
    raise ConnectionError(self._error_message(e))
redis.exceptions.ConnectionError: Error 111 connecting to localhost:6439. Connection refused.
[32mRedis master command: redis-server --port 6589 --loadmodule /home/ephraim_feldblum/git/RedisJSON/bin/linux-x64-release/rejson.so --logfile /dev/null --dbfilename f051069cceca48d4879732e36c8e1a32.master-1-test_testArrIndexCommand-oss.rdb --enable-debug-command yes --enable-protected-configs yes[0m
[36mtest:testArrIndexCommand[0m:
	[31;1m[ERROR][0m
	[31;1mUnhandled exception: Error 111 connecting to localhost:6589. Connection refused.[0m
Traceback (most recent call last):
  File "/home/ephraim_feldblum/venv/lib/python3.11/site-packages/redis/connection.py", line 264, in connect
    sock = self.retry.call_with_retry(
           ^^^^^^^^^^^^^^^^^^^^^^^^^^^
  File "/home/ephraim_feldblum/venv/lib/python3.11/site-packages/redis/retry.py", line 46, in call_with_retry
    return do()
           ^^^^
  File "/home/ephraim_feldblum/venv/lib/python3.11/site-packages/redis/connection.py", line 265, in <lambda>
    lambda: self._connect(), lambda error: self.disconnect(error)
            ^^^^^^^^^^^^^^^
  File "/home/ephraim_feldblum/venv/lib/python3.11/site-packages/redis/connection.py", line 627, in _connect
    raise err
  File "/home/ephraim_feldblum/venv/lib/python3.11/site-packages/redis/connection.py", line 615, in _connect
    sock.connect(socket_address)
ConnectionRefusedError: [Errno 111] Connection refused

During handling of the above exception, another exception occurred:

Traceback (most recent call last):
  File "/home/ephraim_feldblum/venv/lib/python3.11/site-packages/RLTest/__main__.py", line 715, in _runTest
    fn()
  File "/home/ephraim_feldblum/venv/lib/python3.11/site-packages/RLTest/__main__.py", line 704, in <lambda>
    fn = lambda: test.target(env)
                 ^^^^^^^^^^^^^^^^
  File "/home/ephraim_feldblum/git/RedisJSON/tests/pytest/test.py", line 694, in testArrIndexCommand
    r.assertOk(r.execute_command('JSON.SET', 'test',
               ^^^^^^^^^^^^^^^^^^^^^^^^^^^^^^^^^^^^^
  File "/home/ephraim_feldblum/venv/lib/python3.11/site-packages/RLTest/env.py", line 26, in method
    return target(*argc, **nargs)
           ^^^^^^^^^^^^^^^^^^^^^^
  File "/home/ephraim_feldblum/venv/lib/python3.11/site-packages/RLTest/env.py", line 504, in cmd
    res = self.con.execute_command(*query, **options)
          ^^^^^^^^^^^^^^^^^^^^^^^^^^^^^^^^^^^^^^^^^^^
  File "/home/ephraim_feldblum/venv/lib/python3.11/site-packages/redis/client.py", line 594, in execute_command
    conn = self.connection or pool.get_connection(command_name, **options)
                              ^^^^^^^^^^^^^^^^^^^^^^^^^^^^^^^^^^^^^^^^^^^^
  File "/home/ephraim_feldblum/venv/lib/python3.11/site-packages/redis/connection.py", line 1087, in get_connection
    connection.connect()
  File "/home/ephraim_feldblum/venv/lib/python3.11/site-packages/redis/connection.py", line 270, in connect
    raise ConnectionError(self._error_message(e))
redis.exceptions.ConnectionError: Error 111 connecting to localhost:6589. Connection refused.
[32mRedis master command: redis-server --port 6409 --loadmodule /home/ephraim_feldblum/git/RedisJSON/bin/linux-x64-release/rejson.so --logfile /dev/null --dbfilename 1bffa904f0854bd4b9553a4621d81ab1.master-1-test_testArrIndexMixCommand-oss.rdb --enable-debug-command yes --enable-protected-configs yes[0m
[36mtest:testArrIndexMixCommand[0m:
	[31;1m[ERROR][0m
	[31;1mUnhandled exception: Error 111 connecting to localhost:6409. Connection refused.[0m
Traceback (most recent call last):
  File "/home/ephraim_feldblum/venv/lib/python3.11/site-packages/redis/connection.py", line 264, in connect
    sock = self.retry.call_with_retry(
           ^^^^^^^^^^^^^^^^^^^^^^^^^^^
  File "/home/ephraim_feldblum/venv/lib/python3.11/site-packages/redis/retry.py", line 46, in call_with_retry
    return do()
           ^^^^
  File "/home/ephraim_feldblum/venv/lib/python3.11/site-packages/redis/connection.py", line 265, in <lambda>
    lambda: self._connect(), lambda error: self.disconnect(error)
            ^^^^^^^^^^^^^^^
  File "/home/ephraim_feldblum/venv/lib/python3.11/site-packages/redis/connection.py", line 627, in _connect
    raise err
  File "/home/ephraim_feldblum/venv/lib/python3.11/site-packages/redis/connection.py", line 615, in _connect
    sock.connect(socket_address)
ConnectionRefusedError: [Errno 111] Connection refused

During handling of the above exception, another exception occurred:

Traceback (most recent call last):
  File "/home/ephraim_feldblum/venv/lib/python3.11/site-packages/RLTest/__main__.py", line 715, in _runTest
    fn()
  File "/home/ephraim_feldblum/venv/lib/python3.11/site-packages/RLTest/__main__.py", line 704, in <lambda>
    fn = lambda: test.target(env)
                 ^^^^^^^^^^^^^^^^
  File "/home/ephraim_feldblum/git/RedisJSON/tests/pytest/test.py", line 754, in testArrIndexMixCommand
    r.assertOk(r.execute_command('JSON.SET', 'test',
               ^^^^^^^^^^^^^^^^^^^^^^^^^^^^^^^^^^^^^
  File "/home/ephraim_feldblum/venv/lib/python3.11/site-packages/RLTest/env.py", line 26, in method
    return target(*argc, **nargs)
           ^^^^^^^^^^^^^^^^^^^^^^
  File "/home/ephraim_feldblum/venv/lib/python3.11/site-packages/RLTest/env.py", line 504, in cmd
    res = self.con.execute_command(*query, **options)
          ^^^^^^^^^^^^^^^^^^^^^^^^^^^^^^^^^^^^^^^^^^^
  File "/home/ephraim_feldblum/venv/lib/python3.11/site-packages/redis/client.py", line 594, in execute_command
    conn = self.connection or pool.get_connection(command_name, **options)
                              ^^^^^^^^^^^^^^^^^^^^^^^^^^^^^^^^^^^^^^^^^^^^
  File "/home/ephraim_feldblum/venv/lib/python3.11/site-packages/redis/connection.py", line 1087, in get_connection
    connection.connect()
  File "/home/ephraim_feldblum/venv/lib/python3.11/site-packages/redis/connection.py", line 270, in connect
    raise ConnectionError(self._error_message(e))
redis.exceptions.ConnectionError: Error 111 connecting to localhost:6409. Connection refused.
[32mRedis master command: redis-server --port 6379 --loadmodule /home/ephraim_feldblum/git/RedisJSON/bin/linux-x64-release/rejson.so --logfile /dev/null --dbfilename f4434e55b5824abaaf3117e660633912.master-1-test_testArrInsertCommand-oss.rdb --enable-debug-command yes --enable-protected-configs yes[0m
[36mtest:testArrInsertCommand[0m:
	[31;1m[ERROR][0m
	[31;1mUnhandled exception: Error 111 connecting to localhost:6379. Connection refused.[0m
Traceback (most recent call last):
  File "/home/ephraim_feldblum/venv/lib/python3.11/site-packages/redis/connection.py", line 264, in connect
    sock = self.retry.call_with_retry(
           ^^^^^^^^^^^^^^^^^^^^^^^^^^^
  File "/home/ephraim_feldblum/venv/lib/python3.11/site-packages/redis/retry.py", line 46, in call_with_retry
    return do()
           ^^^^
  File "/home/ephraim_feldblum/venv/lib/python3.11/site-packages/redis/connection.py", line 265, in <lambda>
    lambda: self._connect(), lambda error: self.disconnect(error)
            ^^^^^^^^^^^^^^^
  File "/home/ephraim_feldblum/venv/lib/python3.11/site-packages/redis/connection.py", line 627, in _connect
    raise err
  File "/home/ephraim_feldblum/venv/lib/python3.11/site-packages/redis/connection.py", line 615, in _connect
    sock.connect(socket_address)
ConnectionRefusedError: [Errno 111] Connection refused

During handling of the above exception, another exception occurred:

Traceback (most recent call last):
  File "/home/ephraim_feldblum/venv/lib/python3.11/site-packages/RLTest/__main__.py", line 715, in _runTest
    fn()
  File "/home/ephraim_feldblum/venv/lib/python3.11/site-packages/RLTest/__main__.py", line 704, in <lambda>
    fn = lambda: test.target(env)
                 ^^^^^^^^^^^^^^^^
  File "/home/ephraim_feldblum/git/RedisJSON/tests/pytest/test.py", line 726, in testArrInsertCommand
    r.assertOk(r.execute_command('JSON.SET', 'test', '.', initial_value))
               ^^^^^^^^^^^^^^^^^^^^^^^^^^^^^^^^^^^^^^^^^^^^^^^^^^^^^^^^^
  File "/home/ephraim_feldblum/venv/lib/python3.11/site-packages/RLTest/env.py", line 26, in method
    return target(*argc, **nargs)
           ^^^^^^^^^^^^^^^^^^^^^^
  File "/home/ephraim_feldblum/venv/lib/python3.11/site-packages/RLTest/env.py", line 504, in cmd
    res = self.con.execute_command(*query, **options)
          ^^^^^^^^^^^^^^^^^^^^^^^^^^^^^^^^^^^^^^^^^^^
  File "/home/ephraim_feldblum/venv/lib/python3.11/site-packages/redis/client.py", line 594, in execute_command
    conn = self.connection or pool.get_connection(command_name, **options)
                              ^^^^^^^^^^^^^^^^^^^^^^^^^^^^^^^^^^^^^^^^^^^^
  File "/home/ephraim_feldblum/venv/lib/python3.11/site-packages/redis/connection.py", line 1087, in get_connection
    connection.connect()
  File "/home/ephraim_feldblum/venv/lib/python3.11/site-packages/redis/connection.py", line 270, in connect
    raise ConnectionError(self._error_message(e))
redis.exceptions.ConnectionError: Error 111 connecting to localhost:6379. Connection refused.
[32mRedis master command: redis-server --port 6499 --loadmodule /home/ephraim_feldblum/git/RedisJSON/bin/linux-x64-release/rejson.so --logfile /dev/null --dbfilename 5f6c53d699f94904be64e04a8c0e0bc1.master-1-test_testArrPopCommand-oss.rdb --enable-debug-command yes --enable-protected-configs yes[0m
[36mtest:testArrPopCommand[0m:
	[31;1m[ERROR][0m
	[31;1mUnhandled exception: Error 111 connecting to localhost:6499. Connection refused.[0m
Traceback (most recent call last):
  File "/home/ephraim_feldblum/venv/lib/python3.11/site-packages/redis/connection.py", line 264, in connect
    sock = self.retry.call_with_retry(
           ^^^^^^^^^^^^^^^^^^^^^^^^^^^
  File "/home/ephraim_feldblum/venv/lib/python3.11/site-packages/redis/retry.py", line 46, in call_with_retry
    return do()
           ^^^^
  File "/home/ephraim_feldblum/venv/lib/python3.11/site-packages/redis/connection.py", line 265, in <lambda>
    lambda: self._connect(), lambda error: self.disconnect(error)
            ^^^^^^^^^^^^^^^
  File "/home/ephraim_feldblum/venv/lib/python3.11/site-packages/redis/connection.py", line 627, in _connect
    raise err
  File "/home/ephraim_feldblum/venv/lib/python3.11/site-packages/redis/connection.py", line 615, in _connect
    sock.connect(socket_address)
ConnectionRefusedError: [Errno 111] Connection refused

During handling of the above exception, another exception occurred:

Traceback (most recent call last):
  File "/home/ephraim_feldblum/venv/lib/python3.11/site-packages/RLTest/__main__.py", line 715, in _runTest
    fn()
  File "/home/ephraim_feldblum/venv/lib/python3.11/site-packages/RLTest/__main__.py", line 704, in <lambda>
    fn = lambda: test.target(env)
                 ^^^^^^^^^^^^^^^^
  File "/home/ephraim_feldblum/git/RedisJSON/tests/pytest/test.py", line 810, in testArrPopCommand
    r.assertOk(r.execute_command('JSON.SET', 'test',
               ^^^^^^^^^^^^^^^^^^^^^^^^^^^^^^^^^^^^^
  File "/home/ephraim_feldblum/venv/lib/python3.11/site-packages/RLTest/env.py", line 26, in method
    return target(*argc, **nargs)
           ^^^^^^^^^^^^^^^^^^^^^^
  File "/home/ephraim_feldblum/venv/lib/python3.11/site-packages/RLTest/env.py", line 504, in cmd
    res = self.con.execute_command(*query, **options)
          ^^^^^^^^^^^^^^^^^^^^^^^^^^^^^^^^^^^^^^^^^^^
  File "/home/ephraim_feldblum/venv/lib/python3.11/site-packages/redis/client.py", line 594, in execute_command
    conn = self.connection or pool.get_connection(command_name, **options)
                              ^^^^^^^^^^^^^^^^^^^^^^^^^^^^^^^^^^^^^^^^^^^^
  File "/home/ephraim_feldblum/venv/lib/python3.11/site-packages/redis/connection.py", line 1087, in get_connection
    connection.connect()
  File "/home/ephraim_feldblum/venv/lib/python3.11/site-packages/redis/connection.py", line 270, in connect
    raise ConnectionError(self._error_message(e))
redis.exceptions.ConnectionError: Error 111 connecting to localhost:6499. Connection refused.
[32mRedis master command: redis-server --port 6529 --loadmodule /home/ephraim_feldblum/git/RedisJSON/bin/linux-x64-release/rejson.so --logfile /dev/null --dbfilename 83fd41f877624a4d811c1ff621d2e242.master-1-test_testArrPopErrors-oss.rdb --enable-debug-command yes --enable-protected-configs yes[0m
[36mtest:testArrPopErrors[0m:
	[31;1m[ERROR][0m
	[31;1mUnhandled exception: Error 111 connecting to localhost:6529. Connection refused.[0m
Traceback (most recent call last):
  File "/home/ephraim_feldblum/venv/lib/python3.11/site-packages/redis/connection.py", line 264, in connect
    sock = self.retry.call_with_retry(
           ^^^^^^^^^^^^^^^^^^^^^^^^^^^
  File "/home/ephraim_feldblum/venv/lib/python3.11/site-packages/redis/retry.py", line 46, in call_with_retry
    return do()
           ^^^^
  File "/home/ephraim_feldblum/venv/lib/python3.11/site-packages/redis/connection.py", line 265, in <lambda>
    lambda: self._connect(), lambda error: self.disconnect(error)
            ^^^^^^^^^^^^^^^
  File "/home/ephraim_feldblum/venv/lib/python3.11/site-packages/redis/connection.py", line 627, in _connect
    raise err
  File "/home/ephraim_feldblum/venv/lib/python3.11/site-packages/redis/connection.py", line 615, in _connect
    sock.connect(socket_address)
ConnectionRefusedError: [Errno 111] Connection refused

During handling of the above exception, another exception occurred:

Traceback (most recent call last):
  File "/home/ephraim_feldblum/venv/lib/python3.11/site-packages/RLTest/__main__.py", line 715, in _runTest
    fn()
  File "/home/ephraim_feldblum/venv/lib/python3.11/site-packages/RLTest/__main__.py", line 704, in <lambda>
    fn = lambda: test.target(env)
                 ^^^^^^^^^^^^^^^^
  File "/home/ephraim_feldblum/git/RedisJSON/tests/pytest/test.py", line 828, in testArrPopErrors
    r.assertOk(r.execute_command('JSON.SET', 'test','.', '1'))
               ^^^^^^^^^^^^^^^^^^^^^^^^^^^^^^^^^^^^^^^^^^^^^^
  File "/home/ephraim_feldblum/venv/lib/python3.11/site-packages/RLTest/env.py", line 26, in method
    return target(*argc, **nargs)
           ^^^^^^^^^^^^^^^^^^^^^^
  File "/home/ephraim_feldblum/venv/lib/python3.11/site-packages/RLTest/env.py", line 504, in cmd
    res = self.con.execute_command(*query, **options)
          ^^^^^^^^^^^^^^^^^^^^^^^^^^^^^^^^^^^^^^^^^^^
  File "/home/ephraim_feldblum/venv/lib/python3.11/site-packages/redis/client.py", line 594, in execute_command
    conn = self.connection or pool.get_connection(command_name, **options)
                              ^^^^^^^^^^^^^^^^^^^^^^^^^^^^^^^^^^^^^^^^^^^^
  File "/home/ephraim_feldblum/venv/lib/python3.11/site-packages/redis/connection.py", line 1087, in get_connection
    connection.connect()
  File "/home/ephraim_feldblum/venv/lib/python3.11/site-packages/redis/connection.py", line 270, in connect
    raise ConnectionError(self._error_message(e))
redis.exceptions.ConnectionError: Error 111 connecting to localhost:6529. Connection refused.
[32mRedis master command: redis-server --port 6559 --loadmodule /home/ephraim_feldblum/git/RedisJSON/bin/linux-x64-release/rejson.so --logfile /dev/null --dbfilename 54b37a2c8a764b8e8a345aea0535b486.master-1-test_testArrTrimCommand-oss.rdb --enable-debug-command yes --enable-protected-configs yes[0m
[36mtest:testArrTrimCommand[0m:
	[31;1m[ERROR][0m
	[31;1mUnhandled exception: Error 111 connecting to localhost:6559. Connection refused.[0m
Traceback (most recent call last):
  File "/home/ephraim_feldblum/venv/lib/python3.11/site-packages/redis/connection.py", line 264, in connect
    sock = self.retry.call_with_retry(
           ^^^^^^^^^^^^^^^^^^^^^^^^^^^
  File "/home/ephraim_feldblum/venv/lib/python3.11/site-packages/redis/retry.py", line 46, in call_with_retry
    return do()
           ^^^^
  File "/home/ephraim_feldblum/venv/lib/python3.11/site-packages/redis/connection.py", line 265, in <lambda>
    lambda: self._connect(), lambda error: self.disconnect(error)
            ^^^^^^^^^^^^^^^
  File "/home/ephraim_feldblum/venv/lib/python3.11/site-packages/redis/connection.py", line 627, in _connect
    raise err
  File "/home/ephraim_feldblum/venv/lib/python3.11/site-packages/redis/connection.py", line 615, in _connect
    sock.connect(socket_address)
ConnectionRefusedError: [Errno 111] Connection refused

During handling of the above exception, another exception occurred:

Traceback (most recent call last):
  File "/home/ephraim_feldblum/venv/lib/python3.11/site-packages/RLTest/__main__.py", line 715, in _runTest
    fn()
  File "/home/ephraim_feldblum/venv/lib/python3.11/site-packages/RLTest/__main__.py", line 704, in <lambda>
    fn = lambda: test.target(env)
                 ^^^^^^^^^^^^^^^^
  File "/home/ephraim_feldblum/git/RedisJSON/tests/pytest/test.py", line 780, in testArrTrimCommand
    r.assertOk(r.execute_command('JSON.SET', 'test',
               ^^^^^^^^^^^^^^^^^^^^^^^^^^^^^^^^^^^^^
  File "/home/ephraim_feldblum/venv/lib/python3.11/site-packages/RLTest/env.py", line 26, in method
    return target(*argc, **nargs)
           ^^^^^^^^^^^^^^^^^^^^^^
  File "/home/ephraim_feldblum/venv/lib/python3.11/site-packages/RLTest/env.py", line 504, in cmd
    res = self.con.execute_command(*query, **options)
          ^^^^^^^^^^^^^^^^^^^^^^^^^^^^^^^^^^^^^^^^^^^
  File "/home/ephraim_feldblum/venv/lib/python3.11/site-packages/redis/client.py", line 594, in execute_command
    conn = self.connection or pool.get_connection(command_name, **options)
                              ^^^^^^^^^^^^^^^^^^^^^^^^^^^^^^^^^^^^^^^^^^^^
  File "/home/ephraim_feldblum/venv/lib/python3.11/site-packages/redis/connection.py", line 1087, in get_connection
    connection.connect()
  File "/home/ephraim_feldblum/venv/lib/python3.11/site-packages/redis/connection.py", line 270, in connect
    raise ConnectionError(self._error_message(e))
redis.exceptions.ConnectionError: Error 111 connecting to localhost:6559. Connection refused.
[32mRedis master command: redis-server --port 6469 --loadmodule /home/ephraim_feldblum/git/RedisJSON/bin/linux-x64-release/rejson.so --logfile /dev/null --dbfilename fe13bf1d42e74e07bf5cb9da6295153c.master-1-test_testArrTrimErrors-oss.rdb --enable-debug-command yes --enable-protected-configs yes[0m
[36mtest:testArrTrimErrors[0m:
	[31;1m[ERROR][0m
	[31;1mUnhandled exception: Error 111 connecting to localhost:6469. Connection refused.[0m
Traceback (most recent call last):
  File "/home/ephraim_feldblum/venv/lib/python3.11/site-packages/redis/connection.py", line 264, in connect
    sock = self.retry.call_with_retry(
           ^^^^^^^^^^^^^^^^^^^^^^^^^^^
  File "/home/ephraim_feldblum/venv/lib/python3.11/site-packages/redis/retry.py", line 46, in call_with_retry
    return do()
           ^^^^
  File "/home/ephraim_feldblum/venv/lib/python3.11/site-packages/redis/connection.py", line 265, in <lambda>
    lambda: self._connect(), lambda error: self.disconnect(error)
            ^^^^^^^^^^^^^^^
  File "/home/ephraim_feldblum/venv/lib/python3.11/site-packages/redis/connection.py", line 627, in _connect
    raise err
  File "/home/ephraim_feldblum/venv/lib/python3.11/site-packages/redis/connection.py", line 615, in _connect
    sock.connect(socket_address)
ConnectionRefusedError: [Errno 111] Connection refused

During handling of the above exception, another exception occurred:

Traceback (most recent call last):
  File "/home/ephraim_feldblum/venv/lib/python3.11/site-packages/RLTest/__main__.py", line 715, in _runTest
    fn()
  File "/home/ephraim_feldblum/venv/lib/python3.11/site-packages/RLTest/__main__.py", line 704, in <lambda>
    fn = lambda: test.target(env)
                 ^^^^^^^^^^^^^^^^
  File "/home/ephraim_feldblum/git/RedisJSON/tests/pytest/test.py", line 841, in testArrTrimErrors
    r.assertOk(r.execute_command('JSON.SET', 'test','.', '1'))
               ^^^^^^^^^^^^^^^^^^^^^^^^^^^^^^^^^^^^^^^^^^^^^^
  File "/home/ephraim_feldblum/venv/lib/python3.11/site-packages/RLTest/env.py", line 26, in method
    return target(*argc, **nargs)
           ^^^^^^^^^^^^^^^^^^^^^^
  File "/home/ephraim_feldblum/venv/lib/python3.11/site-packages/RLTest/env.py", line 504, in cmd
    res = self.con.execute_command(*query, **options)
          ^^^^^^^^^^^^^^^^^^^^^^^^^^^^^^^^^^^^^^^^^^^
  File "/home/ephraim_feldblum/venv/lib/python3.11/site-packages/redis/client.py", line 594, in execute_command
    conn = self.connection or pool.get_connection(command_name, **options)
                              ^^^^^^^^^^^^^^^^^^^^^^^^^^^^^^^^^^^^^^^^^^^^
  File "/home/ephraim_feldblum/venv/lib/python3.11/site-packages/redis/connection.py", line 1087, in get_connection
    connection.connect()
  File "/home/ephraim_feldblum/venv/lib/python3.11/site-packages/redis/connection.py", line 270, in connect
    raise ConnectionError(self._error_message(e))
redis.exceptions.ConnectionError: Error 111 connecting to localhost:6469. Connection refused.
[32mRedis master command: redis-server --port 6439 --loadmodule /home/ephraim_feldblum/git/RedisJSON/bin/linux-x64-release/rejson.so --logfile /dev/null --dbfilename 074fbfe263a04661a1d51d947719cd21.master-1-test_testArrWrongChars-oss.rdb --enable-debug-command yes --enable-protected-configs yes[0m
[36mtest:testArrWrongChars[0m:
	[31;1m[ERROR][0m
	[31;1mUnhandled exception: Error 111 connecting to localhost:6439. Connection refused.[0m
Traceback (most recent call last):
  File "/home/ephraim_feldblum/venv/lib/python3.11/site-packages/redis/connection.py", line 264, in connect
    sock = self.retry.call_with_retry(
           ^^^^^^^^^^^^^^^^^^^^^^^^^^^
  File "/home/ephraim_feldblum/venv/lib/python3.11/site-packages/redis/retry.py", line 46, in call_with_retry
    return do()
           ^^^^
  File "/home/ephraim_feldblum/venv/lib/python3.11/site-packages/redis/connection.py", line 265, in <lambda>
    lambda: self._connect(), lambda error: self.disconnect(error)
            ^^^^^^^^^^^^^^^
  File "/home/ephraim_feldblum/venv/lib/python3.11/site-packages/redis/connection.py", line 627, in _connect
    raise err
  File "/home/ephraim_feldblum/venv/lib/python3.11/site-packages/redis/connection.py", line 615, in _connect
    sock.connect(socket_address)
ConnectionRefusedError: [Errno 111] Connection refused

During handling of the above exception, another exception occurred:

Traceback (most recent call last):
  File "/home/ephraim_feldblum/venv/lib/python3.11/site-packages/RLTest/__main__.py", line 715, in _runTest
    fn()
  File "/home/ephraim_feldblum/venv/lib/python3.11/site-packages/RLTest/__main__.py", line 704, in <lambda>
    fn = lambda: test.target(env)
                 ^^^^^^^^^^^^^^^^
  File "/home/ephraim_feldblum/git/RedisJSON/tests/pytest/test.py", line 834, in testArrWrongChars
    r.assertOk(r.execute_command('JSON.SET', 'test','.', '{"arr":[1,2]}'))
               ^^^^^^^^^^^^^^^^^^^^^^^^^^^^^^^^^^^^^^^^^^^^^^^^^^^^^^^^^^
  File "/home/ephraim_feldblum/venv/lib/python3.11/site-packages/RLTest/env.py", line 26, in method
    return target(*argc, **nargs)
           ^^^^^^^^^^^^^^^^^^^^^^
  File "/home/ephraim_feldblum/venv/lib/python3.11/site-packages/RLTest/env.py", line 504, in cmd
    res = self.con.execute_command(*query, **options)
          ^^^^^^^^^^^^^^^^^^^^^^^^^^^^^^^^^^^^^^^^^^^
  File "/home/ephraim_feldblum/venv/lib/python3.11/site-packages/redis/client.py", line 594, in execute_command
    conn = self.connection or pool.get_connection(command_name, **options)
                              ^^^^^^^^^^^^^^^^^^^^^^^^^^^^^^^^^^^^^^^^^^^^
  File "/home/ephraim_feldblum/venv/lib/python3.11/site-packages/redis/connection.py", line 1087, in get_connection
    connection.connect()
  File "/home/ephraim_feldblum/venv/lib/python3.11/site-packages/redis/connection.py", line 270, in connect
    raise ConnectionError(self._error_message(e))
redis.exceptions.ConnectionError: Error 111 connecting to localhost:6439. Connection refused.
[32mRedis master command: redis-server --port 6589 --loadmodule /home/ephraim_feldblum/git/RedisJSON/bin/linux-x64-release/rejson.so --logfile /dev/null --dbfilename e0b84b08deca44e18010d5b09bbd26f5.master-1-test_testArrayCRUD-oss.rdb --enable-debug-command yes --enable-protected-configs yes[0m
[36mtest:testArrayCRUD[0m:
	[31;1m[ERROR][0m
	[31;1mUnhandled exception: Error 111 connecting to localhost:6589. Connection refused.[0m
Traceback (most recent call last):
  File "/home/ephraim_feldblum/venv/lib/python3.11/site-packages/redis/connection.py", line 264, in connect
    sock = self.retry.call_with_retry(
           ^^^^^^^^^^^^^^^^^^^^^^^^^^^
  File "/home/ephraim_feldblum/venv/lib/python3.11/site-packages/redis/retry.py", line 46, in call_with_retry
    return do()
           ^^^^
  File "/home/ephraim_feldblum/venv/lib/python3.11/site-packages/redis/connection.py", line 265, in <lambda>
    lambda: self._connect(), lambda error: self.disconnect(error)
            ^^^^^^^^^^^^^^^
  File "/home/ephraim_feldblum/venv/lib/python3.11/site-packages/redis/connection.py", line 627, in _connect
    raise err
  File "/home/ephraim_feldblum/venv/lib/python3.11/site-packages/redis/connection.py", line 615, in _connect
    sock.connect(socket_address)
ConnectionRefusedError: [Errno 111] Connection refused

During handling of the above exception, another exception occurred:

Traceback (most recent call last):
  File "/home/ephraim_feldblum/venv/lib/python3.11/site-packages/RLTest/__main__.py", line 715, in _runTest
    fn()
  File "/home/ephraim_feldblum/venv/lib/python3.11/site-packages/RLTest/__main__.py", line 704, in <lambda>
    fn = lambda: test.target(env)
                 ^^^^^^^^^^^^^^^^
  File "/home/ephraim_feldblum/git/RedisJSON/tests/pytest/test.py", line 631, in testArrayCRUD
    r.assertOk(r.execute_command('JSON.SET', 'test', '.', '[]'))
               ^^^^^^^^^^^^^^^^^^^^^^^^^^^^^^^^^^^^^^^^^^^^^^^^
  File "/home/ephraim_feldblum/venv/lib/python3.11/site-packages/RLTest/env.py", line 26, in method
    return target(*argc, **nargs)
           ^^^^^^^^^^^^^^^^^^^^^^
  File "/home/ephraim_feldblum/venv/lib/python3.11/site-packages/RLTest/env.py", line 504, in cmd
    res = self.con.execute_command(*query, **options)
          ^^^^^^^^^^^^^^^^^^^^^^^^^^^^^^^^^^^^^^^^^^^
  File "/home/ephraim_feldblum/venv/lib/python3.11/site-packages/redis/client.py", line 594, in execute_command
    conn = self.connection or pool.get_connection(command_name, **options)
                              ^^^^^^^^^^^^^^^^^^^^^^^^^^^^^^^^^^^^^^^^^^^^
  File "/home/ephraim_feldblum/venv/lib/python3.11/site-packages/redis/connection.py", line 1087, in get_connection
    connection.connect()
  File "/home/ephraim_feldblum/venv/lib/python3.11/site-packages/redis/connection.py", line 270, in connect
    raise ConnectionError(self._error_message(e))
redis.exceptions.ConnectionError: Error 111 connecting to localhost:6589. Connection refused.
[32mRedis master command: redis-server --port 6409 --loadmodule /home/ephraim_feldblum/git/RedisJSON/bin/linux-x64-release/rejson.so --logfile /dev/null --dbfilename ec32af2a53e84be3856c556c0c2b0f02.master-1-test_testBackwardRDB-oss.rdb --enable-debug-command yes --enable-protected-configs yes[0m
[36mtest:testBackwardRDB[0m:
	[31;1m[ERROR][0m
	[31;1mUnhandled exception: Error 111 connecting to localhost:6409. Connection refused.[0m
Traceback (most recent call last):
  File "/home/ephraim_feldblum/venv/lib/python3.11/site-packages/redis/connection.py", line 264, in connect
    sock = self.retry.call_with_retry(
           ^^^^^^^^^^^^^^^^^^^^^^^^^^^
  File "/home/ephraim_feldblum/venv/lib/python3.11/site-packages/redis/retry.py", line 46, in call_with_retry
    return do()
           ^^^^
  File "/home/ephraim_feldblum/venv/lib/python3.11/site-packages/redis/connection.py", line 265, in <lambda>
    lambda: self._connect(), lambda error: self.disconnect(error)
            ^^^^^^^^^^^^^^^
  File "/home/ephraim_feldblum/venv/lib/python3.11/site-packages/redis/connection.py", line 627, in _connect
    raise err
  File "/home/ephraim_feldblum/venv/lib/python3.11/site-packages/redis/connection.py", line 615, in _connect
    sock.connect(socket_address)
ConnectionRefusedError: [Errno 111] Connection refused

During handling of the above exception, another exception occurred:

Traceback (most recent call last):
  File "/home/ephraim_feldblum/venv/lib/python3.11/site-packages/RLTest/__main__.py", line 715, in _runTest
    fn()
  File "/home/ephraim_feldblum/venv/lib/python3.11/site-packages/RLTest/__main__.py", line 704, in <lambda>
    fn = lambda: test.target(env)
                 ^^^^^^^^^^^^^^^^
  File "/home/ephraim_feldblum/git/RedisJSON/tests/pytest/test.py", line 355, in testBackwardRDB
    dbFileName = env.cmd('config', 'get', 'dbfilename')[1]
                 ^^^^^^^^^^^^^^^^^^^^^^^^^^^^^^^^^^^^^^
  File "/home/ephraim_feldblum/venv/lib/python3.11/site-packages/RLTest/env.py", line 504, in cmd
    res = self.con.execute_command(*query, **options)
          ^^^^^^^^^^^^^^^^^^^^^^^^^^^^^^^^^^^^^^^^^^^
  File "/home/ephraim_feldblum/venv/lib/python3.11/site-packages/redis/client.py", line 594, in execute_command
    conn = self.connection or pool.get_connection(command_name, **options)
                              ^^^^^^^^^^^^^^^^^^^^^^^^^^^^^^^^^^^^^^^^^^^^
  File "/home/ephraim_feldblum/venv/lib/python3.11/site-packages/redis/connection.py", line 1087, in get_connection
    connection.connect()
  File "/home/ephraim_feldblum/venv/lib/python3.11/site-packages/redis/connection.py", line 270, in connect
    raise ConnectionError(self._error_message(e))
redis.exceptions.ConnectionError: Error 111 connecting to localhost:6409. Connection refused.
[32mRedis master command: redis-server --port 6499 --loadmodule /home/ephraim_feldblum/git/RedisJSON/bin/linux-x64-release/rejson.so --logfile /dev/null --dbfilename feb4669307e3464a81440fa665dc7988.master-1-test_testClearScalar-oss.rdb --enable-debug-command yes --enable-protected-configs yes[0m
[36mtest:testClearScalar[0m:
	[31;1m[ERROR][0m
	[31;1mUnhandled exception: Error 111 connecting to localhost:6499. Connection refused.[0m
Traceback (most recent call last):
  File "/home/ephraim_feldblum/venv/lib/python3.11/site-packages/redis/connection.py", line 264, in connect
    sock = self.retry.call_with_retry(
           ^^^^^^^^^^^^^^^^^^^^^^^^^^^
  File "/home/ephraim_feldblum/venv/lib/python3.11/site-packages/redis/retry.py", line 46, in call_with_retry
    return do()
           ^^^^
  File "/home/ephraim_feldblum/venv/lib/python3.11/site-packages/redis/connection.py", line 265, in <lambda>
    lambda: self._connect(), lambda error: self.disconnect(error)
            ^^^^^^^^^^^^^^^
  File "/home/ephraim_feldblum/venv/lib/python3.11/site-packages/redis/connection.py", line 627, in _connect
    raise err
  File "/home/ephraim_feldblum/venv/lib/python3.11/site-packages/redis/connection.py", line 615, in _connect
    sock.connect(socket_address)
ConnectionRefusedError: [Errno 111] Connection refused

During handling of the above exception, another exception occurred:

Traceback (most recent call last):
  File "/home/ephraim_feldblum/venv/lib/python3.11/site-packages/RLTest/__main__.py", line 715, in _runTest
    fn()
  File "/home/ephraim_feldblum/venv/lib/python3.11/site-packages/RLTest/__main__.py", line 704, in <lambda>
    fn = lambda: test.target(env)
                 ^^^^^^^^^^^^^^^^
  File "/home/ephraim_feldblum/git/RedisJSON/tests/pytest/test.py", line 602, in testClearScalar
    r.assertOk(r.execute_command('JSON.SET', 'test', '$', json.dumps(docs['basic'])))
               ^^^^^^^^^^^^^^^^^^^^^^^^^^^^^^^^^^^^^^^^^^^^^^^^^^^^^^^^^^^^^^^^^^^^^
  File "/home/ephraim_feldblum/venv/lib/python3.11/site-packages/RLTest/env.py", line 26, in method
    return target(*argc, **nargs)
           ^^^^^^^^^^^^^^^^^^^^^^
  File "/home/ephraim_feldblum/venv/lib/python3.11/site-packages/RLTest/env.py", line 504, in cmd
    res = self.con.execute_command(*query, **options)
          ^^^^^^^^^^^^^^^^^^^^^^^^^^^^^^^^^^^^^^^^^^^
  File "/home/ephraim_feldblum/venv/lib/python3.11/site-packages/redis/client.py", line 594, in execute_command
    conn = self.connection or pool.get_connection(command_name, **options)
                              ^^^^^^^^^^^^^^^^^^^^^^^^^^^^^^^^^^^^^^^^^^^^
  File "/home/ephraim_feldblum/venv/lib/python3.11/site-packages/redis/connection.py", line 1087, in get_connection
    connection.connect()
  File "/home/ephraim_feldblum/venv/lib/python3.11/site-packages/redis/connection.py", line 270, in connect
    raise ConnectionError(self._error_message(e))
redis.exceptions.ConnectionError: Error 111 connecting to localhost:6499. Connection refused.
[32mRedis master command: redis-server --port 6529 --loadmodule /home/ephraim_feldblum/git/RedisJSON/bin/linux-x64-release/rejson.so --logfile /dev/null --dbfilename 3d5fa8f0bebb49139883d715b11b8cdf.master-1-test_testCopyCommand-oss.rdb --enable-debug-command yes --enable-protected-configs yes[0m
[36mtest:testCopyCommand[0m:
	[31;1m[ERROR][0m
	[31;1mUnhandled exception: Error 111 connecting to localhost:6529. Connection refused.[0m
Traceback (most recent call last):
  File "/home/ephraim_feldblum/venv/lib/python3.11/site-packages/redis/connection.py", line 264, in connect
    sock = self.retry.call_with_retry(
           ^^^^^^^^^^^^^^^^^^^^^^^^^^^
  File "/home/ephraim_feldblum/venv/lib/python3.11/site-packages/redis/retry.py", line 46, in call_with_retry
    return do()
           ^^^^
  File "/home/ephraim_feldblum/venv/lib/python3.11/site-packages/redis/connection.py", line 265, in <lambda>
    lambda: self._connect(), lambda error: self.disconnect(error)
            ^^^^^^^^^^^^^^^
  File "/home/ephraim_feldblum/venv/lib/python3.11/site-packages/redis/connection.py", line 627, in _connect
    raise err
  File "/home/ephraim_feldblum/venv/lib/python3.11/site-packages/redis/connection.py", line 615, in _connect
    sock.connect(socket_address)
ConnectionRefusedError: [Errno 111] Connection refused

During handling of the above exception, another exception occurred:

Traceback (most recent call last):
  File "/home/ephraim_feldblum/venv/lib/python3.11/site-packages/RLTest/__main__.py", line 715, in _runTest
    fn()
  File "/home/ephraim_feldblum/venv/lib/python3.11/site-packages/RLTest/__main__.py", line 704, in <lambda>
    fn = lambda: test.target(env)
                 ^^^^^^^^^^^^^^^^
  File "/home/ephraim_feldblum/git/RedisJSON/tests/pytest/test.py", line 1143, in testCopyCommand
    env.skipOnVersionSmaller('6.2')
  File "/home/ephraim_feldblum/venv/lib/python3.11/site-packages/RLTest/env.py", line 604, in skipOnVersionSmaller
    res = self.con.execute_command('INFO')
          ^^^^^^^^^^^^^^^^^^^^^^^^^^^^^^^^
  File "/home/ephraim_feldblum/venv/lib/python3.11/site-packages/redis/client.py", line 594, in execute_command
    conn = self.connection or pool.get_connection(command_name, **options)
                              ^^^^^^^^^^^^^^^^^^^^^^^^^^^^^^^^^^^^^^^^^^^^
  File "/home/ephraim_feldblum/venv/lib/python3.11/site-packages/redis/connection.py", line 1087, in get_connection
    connection.connect()
  File "/home/ephraim_feldblum/venv/lib/python3.11/site-packages/redis/connection.py", line 270, in connect
    raise ConnectionError(self._error_message(e))
redis.exceptions.ConnectionError: Error 111 connecting to localhost:6529. Connection refused.
[32mRedis master command: redis-server --port 6559 --loadmodule /home/ephraim_feldblum/git/RedisJSON/bin/linux-x64-release/rejson.so --logfile /dev/null --dbfilename 6d3be86365e247d9b8c6e1817b172449.master-1-test_testCrashInParserMOD2099-oss.rdb --enable-debug-command yes --enable-protected-configs yes[0m
[36mtest:testCrashInParserMOD2099[0m:
	[31;1m[ERROR][0m
	[31;1mUnhandled exception: Error 111 connecting to localhost:6559. Connection refused.[0m
Traceback (most recent call last):
  File "/home/ephraim_feldblum/venv/lib/python3.11/site-packages/redis/connection.py", line 264, in connect
    sock = self.retry.call_with_retry(
           ^^^^^^^^^^^^^^^^^^^^^^^^^^^
  File "/home/ephraim_feldblum/venv/lib/python3.11/site-packages/redis/retry.py", line 46, in call_with_retry
    return do()
           ^^^^
  File "/home/ephraim_feldblum/venv/lib/python3.11/site-packages/redis/connection.py", line 265, in <lambda>
    lambda: self._connect(), lambda error: self.disconnect(error)
            ^^^^^^^^^^^^^^^
  File "/home/ephraim_feldblum/venv/lib/python3.11/site-packages/redis/connection.py", line 627, in _connect
    raise err
  File "/home/ephraim_feldblum/venv/lib/python3.11/site-packages/redis/connection.py", line 615, in _connect
    sock.connect(socket_address)
ConnectionRefusedError: [Errno 111] Connection refused

During handling of the above exception, another exception occurred:

Traceback (most recent call last):
  File "/home/ephraim_feldblum/venv/lib/python3.11/site-packages/RLTest/__main__.py", line 715, in _runTest
    fn()
  File "/home/ephraim_feldblum/venv/lib/python3.11/site-packages/RLTest/__main__.py", line 704, in <lambda>
    fn = lambda: test.target(env)
                 ^^^^^^^^^^^^^^^^
  File "/home/ephraim_feldblum/git/RedisJSON/tests/pytest/test.py", line 1124, in testCrashInParserMOD2099
    r.assertOk(r.execute_command('JSON.SET', 'test', '$', '{"a":{"x":{"i":10}}, "b":{"x":{"i":20, "j":5}}}'))
               ^^^^^^^^^^^^^^^^^^^^^^^^^^^^^^^^^^^^^^^^^^^^^^^^^^^^^^^^^^^^^^^^^^^^^^^^^^^^^^^^^^^^^^^^^^^^^
  File "/home/ephraim_feldblum/venv/lib/python3.11/site-packages/RLTest/env.py", line 26, in method
    return target(*argc, **nargs)
           ^^^^^^^^^^^^^^^^^^^^^^
  File "/home/ephraim_feldblum/venv/lib/python3.11/site-packages/RLTest/env.py", line 504, in cmd
    res = self.con.execute_command(*query, **options)
          ^^^^^^^^^^^^^^^^^^^^^^^^^^^^^^^^^^^^^^^^^^^
  File "/home/ephraim_feldblum/venv/lib/python3.11/site-packages/redis/client.py", line 594, in execute_command
    conn = self.connection or pool.get_connection(command_name, **options)
                              ^^^^^^^^^^^^^^^^^^^^^^^^^^^^^^^^^^^^^^^^^^^^
  File "/home/ephraim_feldblum/venv/lib/python3.11/site-packages/redis/connection.py", line 1087, in get_connection
    connection.connect()
  File "/home/ephraim_feldblum/venv/lib/python3.11/site-packages/redis/connection.py", line 270, in connect
    raise ConnectionError(self._error_message(e))
redis.exceptions.ConnectionError: Error 111 connecting to localhost:6559. Connection refused.
[32mRedis master command: redis-server --port 6379 --loadmodule /home/ephraim_feldblum/git/RedisJSON/bin/linux-x64-release/rejson.so --logfile /dev/null --dbfilename e303bf80da594657a048fd3e05f53e4e.master-1-test_testClear-oss.rdb --enable-debug-command yes --enable-protected-configs yes[0m
	[31;1m❌  (FAIL):	[0m[33m'Error 111 connecting to localhost:6379. Connection refused.' == 'OK'[0m	[90;1mtest.py:537[0m
	[31;1m❌  (FAIL):	[0m[33m'Error 111 connecting to localhost:6379. Connection refused.' == '[42,44,{"a":1,"b":2},["to","be","cleared",4]]'[0m	[90;1mtest.py:540[0m
	[31;1m❌  (FAIL):	[0m[33m'Error 111 connecting to localhost:6379. Connection refused.' == '[{"a":1,"b":2}]'[0m	[90;1mtest.py:545[0m
	[31;1m❌  (FAIL):	[0m[33m'Error 111 connecting to localhost:6379. Connection refused.' == '{"a":1,"b":2}'[0m	[90;1mtest.py:546[0m
	[31;1m❌  (FAIL):	[0m[33m'Error 111 connecting to localhost:6379. Connection refused.' == '[["to","be","cleared",4]]'[0m	[90;1mtest.py:550[0m
	[31;1m❌  (FAIL):	[0m[33m'Error 111 connecting to localhost:6379. Connection refused.' == '["to","be","cleared",4]'[0m	[90;1mtest.py:551[0m
	[31;1m❌  (FAIL):	[0m[33m'Error 111 connecting to localhost:6379. Connection refused.' == 1[0m	[90;1mtest.py:554[0m
	[31;1m❌  (FAIL):	[0m[33m'Error 111 connecting to localhost:6379. Connection refused.' == 1[0m	[90;1mtest.py:555[0m
	[31;1m❌  (FAIL):	[0m[33m'Error 111 connecting to localhost:6379. Connection refused.' == 0[0m	[90;1mtest.py:558[0m
	[31;1m❌  (FAIL):	[0m[33m'Error 111 connecting to localhost:6379. Connection refused.' == '[{}]'[0m	[90;1mtest.py:561[0m
	[31;1m❌  (FAIL):	[0m[33m'Error 111 connecting to localhost:6379. Connection refused.' == '{}'[0m	[90;1mtest.py:562[0m
	[31;1m❌  (FAIL):	[0m[33m'Error 111 connecting to localhost:6379. Connection refused.' == '[[]]'[0m	[90;1mtest.py:564[0m
	[31;1m❌  (FAIL):	[0m[33m'Error 111 connecting to localhost:6379. Connection refused.' == '[]'[0m	[90;1mtest.py:565[0m
	[31;1m❌  (FAIL):	[0m[33m'Error 111 connecting to localhost:6379. Connection refused.' == '[42,44,{},[]]'[0m	[90;1mtest.py:568[0m
	[31;1m❌  (FAIL):	[0m[33m'Error 111 connecting to localhost:6379. Connection refused.' == 'OK'[0m	[90;1mtest.py:572[0m
	[31;1m❌  (FAIL):	[0m[33m'Error 111 connecting to localhost:6379. Connection refused.' == 3[0m	[90;1mtest.py:573[0m
	[31;1m❌  (FAIL):	[0m[33m'Error 111 connecting to localhost:6379. Connection refused.' == '[{"n":42,"s":"42","arr":[{},"s",{},{}]}]'[0m	[90;1mtest.py:574[0m
	[31;1m❌  (FAIL):	[0m[33m'Error 111 connecting to localhost:6379. Connection refused.' == 'OK'[0m	[90;1mtest.py:578[0m
	[31;1m❌  (FAIL):	[0m[33m'Error 111 connecting to localhost:6379. Connection refused.' == 1[0m	[90;1mtest.py:580[0m
	[31;1m❌  (FAIL):	[0m[33m'Error 111 connecting to localhost:6379. Connection refused.' == '[{}]'[0m	[90;1mtest.py:581[0m
	[31;1m❌  (FAIL):	[0m[33m'Error 111 connecting to localhost:6379. Connection refused.' == 'OK'[0m	[90;1mtest.py:583[0m
	[31;1m❌  (FAIL):	[0m[33m'Error 111 connecting to localhost:6379. Connection refused.' == 1[0m	[90;1mtest.py:584[0m
	[31;1m❌  (FAIL):	[0m[33m'Error 111 connecting to localhost:6379. Connection refused.' == '[{}]'[0m	[90;1mtest.py:585[0m
	[31;1m❌  (FAIL):	[0m[33m'Error 111 connecting to localhost:6379. Connection refused.' == 'OK'[0m	[90;1mtest.py:588[0m
	[31;1m❌  (FAIL):	[0m[33m'Error 111 connecting to localhost:6379. Connection refused.' == 0[0m	[90;1mtest.py:589[0m
	[31;1m❌  (FAIL):	[0m[33m'Error 111 connecting to localhost:6379. Connection refused.' == '[{"a":[1,2],"b":{"c":"d"}}]'[0m	[90;1mtest.py:590[0m
	[31;1m❌  (FAIL):	[0m[33m'Error 111 connecting to localhost:6379. Connection refused.' == 0[0m	[90;1mtest.py:592[0m
	[31;1m❌  (FAIL):	[0m[33m'Error 111 connecting to localhost:6379. Connection refused.' == '[{"a":[1,2],"b":{"c":"d"}}]'[0m	[90;1mtest.py:593[0m
	[32m✅  (OK):	[0m[33mTrue == True[0m	[90;1menv.py:26[0m
[36mtest:testClear[0m:
	[31;1m[FAIL][0m
[32mRedis master command: redis-server --port 6469 --loadmodule /home/ephraim_feldblum/git/RedisJSON/bin/linux-x64-release/rejson.so --logfile /dev/null --dbfilename e08b765a01bc4c9c8754c0716abc1c74.master-1-test_testDelCommand-oss.rdb --enable-debug-command yes --enable-protected-configs yes[0m
[36mtest:testDelCommand[0m:
	[31;1m[ERROR][0m
	[31;1mUnhandled exception: Error 111 connecting to localhost:6469. Connection refused.[0m
Traceback (most recent call last):
  File "/home/ephraim_feldblum/venv/lib/python3.11/site-packages/redis/connection.py", line 264, in connect
    sock = self.retry.call_with_retry(
           ^^^^^^^^^^^^^^^^^^^^^^^^^^^
  File "/home/ephraim_feldblum/venv/lib/python3.11/site-packages/redis/retry.py", line 46, in call_with_retry
    return do()
           ^^^^
  File "/home/ephraim_feldblum/venv/lib/python3.11/site-packages/redis/connection.py", line 265, in <lambda>
    lambda: self._connect(), lambda error: self.disconnect(error)
            ^^^^^^^^^^^^^^^
  File "/home/ephraim_feldblum/venv/lib/python3.11/site-packages/redis/connection.py", line 627, in _connect
    raise err
  File "/home/ephraim_feldblum/venv/lib/python3.11/site-packages/redis/connection.py", line 615, in _connect
    sock.connect(socket_address)
ConnectionRefusedError: [Errno 111] Connection refused

During handling of the above exception, another exception occurred:

Traceback (most recent call last):
  File "/home/ephraim_feldblum/venv/lib/python3.11/site-packages/RLTest/__main__.py", line 715, in _runTest
    fn()
  File "/home/ephraim_feldblum/venv/lib/python3.11/site-packages/RLTest/__main__.py", line 704, in <lambda>
    fn = lambda: test.target(env)
                 ^^^^^^^^^^^^^^^^
  File "/home/ephraim_feldblum/git/RedisJSON/tests/pytest/test.py", line 438, in testDelCommand
    r.assertOk(r.execute_command('JSON.SET', 'test', '.', '{}'))
               ^^^^^^^^^^^^^^^^^^^^^^^^^^^^^^^^^^^^^^^^^^^^^^^^
  File "/home/ephraim_feldblum/venv/lib/python3.11/site-packages/RLTest/env.py", line 26, in method
    return target(*argc, **nargs)
           ^^^^^^^^^^^^^^^^^^^^^^
  File "/home/ephraim_feldblum/venv/lib/python3.11/site-packages/RLTest/env.py", line 504, in cmd
    res = self.con.execute_command(*query, **options)
          ^^^^^^^^^^^^^^^^^^^^^^^^^^^^^^^^^^^^^^^^^^^
  File "/home/ephraim_feldblum/venv/lib/python3.11/site-packages/redis/client.py", line 594, in execute_command
    conn = self.connection or pool.get_connection(command_name, **options)
                              ^^^^^^^^^^^^^^^^^^^^^^^^^^^^^^^^^^^^^^^^^^^^
  File "/home/ephraim_feldblum/venv/lib/python3.11/site-packages/redis/connection.py", line 1087, in get_connection
    connection.connect()
  File "/home/ephraim_feldblum/venv/lib/python3.11/site-packages/redis/connection.py", line 270, in connect
    raise ConnectionError(self._error_message(e))
redis.exceptions.ConnectionError: Error 111 connecting to localhost:6469. Connection refused.
[32mRedis master command: redis-server --port 6439 --loadmodule /home/ephraim_feldblum/git/RedisJSON/bin/linux-x64-release/rejson.so --logfile /dev/null --dbfilename 06581a55adc44e2497affcb52a7ef687.master-1-test_testDoubleParse-oss.rdb --enable-debug-command yes --enable-protected-configs yes[0m
[36mtest:testDoubleParse[0m:
	[31;1m[ERROR][0m
	[31;1mUnhandled exception: Error 111 connecting to localhost:6439. Connection refused.[0m
Traceback (most recent call last):
  File "/home/ephraim_feldblum/venv/lib/python3.11/site-packages/redis/connection.py", line 264, in connect
    sock = self.retry.call_with_retry(
           ^^^^^^^^^^^^^^^^^^^^^^^^^^^
  File "/home/ephraim_feldblum/venv/lib/python3.11/site-packages/redis/retry.py", line 46, in call_with_retry
    return do()
           ^^^^
  File "/home/ephraim_feldblum/venv/lib/python3.11/site-packages/redis/connection.py", line 265, in <lambda>
    lambda: self._connect(), lambda error: self.disconnect(error)
            ^^^^^^^^^^^^^^^
  File "/home/ephraim_feldblum/venv/lib/python3.11/site-packages/redis/connection.py", line 627, in _connect
    raise err
  File "/home/ephraim_feldblum/venv/lib/python3.11/site-packages/redis/connection.py", line 615, in _connect
    sock.connect(socket_address)
ConnectionRefusedError: [Errno 111] Connection refused

During handling of the above exception, another exception occurred:

Traceback (most recent call last):
  File "/home/ephraim_feldblum/venv/lib/python3.11/site-packages/RLTest/__main__.py", line 715, in _runTest
    fn()
  File "/home/ephraim_feldblum/venv/lib/python3.11/site-packages/RLTest/__main__.py", line 704, in <lambda>
    fn = lambda: test.target(env)
                 ^^^^^^^^^^^^^^^^
  File "/home/ephraim_feldblum/git/RedisJSON/tests/pytest/test.py", line 1048, in testDoubleParse
    r.cmd('JSON.SET', 'dblNum', '.', '[1512060373.222988]')
  File "/home/ephraim_feldblum/venv/lib/python3.11/site-packages/RLTest/env.py", line 504, in cmd
    res = self.con.execute_command(*query, **options)
          ^^^^^^^^^^^^^^^^^^^^^^^^^^^^^^^^^^^^^^^^^^^
  File "/home/ephraim_feldblum/venv/lib/python3.11/site-packages/redis/client.py", line 594, in execute_command
    conn = self.connection or pool.get_connection(command_name, **options)
                              ^^^^^^^^^^^^^^^^^^^^^^^^^^^^^^^^^^^^^^^^^^^^
  File "/home/ephraim_feldblum/venv/lib/python3.11/site-packages/redis/connection.py", line 1087, in get_connection
    connection.connect()
  File "/home/ephraim_feldblum/venv/lib/python3.11/site-packages/redis/connection.py", line 270, in connect
    raise ConnectionError(self._error_message(e))
redis.exceptions.ConnectionError: Error 111 connecting to localhost:6439. Connection refused.
[32mRedis master command: redis-server --port 6589 --loadmodule /home/ephraim_feldblum/git/RedisJSON/bin/linux-x64-release/rejson.so --logfile /dev/null --dbfilename 903fe3b39f844d14ae8ea65af71c9d88.master-1-test_testEscape-oss.rdb --enable-debug-command yes --enable-protected-configs yes[0m
	[31;1m❌  (FAIL):	[0m[33m'Error 111 connecting to localhost:6589. Connection refused.' == 'OK'[0m	[90;1mtest.py:1245[0m
	[31;1m❌  (FAIL):	[0m[33m'Error 111 connecting to localhost:6589. Connection refused.' == '["escaped control here:\\b \\f \\n \\r \\t / \\\\"]'[0m	[90;1mtest.py:1246[0m
	[31;1m❌  (FAIL):	[0m[33m'Error 111 connecting to localhost:6589. Connection refused.' == 'OK'[0m	[90;1mtest.py:1249[0m
	[31;1m❌  (FAIL):	[0m[33m'Error 111 connecting to localhost:6589. Connection refused.' == '["escaped quote here:\\""]'[0m	[90;1mtest.py:1250[0m
	[31;1m❌  (FAIL):	[0m[33m'Error 111 connecting to localhost:6589. Connection refused.' == 'OK'[0m	[90;1mtest.py:1253[0m
	[31;1m❌  (FAIL):	[0m[33m'Error 111 connecting to localhost:6589. Connection refused.' == '["escaped unicode here:⭐"]'[0m	[90;1mtest.py:1254[0m
[36mtest:testEscape[0m:
	[31;1m[FAIL][0m
[32mRedis master command: redis-server --port 6409 --loadmodule /home/ephraim_feldblum/git/RedisJSON/bin/linux-x64-release/rejson.so --logfile /dev/null --dbfilename cf2cd219c4cf4fd19c91f549b26ee4b5.master-1-test_testFilter-oss.rdb --enable-debug-command yes --enable-protected-configs yes[0m
	[31;1m❌  (FAIL):	[0m[33m'Error 111 connecting to localhost:6409. Connection refused.' == 'OK'[0m	[90;1mtest.py:1271[0m
	[31;1m❌  (FAIL):	[0m[33m'Error 111 connecting to localhost:6409. Connection refused.' == '["kafoosh","foolish","ffool"]'[0m	[90;1mtest.py:1274[0m
	[31;1m❌  (FAIL):	[0m[33m'Error 111 connecting to localhost:6409. Connection refused.' == '["kafoosh","foolish","ffool"]'[0m	[90;1mtest.py:1277[0m
	[31;1m❌  (FAIL):	[0m[33m'Error 111 connecting to localhost:6409. Connection refused.' == '["foo","FoO"]'[0m	[90;1mtest.py:1280[0m
	[31;1m❌  (FAIL):	[0m[33m'Error 111 connecting to localhost:6409. Connection refused.' == 'OK'[0m	[90;1mtest.py:1283[0m
	[31;1m❌  (FAIL):	[0m[33m'Error 111 connecting to localhost:6409. Connection refused.' == '["kafoosh"]'[0m	[90;1mtest.py:1284[0m
	[31;1m❌  (FAIL):	[0m[33m'Error 111 connecting to localhost:6409. Connection refused.' == '[]'[0m	[90;1mtest.py:1287[0m
	[31;1m❌  (FAIL):	[0m[33m'Error 111 connecting to localhost:6409. Connection refused.' == '[7.0]'[0m	[90;1mtest.py:1288[0m
	[31;1m❌  (FAIL):	[0m[33m'Error 111 connecting to localhost:6409. Connection refused.' == '[]'[0m	[90;1mtest.py:1291[0m
	[31;1m❌  (FAIL):	[0m[33m'Error 111 connecting to localhost:6409. Connection refused.' == '[]'[0m	[90;1mtest.py:1295[0m
	[31;1m❌  (FAIL):	[0m[33m'Error 111 connecting to localhost:6409. Connection refused.' == '[]'[0m	[90;1mtest.py:1295[0m
	[31;1m❌  (FAIL):	[0m[33m'Error 111 connecting to localhost:6409. Connection refused.' == '[]'[0m	[90;1mtest.py:1295[0m
	[31;1m❌  (FAIL):	[0m[33m'Error 111 connecting to localhost:6409. Connection refused.' == '[]'[0m	[90;1mtest.py:1295[0m
	[31;1m❌  (FAIL):	[0m[33m'Error 111 connecting to localhost:6409. Connection refused.' == '[]'[0m	[90;1mtest.py:1295[0m
	[31;1m❌  (FAIL):	[0m[33m'Error 111 connecting to localhost:6409. Connection refused.' == '["(?i)^[f][o][o]$"]'[0m	[90;1mtest.py:1298[0m
[36mtest:testFilter[0m:
	[31;1m[FAIL][0m
[32mRedis master command: redis-server --port 6529 --loadmodule /home/ephraim_feldblum/git/RedisJSON/bin/linux-x64-release/rejson.so --logfile /dev/null --dbfilename 32df4e4f5da44a4ea50ae02ca2953e56.master-1-test_testFilterPrecedence-oss.rdb --enable-debug-command yes --enable-protected-configs yes[0m
	[31;1m❌  (FAIL):	[0m[33m'Error 111 connecting to localhost:6529. Connection refused.' == 'OK'[0m	[90;1mtest.py:1316[0m
[36mtest:testFilterPrecedence[0m:
	[31;1m[ERROR][0m
	[31;1mUnhandled exception: Error 111 connecting to localhost:6529. Connection refused.[0m
Traceback (most recent call last):
  File "/home/ephraim_feldblum/venv/lib/python3.11/site-packages/redis/connection.py", line 264, in connect
    sock = self.retry.call_with_retry(
           ^^^^^^^^^^^^^^^^^^^^^^^^^^^
  File "/home/ephraim_feldblum/venv/lib/python3.11/site-packages/redis/retry.py", line 46, in call_with_retry
    return do()
           ^^^^
  File "/home/ephraim_feldblum/venv/lib/python3.11/site-packages/redis/connection.py", line 265, in <lambda>
    lambda: self._connect(), lambda error: self.disconnect(error)
            ^^^^^^^^^^^^^^^
  File "/home/ephraim_feldblum/venv/lib/python3.11/site-packages/redis/connection.py", line 627, in _connect
    raise err
  File "/home/ephraim_feldblum/venv/lib/python3.11/site-packages/redis/connection.py", line 615, in _connect
    sock.connect(socket_address)
ConnectionRefusedError: [Errno 111] Connection refused

During handling of the above exception, another exception occurred:

Traceback (most recent call last):
  File "/home/ephraim_feldblum/venv/lib/python3.11/site-packages/RLTest/__main__.py", line 715, in _runTest
    fn()
  File "/home/ephraim_feldblum/venv/lib/python3.11/site-packages/RLTest/__main__.py", line 704, in <lambda>
    fn = lambda: test.target(env)
                 ^^^^^^^^^^^^^^^^
  File "/home/ephraim_feldblum/git/RedisJSON/tests/pytest/test.py", line 1317, in testFilterPrecedence
    res = r.execute_command('JSON.GET', 'doc', '$[?(@.f==true || @.one==1 && @.t==true)]')
          ^^^^^^^^^^^^^^^^^^^^^^^^^^^^^^^^^^^^^^^^^^^^^^^^^^^^^^^^^^^^^^^^^^^^^^^^^^^^^^^^
  File "/home/ephraim_feldblum/venv/lib/python3.11/site-packages/RLTest/env.py", line 26, in method
    return target(*argc, **nargs)
           ^^^^^^^^^^^^^^^^^^^^^^
  File "/home/ephraim_feldblum/venv/lib/python3.11/site-packages/RLTest/env.py", line 504, in cmd
    res = self.con.execute_command(*query, **options)
          ^^^^^^^^^^^^^^^^^^^^^^^^^^^^^^^^^^^^^^^^^^^
  File "/home/ephraim_feldblum/venv/lib/python3.11/site-packages/redis/client.py", line 594, in execute_command
    conn = self.connection or pool.get_connection(command_name, **options)
                              ^^^^^^^^^^^^^^^^^^^^^^^^^^^^^^^^^^^^^^^^^^^^
  File "/home/ephraim_feldblum/venv/lib/python3.11/site-packages/redis/connection.py", line 1087, in get_connection
    connection.connect()
  File "/home/ephraim_feldblum/venv/lib/python3.11/site-packages/redis/connection.py", line 270, in connect
    raise ConnectionError(self._error_message(e))
redis.exceptions.ConnectionError: Error 111 connecting to localhost:6529. Connection refused.
[36mtest:testFilterPrecedence[0m:
	[31;1m[FAIL][0m
[32mRedis master command: redis-server --port 6559 --loadmodule /home/ephraim_feldblum/git/RedisJSON/bin/linux-x64-release/rejson.so --logfile /dev/null --dbfilename 2729712b15d34934948ed1f50d6eb75f.master-1-test_testGetFormatting-oss.rdb --enable-debug-command yes --enable-protected-configs yes[0m
[36mtest:testGetFormatting[0m:
	[31;1m[ERROR][0m
	[31;1mUnhandled exception: Error 111 connecting to localhost:6559. Connection refused.[0m
Traceback (most recent call last):
  File "/home/ephraim_feldblum/venv/lib/python3.11/site-packages/redis/connection.py", line 264, in connect
    sock = self.retry.call_with_retry(
           ^^^^^^^^^^^^^^^^^^^^^^^^^^^
  File "/home/ephraim_feldblum/venv/lib/python3.11/site-packages/redis/retry.py", line 46, in call_with_retry
    return do()
           ^^^^
  File "/home/ephraim_feldblum/venv/lib/python3.11/site-packages/redis/connection.py", line 265, in <lambda>
    lambda: self._connect(), lambda error: self.disconnect(error)
            ^^^^^^^^^^^^^^^
  File "/home/ephraim_feldblum/venv/lib/python3.11/site-packages/redis/connection.py", line 627, in _connect
    raise err
  File "/home/ephraim_feldblum/venv/lib/python3.11/site-packages/redis/connection.py", line 615, in _connect
    sock.connect(socket_address)
ConnectionRefusedError: [Errno 111] Connection refused

During handling of the above exception, another exception occurred:

Traceback (most recent call last):
  File "/home/ephraim_feldblum/venv/lib/python3.11/site-packages/RLTest/__main__.py", line 715, in _runTest
    fn()
  File "/home/ephraim_feldblum/venv/lib/python3.11/site-packages/RLTest/__main__.py", line 704, in <lambda>
    fn = lambda: test.target(env)
                 ^^^^^^^^^^^^^^^^
  File "/home/ephraim_feldblum/git/RedisJSON/tests/pytest/test.py", line 342, in testGetFormatting
    r.assertOk(r.execute_command('JSON.SET', list(o.keys()).pop(), '$', json.dumps(o)))
               ^^^^^^^^^^^^^^^^^^^^^^^^^^^^^^^^^^^^^^^^^^^^^^^^^^^^^^^^^^^^^^^^^^^^^^^
  File "/home/ephraim_feldblum/venv/lib/python3.11/site-packages/RLTest/env.py", line 26, in method
    return target(*argc, **nargs)
           ^^^^^^^^^^^^^^^^^^^^^^
  File "/home/ephraim_feldblum/venv/lib/python3.11/site-packages/RLTest/env.py", line 504, in cmd
    res = self.con.execute_command(*query, **options)
          ^^^^^^^^^^^^^^^^^^^^^^^^^^^^^^^^^^^^^^^^^^^
  File "/home/ephraim_feldblum/venv/lib/python3.11/site-packages/redis/client.py", line 594, in execute_command
    conn = self.connection or pool.get_connection(command_name, **options)
                              ^^^^^^^^^^^^^^^^^^^^^^^^^^^^^^^^^^^^^^^^^^^^
  File "/home/ephraim_feldblum/venv/lib/python3.11/site-packages/redis/connection.py", line 1087, in get_connection
    connection.connect()
  File "/home/ephraim_feldblum/venv/lib/python3.11/site-packages/redis/connection.py", line 270, in connect
    raise ConnectionError(self._error_message(e))
redis.exceptions.ConnectionError: Error 111 connecting to localhost:6559. Connection refused.
[32mRedis master command: redis-server --port 6499 --loadmodule /home/ephraim_feldblum/git/RedisJSON/bin/linux-x64-release/rejson.so --logfile /dev/null --dbfilename 7f6d37bed0a843ba9e885e2e052ecd73.master-1-test_testFilterExpression-oss.rdb --enable-debug-command yes --enable-protected-configs yes[0m
	[31;1m❌  (FAIL):	[0m[33m'Error 111 connecting to localhost:6499. Connection refused.' == 'OK'[0m	[90;1mtest.py:1308[0m
[36mtest:testFilterExpression[0m:
	[31;1m[ERROR][0m
	[31;1mUnhandled exception: Error 111 connecting to localhost:6499. Connection refused.[0m
Traceback (most recent call last):
  File "/home/ephraim_feldblum/venv/lib/python3.11/site-packages/redis/connection.py", line 264, in connect
    sock = self.retry.call_with_retry(
           ^^^^^^^^^^^^^^^^^^^^^^^^^^^
  File "/home/ephraim_feldblum/venv/lib/python3.11/site-packages/redis/retry.py", line 46, in call_with_retry
    return do()
           ^^^^
  File "/home/ephraim_feldblum/venv/lib/python3.11/site-packages/redis/connection.py", line 265, in <lambda>
    lambda: self._connect(), lambda error: self.disconnect(error)
            ^^^^^^^^^^^^^^^
  File "/home/ephraim_feldblum/venv/lib/python3.11/site-packages/redis/connection.py", line 627, in _connect
    raise err
  File "/home/ephraim_feldblum/venv/lib/python3.11/site-packages/redis/connection.py", line 615, in _connect
    sock.connect(socket_address)
ConnectionRefusedError: [Errno 111] Connection refused

During handling of the above exception, another exception occurred:

Traceback (most recent call last):
  File "/home/ephraim_feldblum/venv/lib/python3.11/site-packages/RLTest/__main__.py", line 715, in _runTest
    fn()
  File "/home/ephraim_feldblum/venv/lib/python3.11/site-packages/RLTest/__main__.py", line 704, in <lambda>
    fn = lambda: test.target(env)
                 ^^^^^^^^^^^^^^^^
  File "/home/ephraim_feldblum/git/RedisJSON/tests/pytest/test.py", line 1309, in testFilterExpression
    res = r.execute_command('JSON.GET', 'doc', '$[?(@.foo>1 && @.quux>8 && @.bar>3 && @.baz>4)]')
          ^^^^^^^^^^^^^^^^^^^^^^^^^^^^^^^^^^^^^^^^^^^^^^^^^^^^^^^^^^^^^^^^^^^^^^^^^^^^^^^^^^^^^^^
  File "/home/ephraim_feldblum/venv/lib/python3.11/site-packages/RLTest/env.py", line 26, in method
    return target(*argc, **nargs)
           ^^^^^^^^^^^^^^^^^^^^^^
  File "/home/ephraim_feldblum/venv/lib/python3.11/site-packages/RLTest/env.py", line 504, in cmd
    res = self.con.execute_command(*query, **options)
          ^^^^^^^^^^^^^^^^^^^^^^^^^^^^^^^^^^^^^^^^^^^
  File "/home/ephraim_feldblum/venv/lib/python3.11/site-packages/redis/client.py", line 594, in execute_command
    conn = self.connection or pool.get_connection(command_name, **options)
                              ^^^^^^^^^^^^^^^^^^^^^^^^^^^^^^^^^^^^^^^^^^^^
  File "/home/ephraim_feldblum/venv/lib/python3.11/site-packages/redis/connection.py", line 1087, in get_connection
    connection.connect()
  File "/home/ephraim_feldblum/venv/lib/python3.11/site-packages/redis/connection.py", line 270, in connect
    raise ConnectionError(self._error_message(e))
redis.exceptions.ConnectionError: Error 111 connecting to localhost:6499. Connection refused.
[36mtest:testFilterExpression[0m:
	[31;1m[FAIL][0m
[32mRedis master command: redis-server --port 6379 --loadmodule /home/ephraim_feldblum/git/RedisJSON/bin/linux-x64-release/rejson.so --logfile /dev/null --dbfilename b067ec35112949efa43e23dd1d64e4ed.master-1-test_testGetNonExistantPathsFromBasicDocumentShouldFail-oss.rdb --enable-debug-command yes --enable-protected-configs yes[0m
[36mtest:testGetNonExistantPathsFromBasicDocumentShouldFail[0m:
	[31;1m[ERROR][0m
	[31;1mUnhandled exception: Error 111 connecting to localhost:6379. Connection refused.[0m
Traceback (most recent call last):
  File "/home/ephraim_feldblum/venv/lib/python3.11/site-packages/redis/connection.py", line 264, in connect
    sock = self.retry.call_with_retry(
           ^^^^^^^^^^^^^^^^^^^^^^^^^^^
  File "/home/ephraim_feldblum/venv/lib/python3.11/site-packages/redis/retry.py", line 46, in call_with_retry
    return do()
           ^^^^
  File "/home/ephraim_feldblum/venv/lib/python3.11/site-packages/redis/connection.py", line 265, in <lambda>
    lambda: self._connect(), lambda error: self.disconnect(error)
            ^^^^^^^^^^^^^^^
  File "/home/ephraim_feldblum/venv/lib/python3.11/site-packages/redis/connection.py", line 627, in _connect
    raise err
  File "/home/ephraim_feldblum/venv/lib/python3.11/site-packages/redis/connection.py", line 615, in _connect
    sock.connect(socket_address)
ConnectionRefusedError: [Errno 111] Connection refused

During handling of the above exception, another exception occurred:

Traceback (most recent call last):
  File "/home/ephraim_feldblum/venv/lib/python3.11/site-packages/RLTest/__main__.py", line 715, in _runTest
    fn()
  File "/home/ephraim_feldblum/venv/lib/python3.11/site-packages/RLTest/__main__.py", line 704, in <lambda>
    fn = lambda: test.target(env)
                 ^^^^^^^^^^^^^^^^
  File "/home/ephraim_feldblum/git/RedisJSON/tests/pytest/test.py", line 303, in testGetNonExistantPathsFromBasicDocumentShouldFail
    r.assertOk(r.execute_command('JSON.SET', 'test', '.', json.dumps(docs['scalars'])))
               ^^^^^^^^^^^^^^^^^^^^^^^^^^^^^^^^^^^^^^^^^^^^^^^^^^^^^^^^^^^^^^^^^^^^^^^
  File "/home/ephraim_feldblum/venv/lib/python3.11/site-packages/RLTest/env.py", line 26, in method
    return target(*argc, **nargs)
           ^^^^^^^^^^^^^^^^^^^^^^
  File "/home/ephraim_feldblum/venv/lib/python3.11/site-packages/RLTest/env.py", line 504, in cmd
    res = self.con.execute_command(*query, **options)
          ^^^^^^^^^^^^^^^^^^^^^^^^^^^^^^^^^^^^^^^^^^^
  File "/home/ephraim_feldblum/venv/lib/python3.11/site-packages/redis/client.py", line 594, in execute_command
    conn = self.connection or pool.get_connection(command_name, **options)
                              ^^^^^^^^^^^^^^^^^^^^^^^^^^^^^^^^^^^^^^^^^^^^
  File "/home/ephraim_feldblum/venv/lib/python3.11/site-packages/redis/connection.py", line 1087, in get_connection
    connection.connect()
  File "/home/ephraim_feldblum/venv/lib/python3.11/site-packages/redis/connection.py", line 270, in connect
    raise ConnectionError(self._error_message(e))
redis.exceptions.ConnectionError: Error 111 connecting to localhost:6379. Connection refused.
[32mRedis master command: redis-server --port 6469 --loadmodule /home/ephraim_feldblum/git/RedisJSON/bin/linux-x64-release/rejson.so --logfile /dev/null --dbfilename 5c9e522f7641461794978b533cd3fc00.master-1-test_testGetPartsOfValuesDocumentMultiple-oss.rdb --enable-debug-command yes --enable-protected-configs yes[0m
	[31;1m❌  (FAIL):	[0m[33m'Error 111 connecting to localhost:6469. Connection refused.' == 'OK'[0m	[90;1mtest.py:325[0m
[36mtest:testGetPartsOfValuesDocumentMultiple[0m:
	[31;1m[ERROR][0m
	[31;1mUnhandled exception: Error 111 connecting to localhost:6469. Connection refused.[0m
Traceback (most recent call last):
  File "/home/ephraim_feldblum/venv/lib/python3.11/site-packages/redis/connection.py", line 264, in connect
    sock = self.retry.call_with_retry(
           ^^^^^^^^^^^^^^^^^^^^^^^^^^^
  File "/home/ephraim_feldblum/venv/lib/python3.11/site-packages/redis/retry.py", line 46, in call_with_retry
    return do()
           ^^^^
  File "/home/ephraim_feldblum/venv/lib/python3.11/site-packages/redis/connection.py", line 265, in <lambda>
    lambda: self._connect(), lambda error: self.disconnect(error)
            ^^^^^^^^^^^^^^^
  File "/home/ephraim_feldblum/venv/lib/python3.11/site-packages/redis/connection.py", line 627, in _connect
    raise err
  File "/home/ephraim_feldblum/venv/lib/python3.11/site-packages/redis/connection.py", line 615, in _connect
    sock.connect(socket_address)
ConnectionRefusedError: [Errno 111] Connection refused

During handling of the above exception, another exception occurred:

Traceback (most recent call last):
  File "/home/ephraim_feldblum/venv/lib/python3.11/site-packages/RLTest/__main__.py", line 715, in _runTest
    fn()
  File "/home/ephraim_feldblum/venv/lib/python3.11/site-packages/RLTest/__main__.py", line 704, in <lambda>
    fn = lambda: test.target(env)
                 ^^^^^^^^^^^^^^^^
  File "/home/ephraim_feldblum/git/RedisJSON/tests/pytest/test.py", line 326, in testGetPartsOfValuesDocumentMultiple
    data = json.loads(r.execute_command('JSON.GET', 'test', *docs['values'].keys()))
                      ^^^^^^^^^^^^^^^^^^^^^^^^^^^^^^^^^^^^^^^^^^^^^^^^^^^^^^^^^^^^^
  File "/home/ephraim_feldblum/venv/lib/python3.11/site-packages/RLTest/env.py", line 26, in method
    return target(*argc, **nargs)
           ^^^^^^^^^^^^^^^^^^^^^^
  File "/home/ephraim_feldblum/venv/lib/python3.11/site-packages/RLTest/env.py", line 504, in cmd
    res = self.con.execute_command(*query, **options)
          ^^^^^^^^^^^^^^^^^^^^^^^^^^^^^^^^^^^^^^^^^^^
  File "/home/ephraim_feldblum/venv/lib/python3.11/site-packages/redis/client.py", line 594, in execute_command
    conn = self.connection or pool.get_connection(command_name, **options)
                              ^^^^^^^^^^^^^^^^^^^^^^^^^^^^^^^^^^^^^^^^^^^^
  File "/home/ephraim_feldblum/venv/lib/python3.11/site-packages/redis/connection.py", line 1087, in get_connection
    connection.connect()
  File "/home/ephraim_feldblum/venv/lib/python3.11/site-packages/redis/connection.py", line 270, in connect
    raise ConnectionError(self._error_message(e))
redis.exceptions.ConnectionError: Error 111 connecting to localhost:6469. Connection refused.
[36mtest:testGetPartsOfValuesDocumentMultiple[0m:
	[31;1m[FAIL][0m
[32mRedis master command: redis-server --port 6439 --loadmodule /home/ephraim_feldblum/git/RedisJSON/bin/linux-x64-release/rejson.so --logfile /dev/null --dbfilename 5acb62cec7304ff0951fadcb0fb1a7a0.master-1-test_testGetPartsOfValuesDocumentOneByOne-oss.rdb --enable-debug-command yes --enable-protected-configs yes[0m
	[31;1m❌  (FAIL):	[0m[33m'Error 111 connecting to localhost:6439. Connection refused.' == 'OK'[0m	[90;1mtest.py:316[0m
[36mtest:testGetPartsOfValuesDocumentOneByOne[0m:
	[31;1m[ERROR][0m
	[31;1mUnhandled exception: Error 111 connecting to localhost:6439. Connection refused.[0m
Traceback (most recent call last):
  File "/home/ephraim_feldblum/venv/lib/python3.11/site-packages/redis/connection.py", line 264, in connect
    sock = self.retry.call_with_retry(
           ^^^^^^^^^^^^^^^^^^^^^^^^^^^
  File "/home/ephraim_feldblum/venv/lib/python3.11/site-packages/redis/retry.py", line 46, in call_with_retry
    return do()
           ^^^^
  File "/home/ephraim_feldblum/venv/lib/python3.11/site-packages/redis/connection.py", line 265, in <lambda>
    lambda: self._connect(), lambda error: self.disconnect(error)
            ^^^^^^^^^^^^^^^
  File "/home/ephraim_feldblum/venv/lib/python3.11/site-packages/redis/connection.py", line 627, in _connect
    raise err
  File "/home/ephraim_feldblum/venv/lib/python3.11/site-packages/redis/connection.py", line 615, in _connect
    sock.connect(socket_address)
ConnectionRefusedError: [Errno 111] Connection refused

During handling of the above exception, another exception occurred:

Traceback (most recent call last):
  File "/home/ephraim_feldblum/venv/lib/python3.11/site-packages/RLTest/__main__.py", line 715, in _runTest
    fn()
  File "/home/ephraim_feldblum/venv/lib/python3.11/site-packages/RLTest/__main__.py", line 704, in <lambda>
    fn = lambda: test.target(env)
                 ^^^^^^^^^^^^^^^^
  File "/home/ephraim_feldblum/git/RedisJSON/tests/pytest/test.py", line 318, in testGetPartsOfValuesDocumentOneByOne
    data = json.loads(r.execute_command('JSON.GET', 'test', '.{}'.format(k)))
                      ^^^^^^^^^^^^^^^^^^^^^^^^^^^^^^^^^^^^^^^^^^^^^^^^^^^^^^
  File "/home/ephraim_feldblum/venv/lib/python3.11/site-packages/RLTest/env.py", line 26, in method
    return target(*argc, **nargs)
           ^^^^^^^^^^^^^^^^^^^^^^
  File "/home/ephraim_feldblum/venv/lib/python3.11/site-packages/RLTest/env.py", line 504, in cmd
    res = self.con.execute_command(*query, **options)
          ^^^^^^^^^^^^^^^^^^^^^^^^^^^^^^^^^^^^^^^^^^^
  File "/home/ephraim_feldblum/venv/lib/python3.11/site-packages/redis/client.py", line 594, in execute_command
    conn = self.connection or pool.get_connection(command_name, **options)
                              ^^^^^^^^^^^^^^^^^^^^^^^^^^^^^^^^^^^^^^^^^^^^
  File "/home/ephraim_feldblum/venv/lib/python3.11/site-packages/redis/connection.py", line 1087, in get_connection
    connection.connect()
  File "/home/ephraim_feldblum/venv/lib/python3.11/site-packages/redis/connection.py", line 270, in connect
    raise ConnectionError(self._error_message(e))
redis.exceptions.ConnectionError: Error 111 connecting to localhost:6439. Connection refused.
[36mtest:testGetPartsOfValuesDocumentOneByOne[0m:
	[31;1m[FAIL][0m
[32mRedis master command: redis-server --port 6589 --loadmodule /home/ephraim_feldblum/git/RedisJSON/bin/linux-x64-release/rejson.so --logfile /dev/null --dbfilename defddbc379124a0b9d7652506b83ba4d.master-1-test_testGetWithBracketNotation-oss.rdb --enable-debug-command yes --enable-protected-configs yes[0m
[36mtest:testGetWithBracketNotation[0m:
	[31;1m[ERROR][0m
	[31;1mUnhandled exception: Error 111 connecting to localhost:6589. Connection refused.[0m
Traceback (most recent call last):
  File "/home/ephraim_feldblum/venv/lib/python3.11/site-packages/redis/connection.py", line 264, in connect
    sock = self.retry.call_with_retry(
           ^^^^^^^^^^^^^^^^^^^^^^^^^^^
  File "/home/ephraim_feldblum/venv/lib/python3.11/site-packages/redis/retry.py", line 46, in call_with_retry
    return do()
           ^^^^
  File "/home/ephraim_feldblum/venv/lib/python3.11/site-packages/redis/connection.py", line 265, in <lambda>
    lambda: self._connect(), lambda error: self.disconnect(error)
            ^^^^^^^^^^^^^^^
  File "/home/ephraim_feldblum/venv/lib/python3.11/site-packages/redis/connection.py", line 627, in _connect
    raise err
  File "/home/ephraim_feldblum/venv/lib/python3.11/site-packages/redis/connection.py", line 615, in _connect
    sock.connect(socket_address)
ConnectionRefusedError: [Errno 111] Connection refused

During handling of the above exception, another exception occurred:

Traceback (most recent call last):
  File "/home/ephraim_feldblum/venv/lib/python3.11/site-packages/RLTest/__main__.py", line 715, in _runTest
    fn()
  File "/home/ephraim_feldblum/venv/lib/python3.11/site-packages/RLTest/__main__.py", line 704, in <lambda>
    fn = lambda: test.target(env)
                 ^^^^^^^^^^^^^^^^
  File "/home/ephraim_feldblum/git/RedisJSON/tests/pytest/test.py", line 227, in testGetWithBracketNotation
    r.assertOk(r.execute_command('JSON.SET', 'x', '.', '[1,2,3]'))
               ^^^^^^^^^^^^^^^^^^^^^^^^^^^^^^^^^^^^^^^^^^^^^^^^^^
  File "/home/ephraim_feldblum/venv/lib/python3.11/site-packages/RLTest/env.py", line 26, in method
    return target(*argc, **nargs)
           ^^^^^^^^^^^^^^^^^^^^^^
  File "/home/ephraim_feldblum/venv/lib/python3.11/site-packages/RLTest/env.py", line 504, in cmd
    res = self.con.execute_command(*query, **options)
          ^^^^^^^^^^^^^^^^^^^^^^^^^^^^^^^^^^^^^^^^^^^
  File "/home/ephraim_feldblum/venv/lib/python3.11/site-packages/redis/client.py", line 594, in execute_command
    conn = self.connection or pool.get_connection(command_name, **options)
                              ^^^^^^^^^^^^^^^^^^^^^^^^^^^^^^^^^^^^^^^^^^^^
  File "/home/ephraim_feldblum/venv/lib/python3.11/site-packages/redis/connection.py", line 1087, in get_connection
    connection.connect()
  File "/home/ephraim_feldblum/venv/lib/python3.11/site-packages/redis/connection.py", line 270, in connect
    raise ConnectionError(self._error_message(e))
redis.exceptions.ConnectionError: Error 111 connecting to localhost:6589. Connection refused.
[32mRedis master command: redis-server --port 6409 --loadmodule /home/ephraim_feldblum/git/RedisJSON/bin/linux-x64-release/rejson.so --logfile /dev/null --dbfilename 58ed98a065344729a7c21aa04b23ea08.master-1-test_testGetWithPathErrors-oss.rdb --enable-debug-command yes --enable-protected-configs yes[0m
	[31;1m❌  (FAIL):	[0m[33m'Error 111 connecting to localhost:6409. Connection refused.' == 'OK'[0m	[90;1mtest.py:287[0m
	[32m✅  (OK):	[0m[33mTrue == True[0m	[90;1menv.py:26[0m
	[31;1m❌  (FAIL):	[0m[33m'Error 111 connecting to localhost:6409. Connection refused.' should contain 'expected one of the following'[0m	[90;1mtest.py:293[0m
	[32m✅  (OK):	[0m[33mTrue == True[0m	[90;1menv.py:26[0m
[36mtest:testGetWithPathErrors[0m:
	[31;1m[FAIL][0m
[32mRedis master command: redis-server --port 6499 --loadmodule /home/ephraim_feldblum/git/RedisJSON/bin/linux-x64-release/rejson.so --logfile /dev/null --dbfilename 085a57a6b4b848e99b3679d9b34d0e4e.master-1-test_testIssue_13-oss.rdb --enable-debug-command yes --enable-protected-configs yes[0m
[36mtest:testIssue_13[0m:
	[31;1m[ERROR][0m
	[31;1mUnhandled exception: Error 111 connecting to localhost:6499. Connection refused.[0m
Traceback (most recent call last):
  File "/home/ephraim_feldblum/venv/lib/python3.11/site-packages/redis/connection.py", line 264, in connect
    sock = self.retry.call_with_retry(
           ^^^^^^^^^^^^^^^^^^^^^^^^^^^
  File "/home/ephraim_feldblum/venv/lib/python3.11/site-packages/redis/retry.py", line 46, in call_with_retry
    return do()
           ^^^^
  File "/home/ephraim_feldblum/venv/lib/python3.11/site-packages/redis/connection.py", line 265, in <lambda>
    lambda: self._connect(), lambda error: self.disconnect(error)
            ^^^^^^^^^^^^^^^
  File "/home/ephraim_feldblum/venv/lib/python3.11/site-packages/redis/connection.py", line 627, in _connect
    raise err
  File "/home/ephraim_feldblum/venv/lib/python3.11/site-packages/redis/connection.py", line 615, in _connect
    sock.connect(socket_address)
ConnectionRefusedError: [Errno 111] Connection refused

During handling of the above exception, another exception occurred:

Traceback (most recent call last):
  File "/home/ephraim_feldblum/venv/lib/python3.11/site-packages/RLTest/__main__.py", line 715, in _runTest
    fn()
  File "/home/ephraim_feldblum/venv/lib/python3.11/site-packages/RLTest/__main__.py", line 704, in <lambda>
    fn = lambda: test.target(env)
                 ^^^^^^^^^^^^^^^^
  File "/home/ephraim_feldblum/git/RedisJSON/tests/pytest/test.py", line 1032, in testIssue_13
    r.assertOk(r.execute_command('JSON.SET', 'test', '.', json.dumps(docs['simple'])))
               ^^^^^^^^^^^^^^^^^^^^^^^^^^^^^^^^^^^^^^^^^^^^^^^^^^^^^^^^^^^^^^^^^^^^^^
  File "/home/ephraim_feldblum/venv/lib/python3.11/site-packages/RLTest/env.py", line 26, in method
    return target(*argc, **nargs)
           ^^^^^^^^^^^^^^^^^^^^^^
  File "/home/ephraim_feldblum/venv/lib/python3.11/site-packages/RLTest/env.py", line 504, in cmd
    res = self.con.execute_command(*query, **options)
          ^^^^^^^^^^^^^^^^^^^^^^^^^^^^^^^^^^^^^^^^^^^
  File "/home/ephraim_feldblum/venv/lib/python3.11/site-packages/redis/client.py", line 594, in execute_command
    conn = self.connection or pool.get_connection(command_name, **options)
                              ^^^^^^^^^^^^^^^^^^^^^^^^^^^^^^^^^^^^^^^^^^^^
  File "/home/ephraim_feldblum/venv/lib/python3.11/site-packages/redis/connection.py", line 1087, in get_connection
    connection.connect()
  File "/home/ephraim_feldblum/venv/lib/python3.11/site-packages/redis/connection.py", line 270, in connect
    raise ConnectionError(self._error_message(e))
redis.exceptions.ConnectionError: Error 111 connecting to localhost:6499. Connection refused.
[32mRedis master command: redis-server --port 6379 --loadmodule /home/ephraim_feldblum/git/RedisJSON/bin/linux-x64-release/rejson.so --logfile /dev/null --dbfilename cf91969f7d574357b8d52129b99d2979.master-1-test_testIssue_597-oss.rdb --enable-debug-command yes --enable-protected-configs yes[0m
	[31;1m❌  (FAIL):	[0m[33m'Error 111 connecting to localhost:6379. Connection refused.' == 'OK'[0m	[90;1mtest.py:1115[0m
[36mtest:testIssue_597[0m:
	[31;1m[ERROR][0m
	[31;1mUnhandled exception: Error 111 connecting to localhost:6379. Connection refused.[0m
Traceback (most recent call last):
  File "/home/ephraim_feldblum/venv/lib/python3.11/site-packages/redis/connection.py", line 264, in connect
    sock = self.retry.call_with_retry(
           ^^^^^^^^^^^^^^^^^^^^^^^^^^^
  File "/home/ephraim_feldblum/venv/lib/python3.11/site-packages/redis/retry.py", line 46, in call_with_retry
    return do()
           ^^^^
  File "/home/ephraim_feldblum/venv/lib/python3.11/site-packages/redis/connection.py", line 265, in <lambda>
    lambda: self._connect(), lambda error: self.disconnect(error)
            ^^^^^^^^^^^^^^^
  File "/home/ephraim_feldblum/venv/lib/python3.11/site-packages/redis/connection.py", line 627, in _connect
    raise err
  File "/home/ephraim_feldblum/venv/lib/python3.11/site-packages/redis/connection.py", line 615, in _connect
    sock.connect(socket_address)
ConnectionRefusedError: [Errno 111] Connection refused

During handling of the above exception, another exception occurred:

Traceback (most recent call last):
  File "/home/ephraim_feldblum/venv/lib/python3.11/site-packages/RLTest/__main__.py", line 715, in _runTest
    fn()
  File "/home/ephraim_feldblum/venv/lib/python3.11/site-packages/RLTest/__main__.py", line 704, in <lambda>
    fn = lambda: test.target(env)
                 ^^^^^^^^^^^^^^^^
  File "/home/ephraim_feldblum/git/RedisJSON/tests/pytest/test.py", line 1116, in testIssue_597
    env.assertEqual(env.execute_command("JSON.SET", "test", ".[0]", "[0]", "NX"), None)
                    ^^^^^^^^^^^^^^^^^^^^^^^^^^^^^^^^^^^^^^^^^^^^^^^^^^^^^^^^^^^^
  File "/home/ephraim_feldblum/venv/lib/python3.11/site-packages/RLTest/env.py", line 26, in method
    return target(*argc, **nargs)
           ^^^^^^^^^^^^^^^^^^^^^^
  File "/home/ephraim_feldblum/venv/lib/python3.11/site-packages/RLTest/env.py", line 504, in cmd
    res = self.con.execute_command(*query, **options)
          ^^^^^^^^^^^^^^^^^^^^^^^^^^^^^^^^^^^^^^^^^^^
  File "/home/ephraim_feldblum/venv/lib/python3.11/site-packages/redis/client.py", line 594, in execute_command
    conn = self.connection or pool.get_connection(command_name, **options)
                              ^^^^^^^^^^^^^^^^^^^^^^^^^^^^^^^^^^^^^^^^^^^^
  File "/home/ephraim_feldblum/venv/lib/python3.11/site-packages/redis/connection.py", line 1087, in get_connection
    connection.connect()
  File "/home/ephraim_feldblum/venv/lib/python3.11/site-packages/redis/connection.py", line 270, in connect
    raise ConnectionError(self._error_message(e))
redis.exceptions.ConnectionError: Error 111 connecting to localhost:6379. Connection refused.
[36mtest:testIssue_597[0m:
	[31;1m[FAIL][0m
[32mRedis master command: redis-server --port 6529 --loadmodule /home/ephraim_feldblum/git/RedisJSON/bin/linux-x64-release/rejson.so --logfile /dev/null --dbfilename 0517f43299224b7cbb8c75b7c710d304.master-1-test_testInfoEverything-oss.rdb --enable-debug-command yes --enable-protected-configs yes[0m
[36mtest:testInfoEverything[0m:
	[31;1m[ERROR][0m
	[31;1mUnhandled exception: Error 111 connecting to localhost:6529. Connection refused.[0m
Traceback (most recent call last):
  File "/home/ephraim_feldblum/venv/lib/python3.11/site-packages/redis/connection.py", line 264, in connect
    sock = self.retry.call_with_retry(
           ^^^^^^^^^^^^^^^^^^^^^^^^^^^
  File "/home/ephraim_feldblum/venv/lib/python3.11/site-packages/redis/retry.py", line 46, in call_with_retry
    return do()
           ^^^^
  File "/home/ephraim_feldblum/venv/lib/python3.11/site-packages/redis/connection.py", line 265, in <lambda>
    lambda: self._connect(), lambda error: self.disconnect(error)
            ^^^^^^^^^^^^^^^
  File "/home/ephraim_feldblum/venv/lib/python3.11/site-packages/redis/connection.py", line 627, in _connect
    raise err
  File "/home/ephraim_feldblum/venv/lib/python3.11/site-packages/redis/connection.py", line 615, in _connect
    sock.connect(socket_address)
ConnectionRefusedError: [Errno 111] Connection refused

During handling of the above exception, another exception occurred:

Traceback (most recent call last):
  File "/home/ephraim_feldblum/venv/lib/python3.11/site-packages/RLTest/__main__.py", line 715, in _runTest
    fn()
  File "/home/ephraim_feldblum/venv/lib/python3.11/site-packages/RLTest/__main__.py", line 704, in <lambda>
    fn = lambda: test.target(env)
                 ^^^^^^^^^^^^^^^^
  File "/home/ephraim_feldblum/git/RedisJSON/tests/pytest/test.py", line 1136, in testInfoEverything
    res = r.execute_command('INFO', 'EVERYTHING')
          ^^^^^^^^^^^^^^^^^^^^^^^^^^^^^^^^^^^^^^^
  File "/home/ephraim_feldblum/venv/lib/python3.11/site-packages/RLTest/env.py", line 26, in method
    return target(*argc, **nargs)
           ^^^^^^^^^^^^^^^^^^^^^^
  File "/home/ephraim_feldblum/venv/lib/python3.11/site-packages/RLTest/env.py", line 504, in cmd
    res = self.con.execute_command(*query, **options)
          ^^^^^^^^^^^^^^^^^^^^^^^^^^^^^^^^^^^^^^^^^^^
  File "/home/ephraim_feldblum/venv/lib/python3.11/site-packages/redis/client.py", line 594, in execute_command
    conn = self.connection or pool.get_connection(command_name, **options)
                              ^^^^^^^^^^^^^^^^^^^^^^^^^^^^^^^^^^^^^^^^^^^^
  File "/home/ephraim_feldblum/venv/lib/python3.11/site-packages/redis/connection.py", line 1087, in get_connection
    connection.connect()
  File "/home/ephraim_feldblum/venv/lib/python3.11/site-packages/redis/connection.py", line 270, in connect
    raise ConnectionError(self._error_message(e))
redis.exceptions.ConnectionError: Error 111 connecting to localhost:6529. Connection refused.
[32mRedis master command: redis-server --port 6559 --loadmodule /home/ephraim_feldblum/git/RedisJSON/bin/linux-x64-release/rejson.so --logfile /dev/null --dbfilename c1b5cba32b2f4a33a361007acc45298d.master-1-test_testIssue_74-oss.rdb --enable-debug-command yes --enable-protected-configs yes[0m
[36mtest:testIssue_74[0m:
	[31;1m[ERROR][0m
	[31;1mUnhandled exception: Error 111 connecting to localhost:6559. Connection refused.[0m
Traceback (most recent call last):
  File "/home/ephraim_feldblum/venv/lib/python3.11/site-packages/redis/connection.py", line 264, in connect
    sock = self.retry.call_with_retry(
           ^^^^^^^^^^^^^^^^^^^^^^^^^^^
  File "/home/ephraim_feldblum/venv/lib/python3.11/site-packages/redis/retry.py", line 46, in call_with_retry
    return do()
           ^^^^
  File "/home/ephraim_feldblum/venv/lib/python3.11/site-packages/redis/connection.py", line 265, in <lambda>
    lambda: self._connect(), lambda error: self.disconnect(error)
            ^^^^^^^^^^^^^^^
  File "/home/ephraim_feldblum/venv/lib/python3.11/site-packages/redis/connection.py", line 627, in _connect
    raise err
  File "/home/ephraim_feldblum/venv/lib/python3.11/site-packages/redis/connection.py", line 615, in _connect
    sock.connect(socket_address)
ConnectionRefusedError: [Errno 111] Connection refused

During handling of the above exception, another exception occurred:

Traceback (most recent call last):
  File "/home/ephraim_feldblum/venv/lib/python3.11/site-packages/RLTest/__main__.py", line 715, in _runTest
    fn()
  File "/home/ephraim_feldblum/venv/lib/python3.11/site-packages/RLTest/__main__.py", line 704, in <lambda>
    fn = lambda: test.target(env)
                 ^^^^^^^^^^^^^^^^
  File "/home/ephraim_feldblum/git/RedisJSON/tests/pytest/test.py", line 1040, in testIssue_74
    r.assertOk(r.execute_command('JSON.SET', 'test', '.', '{}'))
               ^^^^^^^^^^^^^^^^^^^^^^^^^^^^^^^^^^^^^^^^^^^^^^^^
  File "/home/ephraim_feldblum/venv/lib/python3.11/site-packages/RLTest/env.py", line 26, in method
    return target(*argc, **nargs)
           ^^^^^^^^^^^^^^^^^^^^^^
  File "/home/ephraim_feldblum/venv/lib/python3.11/site-packages/RLTest/env.py", line 504, in cmd
    res = self.con.execute_command(*query, **options)
          ^^^^^^^^^^^^^^^^^^^^^^^^^^^^^^^^^^^^^^^^^^^
  File "/home/ephraim_feldblum/venv/lib/python3.11/site-packages/redis/client.py", line 594, in execute_command
    conn = self.connection or pool.get_connection(command_name, **options)
                              ^^^^^^^^^^^^^^^^^^^^^^^^^^^^^^^^^^^^^^^^^^^^
  File "/home/ephraim_feldblum/venv/lib/python3.11/site-packages/redis/connection.py", line 1087, in get_connection
    connection.connect()
  File "/home/ephraim_feldblum/venv/lib/python3.11/site-packages/redis/connection.py", line 270, in connect
    raise ConnectionError(self._error_message(e))
redis.exceptions.ConnectionError: Error 111 connecting to localhost:6559. Connection refused.
[32mRedis master command: redis-server --port 6469 --loadmodule /home/ephraim_feldblum/git/RedisJSON/bin/linux-x64-release/rejson.so --logfile /dev/null --dbfilename 92376c55b85942a4aeb2e9a54402c020.master-1-test_testIssue_80-oss.rdb --enable-debug-command yes --enable-protected-configs yes[0m
[36mtest:testIssue_80[0m:
	[31;1m[ERROR][0m
	[31;1mUnhandled exception: Error 111 connecting to localhost:6469. Connection refused.[0m
Traceback (most recent call last):
  File "/home/ephraim_feldblum/venv/lib/python3.11/site-packages/redis/connection.py", line 264, in connect
    sock = self.retry.call_with_retry(
           ^^^^^^^^^^^^^^^^^^^^^^^^^^^
  File "/home/ephraim_feldblum/venv/lib/python3.11/site-packages/redis/retry.py", line 46, in call_with_retry
    return do()
           ^^^^
  File "/home/ephraim_feldblum/venv/lib/python3.11/site-packages/redis/connection.py", line 265, in <lambda>
    lambda: self._connect(), lambda error: self.disconnect(error)
            ^^^^^^^^^^^^^^^
  File "/home/ephraim_feldblum/venv/lib/python3.11/site-packages/redis/connection.py", line 627, in _connect
    raise err
  File "/home/ephraim_feldblum/venv/lib/python3.11/site-packages/redis/connection.py", line 615, in _connect
    sock.connect(socket_address)
ConnectionRefusedError: [Errno 111] Connection refused

During handling of the above exception, another exception occurred:

Traceback (most recent call last):
  File "/home/ephraim_feldblum/venv/lib/python3.11/site-packages/RLTest/__main__.py", line 715, in _runTest
    fn()
  File "/home/ephraim_feldblum/venv/lib/python3.11/site-packages/RLTest/__main__.py", line 704, in <lambda>
    fn = lambda: test.target(env)
                 ^^^^^^^^^^^^^^^^
  File "/home/ephraim_feldblum/git/RedisJSON/tests/pytest/test.py", line 1056, in testIssue_80
    r.assertOk(r.execute_command('JSON.SET', 'test', '.', '[{"code":"1"}, {"code":"2"}]'))
               ^^^^^^^^^^^^^^^^^^^^^^^^^^^^^^^^^^^^^^^^^^^^^^^^^^^^^^^^^^^^^^^^^^^^^^^^^^
  File "/home/ephraim_feldblum/venv/lib/python3.11/site-packages/RLTest/env.py", line 26, in method
    return target(*argc, **nargs)
           ^^^^^^^^^^^^^^^^^^^^^^
  File "/home/ephraim_feldblum/venv/lib/python3.11/site-packages/RLTest/env.py", line 504, in cmd
    res = self.con.execute_command(*query, **options)
          ^^^^^^^^^^^^^^^^^^^^^^^^^^^^^^^^^^^^^^^^^^^
  File "/home/ephraim_feldblum/venv/lib/python3.11/site-packages/redis/client.py", line 594, in execute_command
    conn = self.connection or pool.get_connection(command_name, **options)
                              ^^^^^^^^^^^^^^^^^^^^^^^^^^^^^^^^^^^^^^^^^^^^
  File "/home/ephraim_feldblum/venv/lib/python3.11/site-packages/redis/connection.py", line 1087, in get_connection
    connection.connect()
  File "/home/ephraim_feldblum/venv/lib/python3.11/site-packages/redis/connection.py", line 270, in connect
    raise ConnectionError(self._error_message(e))
redis.exceptions.ConnectionError: Error 111 connecting to localhost:6469. Connection refused.
[32mRedis master command: redis-server --port 6439 --loadmodule /home/ephraim_feldblum/git/RedisJSON/bin/linux-x64-release/rejson.so --logfile /dev/null --dbfilename 9db7eaa767ee4985b6786a4748136faa.master-1-test_testLenCommands-oss.rdb --enable-debug-command yes --enable-protected-configs yes[0m
[36mtest:testLenCommands[0m:
	[31;1m[ERROR][0m
	[31;1mUnhandled exception: Error 111 connecting to localhost:6439. Connection refused.[0m
Traceback (most recent call last):
  File "/home/ephraim_feldblum/venv/lib/python3.11/site-packages/redis/connection.py", line 264, in connect
    sock = self.retry.call_with_retry(
           ^^^^^^^^^^^^^^^^^^^^^^^^^^^
  File "/home/ephraim_feldblum/venv/lib/python3.11/site-packages/redis/retry.py", line 46, in call_with_retry
    return do()
           ^^^^
  File "/home/ephraim_feldblum/venv/lib/python3.11/site-packages/redis/connection.py", line 265, in <lambda>
    lambda: self._connect(), lambda error: self.disconnect(error)
            ^^^^^^^^^^^^^^^
  File "/home/ephraim_feldblum/venv/lib/python3.11/site-packages/redis/connection.py", line 627, in _connect
    raise err
  File "/home/ephraim_feldblum/venv/lib/python3.11/site-packages/redis/connection.py", line 615, in _connect
    sock.connect(socket_address)
ConnectionRefusedError: [Errno 111] Connection refused

During handling of the above exception, another exception occurred:

Traceback (most recent call last):
  File "/home/ephraim_feldblum/venv/lib/python3.11/site-packages/RLTest/__main__.py", line 715, in _runTest
    fn()
  File "/home/ephraim_feldblum/venv/lib/python3.11/site-packages/RLTest/__main__.py", line 704, in <lambda>
    fn = lambda: test.target(env)
                 ^^^^^^^^^^^^^^^^
  File "/home/ephraim_feldblum/git/RedisJSON/tests/pytest/test.py", line 858, in testLenCommands
    r.assertEqual(r.execute_command('JSON.ARRLEN', 'foo', '.bar'), None)
                  ^^^^^^^^^^^^^^^^^^^^^^^^^^^^^^^^^^^^^^^^^^^^^^^
  File "/home/ephraim_feldblum/venv/lib/python3.11/site-packages/RLTest/env.py", line 26, in method
    return target(*argc, **nargs)
           ^^^^^^^^^^^^^^^^^^^^^^
  File "/home/ephraim_feldblum/venv/lib/python3.11/site-packages/RLTest/env.py", line 504, in cmd
    res = self.con.execute_command(*query, **options)
          ^^^^^^^^^^^^^^^^^^^^^^^^^^^^^^^^^^^^^^^^^^^
  File "/home/ephraim_feldblum/venv/lib/python3.11/site-packages/redis/client.py", line 594, in execute_command
    conn = self.connection or pool.get_connection(command_name, **options)
                              ^^^^^^^^^^^^^^^^^^^^^^^^^^^^^^^^^^^^^^^^^^^^
  File "/home/ephraim_feldblum/venv/lib/python3.11/site-packages/redis/connection.py", line 1087, in get_connection
    connection.connect()
  File "/home/ephraim_feldblum/venv/lib/python3.11/site-packages/redis/connection.py", line 270, in connect
    raise ConnectionError(self._error_message(e))
redis.exceptions.ConnectionError: Error 111 connecting to localhost:6439. Connection refused.
[32mRedis master command: redis-server --port 6589 --loadmodule /home/ephraim_feldblum/git/RedisJSON/bin/linux-x64-release/rejson.so --logfile /dev/null --dbfilename f7b2aa1ef2c940d89aed6f9cd895c9b3.master-1-test_testMSET-oss.rdb --enable-debug-command yes --enable-protected-configs yes[0m
	[31;1m❌  (FAIL):	[0m[33m'Error 111 connecting to localhost:6589. Connection refused.' == 'OK'[0m	[90;1mtest.py:1074[0m
	[31;1m❌  (FAIL):	[0m[33m'Error 111 connecting to localhost:6589. Connection refused.' == '["a_val"]'[0m	[90;1mtest.py:1075[0m
	[31;1m❌  (FAIL):	[0m[33m'Error 111 connecting to localhost:6589. Connection refused.' == 'OK'[0m	[90;1mtest.py:1077[0m
	[31;1m❌  (FAIL):	[0m[33m'Error 111 connecting to localhost:6589. Connection refused.' == ['[{"aa":"a_val"}]', '[{"bb":"b_val"}]'][0m	[90;1mtest.py:1078[0m
	[31;1m❌  (FAIL):	[0m[33m'Error 111 connecting to localhost:6589. Connection refused.' == 'OK'[0m	[90;1mtest.py:1080[0m
	[31;1m❌  (FAIL):	[0m[33m'Error 111 connecting to localhost:6589. Connection refused.' == ['[{"aa":"a_val","ab":"a_val2"}]', '[{"bb":"b_val2"}]'][0m	[90;1mtest.py:1081[0m
[36mtest:testMSET[0m:
	[31;1m[FAIL][0m
[32mRedis master command: redis-server --port 6409 --loadmodule /home/ephraim_feldblum/git/RedisJSON/bin/linux-x64-release/rejson.so --logfile /dev/null --dbfilename d2b528ebec034363b86035d08228644e.master-1-test_testMSET_Error-oss.rdb --enable-debug-command yes --enable-protected-configs yes[0m
	[31;1m❌  (FAIL):	[0m[33m'Error 111 connecting to localhost:6409. Connection refused.' == 'OK'[0m	[90;1mtest.py:1098[0m
	[32m✅  (OK):	[0m[33mTrue == True[0m	[90;1menv.py:26[0m
	[31;1m❌  (FAIL):	[0m[33m'Error 111 connecting to localhost:6409. Connection refused.' == '["a_val"]'[0m	[90;1mtest.py:1102[0m
	[32m✅  (OK):	[0m[33mTrue == True[0m	[90;1menv.py:26[0m
	[31;1m❌  (FAIL):	[0m[33m'Error 111 connecting to localhost:6409. Connection refused.' == '["a_val"]'[0m	[90;1mtest.py:1106[0m
	[31;1m❌  (FAIL):	[0m[33m'Error 111 connecting to localhost:6409. Connection refused.' == None[0m	[90;1mtest.py:1107[0m
	[32m✅  (OK):	[0m[33mTrue == True[0m	[90;1menv.py:26[0m
	[31;1m❌  (FAIL):	[0m[33m'Error 111 connecting to localhost:6409. Connection refused.' == '["a_val"]'[0m	[90;1mtest.py:1111[0m
	[31;1m❌  (FAIL):	[0m[33m'Error 111 connecting to localhost:6409. Connection refused.' == None[0m	[90;1mtest.py:1112[0m
[36mtest:testMSET_Error[0m:
	[31;1m[FAIL][0m
[32mRedis master command: redis-server --port 6379 --loadmodule /home/ephraim_feldblum/git/RedisJSON/bin/linux-x64-release/rejson.so --logfile /dev/null --dbfilename d45be8a923db48e2b455632e21458b5f.master-1-test_testMerge-oss.rdb --enable-debug-command yes --enable-protected-configs yes[0m
[36mtest:testMerge[0m:
	[31;1m[ERROR][0m
	[31;1mUnhandled exception: Error 111 connecting to localhost:6379. Connection refused.[0m
Traceback (most recent call last):
  File "/home/ephraim_feldblum/venv/lib/python3.11/site-packages/redis/connection.py", line 264, in connect
    sock = self.retry.call_with_retry(
           ^^^^^^^^^^^^^^^^^^^^^^^^^^^
  File "/home/ephraim_feldblum/venv/lib/python3.11/site-packages/redis/retry.py", line 46, in call_with_retry
    return do()
           ^^^^
  File "/home/ephraim_feldblum/venv/lib/python3.11/site-packages/redis/connection.py", line 265, in <lambda>
    lambda: self._connect(), lambda error: self.disconnect(error)
            ^^^^^^^^^^^^^^^
  File "/home/ephraim_feldblum/venv/lib/python3.11/site-packages/redis/connection.py", line 627, in _connect
    raise err
  File "/home/ephraim_feldblum/venv/lib/python3.11/site-packages/redis/connection.py", line 615, in _connect
    sock.connect(socket_address)
ConnectionRefusedError: [Errno 111] Connection refused

During handling of the above exception, another exception occurred:

Traceback (most recent call last):
  File "/home/ephraim_feldblum/venv/lib/python3.11/site-packages/RLTest/__main__.py", line 715, in _runTest
    fn()
  File "/home/ephraim_feldblum/venv/lib/python3.11/site-packages/RLTest/__main__.py", line 704, in <lambda>
    fn = lambda: test.target(env)
                 ^^^^^^^^^^^^^^^^
  File "/home/ephraim_feldblum/git/RedisJSON/tests/pytest/test.py", line 1326, in testMerge
    r.assertOk(r.execute_command('JSON.SET', 'test_merge', '$', '{"a":{"b":{"c":"d"}}}'))
               ^^^^^^^^^^^^^^^^^^^^^^^^^^^^^^^^^^^^^^^^^^^^^^^^^^^^^^^^^^^^^^^^^^^^^^^^^
  File "/home/ephraim_feldblum/venv/lib/python3.11/site-packages/RLTest/env.py", line 26, in method
    return target(*argc, **nargs)
           ^^^^^^^^^^^^^^^^^^^^^^
  File "/home/ephraim_feldblum/venv/lib/python3.11/site-packages/RLTest/env.py", line 504, in cmd
    res = self.con.execute_command(*query, **options)
          ^^^^^^^^^^^^^^^^^^^^^^^^^^^^^^^^^^^^^^^^^^^
  File "/home/ephraim_feldblum/venv/lib/python3.11/site-packages/redis/client.py", line 594, in execute_command
    conn = self.connection or pool.get_connection(command_name, **options)
                              ^^^^^^^^^^^^^^^^^^^^^^^^^^^^^^^^^^^^^^^^^^^^
  File "/home/ephraim_feldblum/venv/lib/python3.11/site-packages/redis/connection.py", line 1087, in get_connection
    connection.connect()
  File "/home/ephraim_feldblum/venv/lib/python3.11/site-packages/redis/connection.py", line 270, in connect
    raise ConnectionError(self._error_message(e))
redis.exceptions.ConnectionError: Error 111 connecting to localhost:6379. Connection refused.
[32mRedis master command: redis-server --port 6529 --loadmodule /home/ephraim_feldblum/git/RedisJSON/bin/linux-x64-release/rejson.so --logfile /dev/null --dbfilename 856aa1010c444a7f8b49669c50dcd15d.master-1-test_testMergeArray-oss.rdb --enable-debug-command yes --enable-protected-configs yes[0m
[36mtest:testMergeArray[0m:
	[31;1m[ERROR][0m
	[31;1mUnhandled exception: Error 111 connecting to localhost:6529. Connection refused.[0m
Traceback (most recent call last):
  File "/home/ephraim_feldblum/venv/lib/python3.11/site-packages/redis/connection.py", line 264, in connect
    sock = self.retry.call_with_retry(
           ^^^^^^^^^^^^^^^^^^^^^^^^^^^
  File "/home/ephraim_feldblum/venv/lib/python3.11/site-packages/redis/retry.py", line 46, in call_with_retry
    return do()
           ^^^^
  File "/home/ephraim_feldblum/venv/lib/python3.11/site-packages/redis/connection.py", line 265, in <lambda>
    lambda: self._connect(), lambda error: self.disconnect(error)
            ^^^^^^^^^^^^^^^
  File "/home/ephraim_feldblum/venv/lib/python3.11/site-packages/redis/connection.py", line 627, in _connect
    raise err
  File "/home/ephraim_feldblum/venv/lib/python3.11/site-packages/redis/connection.py", line 615, in _connect
    sock.connect(socket_address)
ConnectionRefusedError: [Errno 111] Connection refused

During handling of the above exception, another exception occurred:

Traceback (most recent call last):
  File "/home/ephraim_feldblum/venv/lib/python3.11/site-packages/RLTest/__main__.py", line 715, in _runTest
    fn()
  File "/home/ephraim_feldblum/venv/lib/python3.11/site-packages/RLTest/__main__.py", line 704, in <lambda>
    fn = lambda: test.target(env)
                 ^^^^^^^^^^^^^^^^
  File "/home/ephraim_feldblum/git/RedisJSON/tests/pytest/test.py", line 1354, in testMergeArray
    r.assertOk(r.execute_command('JSON.SET', 'test_merge_array', '$', '{"a":{"b":{"c":["d","e"]}}}'))
               ^^^^^^^^^^^^^^^^^^^^^^^^^^^^^^^^^^^^^^^^^^^^^^^^^^^^^^^^^^^^^^^^^^^^^^^^^^^^^^^^^^^^^
  File "/home/ephraim_feldblum/venv/lib/python3.11/site-packages/RLTest/env.py", line 26, in method
    return target(*argc, **nargs)
           ^^^^^^^^^^^^^^^^^^^^^^
  File "/home/ephraim_feldblum/venv/lib/python3.11/site-packages/RLTest/env.py", line 504, in cmd
    res = self.con.execute_command(*query, **options)
          ^^^^^^^^^^^^^^^^^^^^^^^^^^^^^^^^^^^^^^^^^^^
  File "/home/ephraim_feldblum/venv/lib/python3.11/site-packages/redis/client.py", line 594, in execute_command
    conn = self.connection or pool.get_connection(command_name, **options)
                              ^^^^^^^^^^^^^^^^^^^^^^^^^^^^^^^^^^^^^^^^^^^^
  File "/home/ephraim_feldblum/venv/lib/python3.11/site-packages/redis/connection.py", line 1087, in get_connection
    connection.connect()
  File "/home/ephraim_feldblum/venv/lib/python3.11/site-packages/redis/connection.py", line 270, in connect
    raise ConnectionError(self._error_message(e))
redis.exceptions.ConnectionError: Error 111 connecting to localhost:6529. Connection refused.
[32mRedis master command: redis-server --port 6499 --loadmodule /home/ephraim_feldblum/git/RedisJSON/bin/linux-x64-release/rejson.so --logfile /dev/null --dbfilename 886852ae82b84d75965e0f4352caf8a0.master-1-test_testMSET_Partial-oss.rdb --enable-debug-command yes --enable-protected-configs yes[0m
	[31;1m❌  (FAIL):	[0m[33m'Error 111 connecting to localhost:6499. Connection refused.' == 'OK'[0m	[90;1mtest.py:1086[0m
	[31;1m❌  (FAIL):	[0m[33m'Error 111 connecting to localhost:6499. Connection refused.' == 'OK'[0m	[90;1mtest.py:1087[0m
	[31;1m❌  (FAIL):	[0m[33m'Error 111 connecting to localhost:6499. Connection refused.' == 'OK'[0m	[90;1mtest.py:1088[0m
	[31;1m❌  (FAIL):	[0m[33m'Error 111 connecting to localhost:6499. Connection refused.' == '[{"x":{}}]'[0m	[90;1mtest.py:1089[0m
	[31;1m❌  (FAIL):	[0m[33m'Error 111 connecting to localhost:6499. Connection refused.' == '[{"x":70}]'[0m	[90;1mtest.py:1090[0m
	[31;1m❌  (FAIL):	[0m[33m'Error 111 connecting to localhost:6499. Connection refused.' == 'OK'[0m	[90;1mtest.py:1093[0m
	[31;1m❌  (FAIL):	[0m[33m'Error 111 connecting to localhost:6499. Connection refused.' == 'OK'[0m	[90;1mtest.py:1094[0m
	[31;1m❌  (FAIL):	[0m[33m'Error 111 connecting to localhost:6499. Connection refused.' == '[{"x":{},"u":70}]'[0m	[90;1mtest.py:1095[0m
[36mtest:testMSET_Partial[0m:
	[31;1m[FAIL][0m
[32mRedis master command: redis-server --port 6559 --loadmodule /home/ephraim_feldblum/git/RedisJSON/bin/linux-x64-release/rejson.so --logfile /dev/null --dbfilename e52a815a16914063b809ffa83f3d0ef1.master-1-test_testMergeDynamicPath-oss.rdb --enable-debug-command yes --enable-protected-configs yes[0m
[36mtest:testMergeDynamicPath[0m:
	[31;1m[ERROR][0m
	[31;1mUnhandled exception: Error 111 connecting to localhost:6559. Connection refused.[0m
Traceback (most recent call last):
  File "/home/ephraim_feldblum/venv/lib/python3.11/site-packages/redis/connection.py", line 264, in connect
    sock = self.retry.call_with_retry(
           ^^^^^^^^^^^^^^^^^^^^^^^^^^^
  File "/home/ephraim_feldblum/venv/lib/python3.11/site-packages/redis/retry.py", line 46, in call_with_retry
    return do()
           ^^^^
  File "/home/ephraim_feldblum/venv/lib/python3.11/site-packages/redis/connection.py", line 265, in <lambda>
    lambda: self._connect(), lambda error: self.disconnect(error)
            ^^^^^^^^^^^^^^^
  File "/home/ephraim_feldblum/venv/lib/python3.11/site-packages/redis/connection.py", line 627, in _connect
    raise err
  File "/home/ephraim_feldblum/venv/lib/python3.11/site-packages/redis/connection.py", line 615, in _connect
    sock.connect(socket_address)
ConnectionRefusedError: [Errno 111] Connection refused

During handling of the above exception, another exception occurred:

Traceback (most recent call last):
  File "/home/ephraim_feldblum/venv/lib/python3.11/site-packages/RLTest/__main__.py", line 715, in _runTest
    fn()
  File "/home/ephraim_feldblum/venv/lib/python3.11/site-packages/RLTest/__main__.py", line 704, in <lambda>
    fn = lambda: test.target(env)
                 ^^^^^^^^^^^^^^^^
  File "/home/ephraim_feldblum/git/RedisJSON/tests/pytest/test.py", line 1374, in testMergeDynamicPath
    r.assertOk(r.execute_command('JSON.SET', 'test_merge_dynamic', '$', '{"a1":{"b":{"c":1}},"a2":{"b":{"c":2}}}'))
               ^^^^^^^^^^^^^^^^^^^^^^^^^^^^^^^^^^^^^^^^^^^^^^^^^^^^^^^^^^^^^^^^^^^^^^^^^^^^^^^^^^^^^^^^^^^^^^^^^^^
  File "/home/ephraim_feldblum/venv/lib/python3.11/site-packages/RLTest/env.py", line 26, in method
    return target(*argc, **nargs)
           ^^^^^^^^^^^^^^^^^^^^^^
  File "/home/ephraim_feldblum/venv/lib/python3.11/site-packages/RLTest/env.py", line 504, in cmd
    res = self.con.execute_command(*query, **options)
          ^^^^^^^^^^^^^^^^^^^^^^^^^^^^^^^^^^^^^^^^^^^
  File "/home/ephraim_feldblum/venv/lib/python3.11/site-packages/redis/client.py", line 594, in execute_command
    conn = self.connection or pool.get_connection(command_name, **options)
                              ^^^^^^^^^^^^^^^^^^^^^^^^^^^^^^^^^^^^^^^^^^^^
  File "/home/ephraim_feldblum/venv/lib/python3.11/site-packages/redis/connection.py", line 1087, in get_connection
    connection.connect()
  File "/home/ephraim_feldblum/venv/lib/python3.11/site-packages/redis/connection.py", line 270, in connect
    raise ConnectionError(self._error_message(e))
redis.exceptions.ConnectionError: Error 111 connecting to localhost:6559. Connection refused.
[32mRedis master command: redis-server --port 6469 --loadmodule /home/ephraim_feldblum/git/RedisJSON/bin/linux-x64-release/rejson.so --logfile /dev/null --dbfilename 6744736a75c64efd944c28409d065f4a.master-1-test_testMergeNested-oss.rdb --enable-debug-command yes --enable-protected-configs yes[0m
[36mtest:testMergeNested[0m:
	[31;1m[ERROR][0m
	[31;1mUnhandled exception: Error 111 connecting to localhost:6469. Connection refused.[0m
Traceback (most recent call last):
  File "/home/ephraim_feldblum/venv/lib/python3.11/site-packages/redis/connection.py", line 264, in connect
    sock = self.retry.call_with_retry(
           ^^^^^^^^^^^^^^^^^^^^^^^^^^^
  File "/home/ephraim_feldblum/venv/lib/python3.11/site-packages/redis/retry.py", line 46, in call_with_retry
    return do()
           ^^^^
  File "/home/ephraim_feldblum/venv/lib/python3.11/site-packages/redis/connection.py", line 265, in <lambda>
    lambda: self._connect(), lambda error: self.disconnect(error)
            ^^^^^^^^^^^^^^^
  File "/home/ephraim_feldblum/venv/lib/python3.11/site-packages/redis/connection.py", line 627, in _connect
    raise err
  File "/home/ephraim_feldblum/venv/lib/python3.11/site-packages/redis/connection.py", line 615, in _connect
    sock.connect(socket_address)
ConnectionRefusedError: [Errno 111] Connection refused

During handling of the above exception, another exception occurred:

Traceback (most recent call last):
  File "/home/ephraim_feldblum/venv/lib/python3.11/site-packages/RLTest/__main__.py", line 715, in _runTest
    fn()
  File "/home/ephraim_feldblum/venv/lib/python3.11/site-packages/RLTest/__main__.py", line 704, in <lambda>
    fn = lambda: test.target(env)
                 ^^^^^^^^^^^^^^^^
  File "/home/ephraim_feldblum/git/RedisJSON/tests/pytest/test.py", line 1394, in testMergeNested
    r.assertOk(r.execute_command('JSON.SET', 'test_merge_nested', '$', '{"a":{"b":{"f":{"b":1}}}}'))
               ^^^^^^^^^^^^^^^^^^^^^^^^^^^^^^^^^^^^^^^^^^^^^^^^^^^^^^^^^^^^^^^^^^^^^^^^^^^^^^^^^^^^
  File "/home/ephraim_feldblum/venv/lib/python3.11/site-packages/RLTest/env.py", line 26, in method
    return target(*argc, **nargs)
           ^^^^^^^^^^^^^^^^^^^^^^
  File "/home/ephraim_feldblum/venv/lib/python3.11/site-packages/RLTest/env.py", line 504, in cmd
    res = self.con.execute_command(*query, **options)
          ^^^^^^^^^^^^^^^^^^^^^^^^^^^^^^^^^^^^^^^^^^^
  File "/home/ephraim_feldblum/venv/lib/python3.11/site-packages/redis/client.py", line 594, in execute_command
    conn = self.connection or pool.get_connection(command_name, **options)
                              ^^^^^^^^^^^^^^^^^^^^^^^^^^^^^^^^^^^^^^^^^^^^
  File "/home/ephraim_feldblum/venv/lib/python3.11/site-packages/redis/connection.py", line 1087, in get_connection
    connection.connect()
  File "/home/ephraim_feldblum/venv/lib/python3.11/site-packages/redis/connection.py", line 270, in connect
    raise ConnectionError(self._error_message(e))
redis.exceptions.ConnectionError: Error 111 connecting to localhost:6469. Connection refused.
[32mRedis master command: redis-server --port 6439 --loadmodule /home/ephraim_feldblum/git/RedisJSON/bin/linux-x64-release/rejson.so --logfile /dev/null --dbfilename dec2bdd597294dad822266d11d170ad1.master-1-test_testMgetCommand-oss.rdb --enable-debug-command yes --enable-protected-configs yes[0m
[36mtest:testMgetCommand[0m:
	[31;1m[ERROR][0m
	[31;1mUnhandled exception: Error 111 connecting to localhost:6439. Connection refused.[0m
Traceback (most recent call last):
  File "/home/ephraim_feldblum/venv/lib/python3.11/site-packages/redis/connection.py", line 264, in connect
    sock = self.retry.call_with_retry(
           ^^^^^^^^^^^^^^^^^^^^^^^^^^^
  File "/home/ephraim_feldblum/venv/lib/python3.11/site-packages/redis/retry.py", line 46, in call_with_retry
    return do()
           ^^^^
  File "/home/ephraim_feldblum/venv/lib/python3.11/site-packages/redis/connection.py", line 265, in <lambda>
    lambda: self._connect(), lambda error: self.disconnect(error)
            ^^^^^^^^^^^^^^^
  File "/home/ephraim_feldblum/venv/lib/python3.11/site-packages/redis/connection.py", line 627, in _connect
    raise err
  File "/home/ephraim_feldblum/venv/lib/python3.11/site-packages/redis/connection.py", line 615, in _connect
    sock.connect(socket_address)
ConnectionRefusedError: [Errno 111] Connection refused

During handling of the above exception, another exception occurred:

Traceback (most recent call last):
  File "/home/ephraim_feldblum/venv/lib/python3.11/site-packages/RLTest/__main__.py", line 715, in _runTest
    fn()
  File "/home/ephraim_feldblum/venv/lib/python3.11/site-packages/RLTest/__main__.py", line 704, in <lambda>
    fn = lambda: test.target(env)
                 ^^^^^^^^^^^^^^^^
  File "/home/ephraim_feldblum/git/RedisJSON/tests/pytest/test.py", line 385, in testMgetCommand
    r.cmd('DEL', key)
  File "/home/ephraim_feldblum/venv/lib/python3.11/site-packages/RLTest/env.py", line 504, in cmd
    res = self.con.execute_command(*query, **options)
          ^^^^^^^^^^^^^^^^^^^^^^^^^^^^^^^^^^^^^^^^^^^
  File "/home/ephraim_feldblum/venv/lib/python3.11/site-packages/redis/client.py", line 594, in execute_command
    conn = self.connection or pool.get_connection(command_name, **options)
                              ^^^^^^^^^^^^^^^^^^^^^^^^^^^^^^^^^^^^^^^^^^^^
  File "/home/ephraim_feldblum/venv/lib/python3.11/site-packages/redis/connection.py", line 1087, in get_connection
    connection.connect()
  File "/home/ephraim_feldblum/venv/lib/python3.11/site-packages/redis/connection.py", line 270, in connect
    raise ConnectionError(self._error_message(e))
redis.exceptions.ConnectionError: Error 111 connecting to localhost:6439. Connection refused.
[32mRedis master command: redis-server --port 6589 --loadmodule /home/ephraim_feldblum/git/RedisJSON/bin/linux-x64-release/rejson.so --logfile /dev/null --dbfilename 6de1d3500c354e4bbb92808cf34104cd.master-1-test_testMultiPathResults-oss.rdb --enable-debug-command yes --enable-protected-configs yes[0m
	[31;1m❌  (FAIL):	[0m[33m'Error 111 connecting to localhost:6589. Connection refused.' == 'OK'[0m	[90;1mtest.py:1064[0m
	[31;1m❌  (FAIL):	[0m[33m'Error 111 connecting to localhost:6589. Connection refused.' == '[1,2,3]'[0m	[90;1mtest.py:1065[0m
	[31;1m❌  (FAIL):	[0m[33m'Error 111 connecting to localhost:6589. Connection refused.' == 'OK'[0m	[90;1mtest.py:1066[0m
	[31;1m❌  (FAIL):	[0m[33m'Error 111 connecting to localhost:6589. Connection refused.' == '[1,3,"c","e"]'[0m	[90;1mtest.py:1067[0m
	[31;1m❌  (FAIL):	[0m[33m'Error 111 connecting to localhost:6589. Connection refused.' == '1'[0m	[90;1mtest.py:1070[0m
[36mtest:testMultiPathResults[0m:
	[31;1m[FAIL][0m
[32mRedis master command: redis-server --port 6409 --loadmodule /home/ephraim_feldblum/git/RedisJSON/bin/linux-x64-release/rejson.so --logfile /dev/null --dbfilename 91586f3cdca54867af95e6e052ca7b93.master-1-test_testNesting-oss.rdb --enable-debug-command yes --enable-protected-configs yes[0m
[36mtest:testNesting[0m:
	[31;1m[ERROR][0m
	[31;1mUnhandled exception: Error 111 connecting to localhost:6409. Connection refused.[0m
Traceback (most recent call last):
  File "/home/ephraim_feldblum/venv/lib/python3.11/site-packages/redis/connection.py", line 264, in connect
    sock = self.retry.call_with_retry(
           ^^^^^^^^^^^^^^^^^^^^^^^^^^^
  File "/home/ephraim_feldblum/venv/lib/python3.11/site-packages/redis/retry.py", line 46, in call_with_retry
    return do()
           ^^^^
  File "/home/ephraim_feldblum/venv/lib/python3.11/site-packages/redis/connection.py", line 265, in <lambda>
    lambda: self._connect(), lambda error: self.disconnect(error)
            ^^^^^^^^^^^^^^^
  File "/home/ephraim_feldblum/venv/lib/python3.11/site-packages/redis/connection.py", line 627, in _connect
    raise err
  File "/home/ephraim_feldblum/venv/lib/python3.11/site-packages/redis/connection.py", line 615, in _connect
    sock.connect(socket_address)
ConnectionRefusedError: [Errno 111] Connection refused

During handling of the above exception, another exception occurred:

Traceback (most recent call last):
  File "/home/ephraim_feldblum/venv/lib/python3.11/site-packages/RLTest/__main__.py", line 715, in _runTest
    fn()
  File "/home/ephraim_feldblum/venv/lib/python3.11/site-packages/RLTest/__main__.py", line 704, in <lambda>
    fn = lambda: test.target(env)
                 ^^^^^^^^^^^^^^^^
  File "/home/ephraim_feldblum/git/RedisJSON/tests/pytest/test.py", line 1218, in testNesting
    r.assertOk(r.execute_command('JSON.SET', 'test', '$', doc))
               ^^^^^^^^^^^^^^^^^^^^^^^^^^^^^^^^^^^^^^^^^^^^^^^
  File "/home/ephraim_feldblum/venv/lib/python3.11/site-packages/RLTest/env.py", line 26, in method
    return target(*argc, **nargs)
           ^^^^^^^^^^^^^^^^^^^^^^
  File "/home/ephraim_feldblum/venv/lib/python3.11/site-packages/RLTest/env.py", line 504, in cmd
    res = self.con.execute_command(*query, **options)
          ^^^^^^^^^^^^^^^^^^^^^^^^^^^^^^^^^^^^^^^^^^^
  File "/home/ephraim_feldblum/venv/lib/python3.11/site-packages/redis/client.py", line 594, in execute_command
    conn = self.connection or pool.get_connection(command_name, **options)
                              ^^^^^^^^^^^^^^^^^^^^^^^^^^^^^^^^^^^^^^^^^^^^
  File "/home/ephraim_feldblum/venv/lib/python3.11/site-packages/redis/connection.py", line 1087, in get_connection
    connection.connect()
  File "/home/ephraim_feldblum/venv/lib/python3.11/site-packages/redis/connection.py", line 270, in connect
    raise ConnectionError(self._error_message(e))
redis.exceptions.ConnectionError: Error 111 connecting to localhost:6409. Connection refused.
[32mRedis master command: redis-server --port 6529 --loadmodule /home/ephraim_feldblum/git/RedisJSON/bin/linux-x64-release/rejson.so --logfile /dev/null --dbfilename 4c1856e1665b4a70811c33cc32ee6d1e.master-1-test_testNumIncrCommand-oss.rdb --enable-debug-command yes --enable-protected-configs yes[0m
[36mtest:testNumIncrCommand[0m:
	[31;1m[ERROR][0m
	[31;1mUnhandled exception: Error 111 connecting to localhost:6529. Connection refused.[0m
Traceback (most recent call last):
  File "/home/ephraim_feldblum/venv/lib/python3.11/site-packages/redis/connection.py", line 264, in connect
    sock = self.retry.call_with_retry(
           ^^^^^^^^^^^^^^^^^^^^^^^^^^^
  File "/home/ephraim_feldblum/venv/lib/python3.11/site-packages/redis/retry.py", line 46, in call_with_retry
    return do()
           ^^^^
  File "/home/ephraim_feldblum/venv/lib/python3.11/site-packages/redis/connection.py", line 265, in <lambda>
    lambda: self._connect(), lambda error: self.disconnect(error)
            ^^^^^^^^^^^^^^^
  File "/home/ephraim_feldblum/venv/lib/python3.11/site-packages/redis/connection.py", line 627, in _connect
    raise err
  File "/home/ephraim_feldblum/venv/lib/python3.11/site-packages/redis/connection.py", line 615, in _connect
    sock.connect(socket_address)
ConnectionRefusedError: [Errno 111] Connection refused

During handling of the above exception, another exception occurred:

Traceback (most recent call last):
  File "/home/ephraim_feldblum/venv/lib/python3.11/site-packages/RLTest/__main__.py", line 715, in _runTest
    fn()
  File "/home/ephraim_feldblum/venv/lib/python3.11/site-packages/RLTest/__main__.py", line 704, in <lambda>
    fn = lambda: test.target(env)
                 ^^^^^^^^^^^^^^^^
  File "/home/ephraim_feldblum/git/RedisJSON/tests/pytest/test.py", line 899, in testNumIncrCommand
    r.assertOk(r.execute_command('JSON.SET', 'test', '.', '{ "foo": 0, "bar": "baz" }'))
               ^^^^^^^^^^^^^^^^^^^^^^^^^^^^^^^^^^^^^^^^^^^^^^^^^^^^^^^^^^^^^^^^^^^^^^^^
  File "/home/ephraim_feldblum/venv/lib/python3.11/site-packages/RLTest/env.py", line 26, in method
    return target(*argc, **nargs)
           ^^^^^^^^^^^^^^^^^^^^^^
  File "/home/ephraim_feldblum/venv/lib/python3.11/site-packages/RLTest/env.py", line 504, in cmd
    res = self.con.execute_command(*query, **options)
          ^^^^^^^^^^^^^^^^^^^^^^^^^^^^^^^^^^^^^^^^^^^
  File "/home/ephraim_feldblum/venv/lib/python3.11/site-packages/redis/client.py", line 594, in execute_command
    conn = self.connection or pool.get_connection(command_name, **options)
                              ^^^^^^^^^^^^^^^^^^^^^^^^^^^^^^^^^^^^^^^^^^^^
  File "/home/ephraim_feldblum/venv/lib/python3.11/site-packages/redis/connection.py", line 1087, in get_connection
    connection.connect()
  File "/home/ephraim_feldblum/venv/lib/python3.11/site-packages/redis/connection.py", line 270, in connect
    raise ConnectionError(self._error_message(e))
redis.exceptions.ConnectionError: Error 111 connecting to localhost:6529. Connection refused.
[32mRedis master command: redis-server --port 6379 --loadmodule /home/ephraim_feldblum/git/RedisJSON/bin/linux-x64-release/rejson.so --logfile /dev/null --dbfilename 2543fda555664bf98f36375ee794e052.master-1-test_testNumCommandOverflow-oss.rdb --enable-debug-command yes --enable-protected-configs yes[0m
[36mtest:testNumCommandOverflow[0m:
	[31;1m[ERROR][0m
	[31;1mUnhandled exception: Error 111 connecting to localhost:6379. Connection refused.[0m
Traceback (most recent call last):
  File "/home/ephraim_feldblum/venv/lib/python3.11/site-packages/redis/connection.py", line 264, in connect
    sock = self.retry.call_with_retry(
           ^^^^^^^^^^^^^^^^^^^^^^^^^^^
  File "/home/ephraim_feldblum/venv/lib/python3.11/site-packages/redis/retry.py", line 46, in call_with_retry
    return do()
           ^^^^
  File "/home/ephraim_feldblum/venv/lib/python3.11/site-packages/redis/connection.py", line 265, in <lambda>
    lambda: self._connect(), lambda error: self.disconnect(error)
            ^^^^^^^^^^^^^^^
  File "/home/ephraim_feldblum/venv/lib/python3.11/site-packages/redis/connection.py", line 627, in _connect
    raise err
  File "/home/ephraim_feldblum/venv/lib/python3.11/site-packages/redis/connection.py", line 615, in _connect
    sock.connect(socket_address)
ConnectionRefusedError: [Errno 111] Connection refused

During handling of the above exception, another exception occurred:

Traceback (most recent call last):
  File "/home/ephraim_feldblum/venv/lib/python3.11/site-packages/RLTest/__main__.py", line 715, in _runTest
    fn()
  File "/home/ephraim_feldblum/venv/lib/python3.11/site-packages/RLTest/__main__.py", line 704, in <lambda>
    fn = lambda: test.target(env)
                 ^^^^^^^^^^^^^^^^
  File "/home/ephraim_feldblum/git/RedisJSON/tests/pytest/test.py", line 931, in testNumCommandOverflow
    r.assertOk(r.execute_command('JSON.SET', 'big_num', '.', '1.6350000000001313e+308'))
               ^^^^^^^^^^^^^^^^^^^^^^^^^^^^^^^^^^^^^^^^^^^^^^^^^^^^^^^^^^^^^^^^^^^^^^^^
  File "/home/ephraim_feldblum/venv/lib/python3.11/site-packages/RLTest/env.py", line 26, in method
    return target(*argc, **nargs)
           ^^^^^^^^^^^^^^^^^^^^^^
  File "/home/ephraim_feldblum/venv/lib/python3.11/site-packages/RLTest/env.py", line 504, in cmd
    res = self.con.execute_command(*query, **options)
          ^^^^^^^^^^^^^^^^^^^^^^^^^^^^^^^^^^^^^^^^^^^
  File "/home/ephraim_feldblum/venv/lib/python3.11/site-packages/redis/client.py", line 594, in execute_command
    conn = self.connection or pool.get_connection(command_name, **options)
                              ^^^^^^^^^^^^^^^^^^^^^^^^^^^^^^^^^^^^^^^^^^^^
  File "/home/ephraim_feldblum/venv/lib/python3.11/site-packages/redis/connection.py", line 1087, in get_connection
    connection.connect()
  File "/home/ephraim_feldblum/venv/lib/python3.11/site-packages/redis/connection.py", line 270, in connect
    raise ConnectionError(self._error_message(e))
redis.exceptions.ConnectionError: Error 111 connecting to localhost:6379. Connection refused.
[32mRedis master command: redis-server --port 6499 --loadmodule /home/ephraim_feldblum/git/RedisJSON/bin/linux-x64-release/rejson.so --logfile /dev/null --dbfilename 9ad6b61999064eabbe77fefb82b89d4b.master-1-test_testObjKeysCommand-oss.rdb --enable-debug-command yes --enable-protected-configs yes[0m
	[31;1m❌  (FAIL):	[0m[33m'Error 111 connecting to localhost:6499. Connection refused.' == 'OK'[0m	[90;1mtest.py:886[0m
[36mtest:testObjKeysCommand[0m:
	[31;1m[ERROR][0m
	[31;1mUnhandled exception: Error 111 connecting to localhost:6499. Connection refused.[0m
Traceback (most recent call last):
  File "/home/ephraim_feldblum/venv/lib/python3.11/site-packages/redis/connection.py", line 264, in connect
    sock = self.retry.call_with_retry(
           ^^^^^^^^^^^^^^^^^^^^^^^^^^^
  File "/home/ephraim_feldblum/venv/lib/python3.11/site-packages/redis/retry.py", line 46, in call_with_retry
    return do()
           ^^^^
  File "/home/ephraim_feldblum/venv/lib/python3.11/site-packages/redis/connection.py", line 265, in <lambda>
    lambda: self._connect(), lambda error: self.disconnect(error)
            ^^^^^^^^^^^^^^^
  File "/home/ephraim_feldblum/venv/lib/python3.11/site-packages/redis/connection.py", line 627, in _connect
    raise err
  File "/home/ephraim_feldblum/venv/lib/python3.11/site-packages/redis/connection.py", line 615, in _connect
    sock.connect(socket_address)
ConnectionRefusedError: [Errno 111] Connection refused

During handling of the above exception, another exception occurred:

Traceback (most recent call last):
  File "/home/ephraim_feldblum/venv/lib/python3.11/site-packages/RLTest/__main__.py", line 715, in _runTest
    fn()
  File "/home/ephraim_feldblum/venv/lib/python3.11/site-packages/RLTest/__main__.py", line 704, in <lambda>
    fn = lambda: test.target(env)
                 ^^^^^^^^^^^^^^^^
  File "/home/ephraim_feldblum/git/RedisJSON/tests/pytest/test.py", line 887, in testObjKeysCommand
    data = r.execute_command('JSON.OBJKEYS', 'test', '.')
           ^^^^^^^^^^^^^^^^^^^^^^^^^^^^^^^^^^^^^^^^^^^^^^
  File "/home/ephraim_feldblum/venv/lib/python3.11/site-packages/RLTest/env.py", line 26, in method
    return target(*argc, **nargs)
           ^^^^^^^^^^^^^^^^^^^^^^
  File "/home/ephraim_feldblum/venv/lib/python3.11/site-packages/RLTest/env.py", line 504, in cmd
    res = self.con.execute_command(*query, **options)
          ^^^^^^^^^^^^^^^^^^^^^^^^^^^^^^^^^^^^^^^^^^^
  File "/home/ephraim_feldblum/venv/lib/python3.11/site-packages/redis/client.py", line 594, in execute_command
    conn = self.connection or pool.get_connection(command_name, **options)
                              ^^^^^^^^^^^^^^^^^^^^^^^^^^^^^^^^^^^^^^^^^^^^
  File "/home/ephraim_feldblum/venv/lib/python3.11/site-packages/redis/connection.py", line 1087, in get_connection
    connection.connect()
  File "/home/ephraim_feldblum/venv/lib/python3.11/site-packages/redis/connection.py", line 270, in connect
    raise ConnectionError(self._error_message(e))
redis.exceptions.ConnectionError: Error 111 connecting to localhost:6499. Connection refused.
[36mtest:testObjKeysCommand[0m:
	[31;1m[FAIL][0m
[32mRedis master command: redis-server --port 6559 --loadmodule /home/ephraim_feldblum/git/RedisJSON/bin/linux-x64-release/rejson.so --logfile /dev/null --dbfilename b1feec704acd4119a064c990ca7bde6f.master-1-test_testObjectCRUD-oss.rdb --enable-debug-command yes --enable-protected-configs yes[0m
[36mtest:testObjectCRUD[0m:
	[31;1m[ERROR][0m
	[31;1mUnhandled exception: Error 111 connecting to localhost:6559. Connection refused.[0m
Traceback (most recent call last):
  File "/home/ephraim_feldblum/venv/lib/python3.11/site-packages/redis/connection.py", line 264, in connect
    sock = self.retry.call_with_retry(
           ^^^^^^^^^^^^^^^^^^^^^^^^^^^
  File "/home/ephraim_feldblum/venv/lib/python3.11/site-packages/redis/retry.py", line 46, in call_with_retry
    return do()
           ^^^^
  File "/home/ephraim_feldblum/venv/lib/python3.11/site-packages/redis/connection.py", line 265, in <lambda>
    lambda: self._connect(), lambda error: self.disconnect(error)
            ^^^^^^^^^^^^^^^
  File "/home/ephraim_feldblum/venv/lib/python3.11/site-packages/redis/connection.py", line 627, in _connect
    raise err
  File "/home/ephraim_feldblum/venv/lib/python3.11/site-packages/redis/connection.py", line 615, in _connect
    sock.connect(socket_address)
ConnectionRefusedError: [Errno 111] Connection refused

During handling of the above exception, another exception occurred:

Traceback (most recent call last):
  File "/home/ephraim_feldblum/venv/lib/python3.11/site-packages/RLTest/__main__.py", line 715, in _runTest
    fn()
  File "/home/ephraim_feldblum/venv/lib/python3.11/site-packages/RLTest/__main__.py", line 704, in <lambda>
    fn = lambda: test.target(env)
                 ^^^^^^^^^^^^^^^^
  File "/home/ephraim_feldblum/git/RedisJSON/tests/pytest/test.py", line 481, in testObjectCRUD
    r.assertOk(r.execute_command('JSON.SET', 'test', '.', '{ }'))
               ^^^^^^^^^^^^^^^^^^^^^^^^^^^^^^^^^^^^^^^^^^^^^^^^^
  File "/home/ephraim_feldblum/venv/lib/python3.11/site-packages/RLTest/env.py", line 26, in method
    return target(*argc, **nargs)
           ^^^^^^^^^^^^^^^^^^^^^^
  File "/home/ephraim_feldblum/venv/lib/python3.11/site-packages/RLTest/env.py", line 504, in cmd
    res = self.con.execute_command(*query, **options)
          ^^^^^^^^^^^^^^^^^^^^^^^^^^^^^^^^^^^^^^^^^^^
  File "/home/ephraim_feldblum/venv/lib/python3.11/site-packages/redis/client.py", line 594, in execute_command
    conn = self.connection or pool.get_connection(command_name, **options)
                              ^^^^^^^^^^^^^^^^^^^^^^^^^^^^^^^^^^^^^^^^^^^^
  File "/home/ephraim_feldblum/venv/lib/python3.11/site-packages/redis/connection.py", line 1087, in get_connection
    connection.connect()
  File "/home/ephraim_feldblum/venv/lib/python3.11/site-packages/redis/connection.py", line 270, in connect
    raise ConnectionError(self._error_message(e))
redis.exceptions.ConnectionError: Error 111 connecting to localhost:6559. Connection refused.
[32mRedis master command: redis-server --port 6469 --loadmodule /home/ephraim_feldblum/git/RedisJSON/bin/linux-x64-release/rejson.so --logfile /dev/null --dbfilename 047a0c8cc71e4814b4dbf369c8276764.master-1-test_testRDBUnboundedDepth-oss.rdb --enable-debug-command yes --enable-protected-configs yes[0m
	[31;1m❌  (FAIL):	[0m[33m'Error 111 connecting to localhost:6469. Connection refused.' == 'OK'[0m	[90;1mtest.py:1413[0m
	[31;1m❌  (FAIL):	[0m[33m'Error 111 connecting to localhost:6469. Connection refused.' == 'OK'[0m	[90;1mtest.py:1417[0m
[36mtest:testRDBUnboundedDepth[0m:
	[31;1m[ERROR][0m
	[31;1mUnhandled exception: Error 111 connecting to localhost:6469. Connection refused.[0m
Traceback (most recent call last):
  File "/home/ephraim_feldblum/venv/lib/python3.11/site-packages/redis/connection.py", line 264, in connect
    sock = self.retry.call_with_retry(
           ^^^^^^^^^^^^^^^^^^^^^^^^^^^
  File "/home/ephraim_feldblum/venv/lib/python3.11/site-packages/redis/retry.py", line 46, in call_with_retry
    return do()
           ^^^^
  File "/home/ephraim_feldblum/venv/lib/python3.11/site-packages/redis/connection.py", line 265, in <lambda>
    lambda: self._connect(), lambda error: self.disconnect(error)
            ^^^^^^^^^^^^^^^
  File "/home/ephraim_feldblum/venv/lib/python3.11/site-packages/redis/connection.py", line 627, in _connect
    raise err
  File "/home/ephraim_feldblum/venv/lib/python3.11/site-packages/redis/connection.py", line 615, in _connect
    sock.connect(socket_address)
ConnectionRefusedError: [Errno 111] Connection refused

During handling of the above exception, another exception occurred:

Traceback (most recent call last):
  File "/home/ephraim_feldblum/venv/lib/python3.11/site-packages/RLTest/__main__.py", line 715, in _runTest
    fn()
  File "/home/ephraim_feldblum/venv/lib/python3.11/site-packages/RLTest/__main__.py", line 704, in <lambda>
    fn = lambda: test.target(env)
                 ^^^^^^^^^^^^^^^^
  File "/home/ephraim_feldblum/git/RedisJSON/tests/pytest/test.py", line 1420, in testRDBUnboundedDepth
    dump = env.execute_command('dump', 'doc', **{NEVER_DECODE: []})
           ^^^^^^^^^^^^^^^^^^^^^^^^^^^^^^^^^^^^^^^^^^^^^^^^^^^^^^^^
  File "/home/ephraim_feldblum/venv/lib/python3.11/site-packages/RLTest/env.py", line 26, in method
    return target(*argc, **nargs)
           ^^^^^^^^^^^^^^^^^^^^^^
  File "/home/ephraim_feldblum/venv/lib/python3.11/site-packages/RLTest/env.py", line 504, in cmd
    res = self.con.execute_command(*query, **options)
          ^^^^^^^^^^^^^^^^^^^^^^^^^^^^^^^^^^^^^^^^^^^
  File "/home/ephraim_feldblum/venv/lib/python3.11/site-packages/redis/client.py", line 594, in execute_command
    conn = self.connection or pool.get_connection(command_name, **options)
                              ^^^^^^^^^^^^^^^^^^^^^^^^^^^^^^^^^^^^^^^^^^^^
  File "/home/ephraim_feldblum/venv/lib/python3.11/site-packages/redis/connection.py", line 1087, in get_connection
    connection.connect()
  File "/home/ephraim_feldblum/venv/lib/python3.11/site-packages/redis/connection.py", line 270, in connect
    raise ConnectionError(self._error_message(e))
redis.exceptions.ConnectionError: Error 111 connecting to localhost:6469. Connection refused.
[36mtest:testRDBUnboundedDepth[0m:
	[31;1m[FAIL][0m
[32mRedis master command: redis-server --port 6439 --loadmodule /home/ephraim_feldblum/git/RedisJSON/bin/linux-x64-release/rejson.so --logfile /dev/null --dbfilename 53b00667d85a40a5869a8fd7c9cb9562.master-1-test_testRespCommand-oss.rdb --enable-debug-command yes --enable-protected-configs yes[0m
[36mtest:testRespCommand[0m:
	[31;1m[ERROR][0m
	[31;1mUnhandled exception: Error 111 connecting to localhost:6439. Connection refused.[0m
Traceback (most recent call last):
  File "/home/ephraim_feldblum/venv/lib/python3.11/site-packages/redis/connection.py", line 264, in connect
    sock = self.retry.call_with_retry(
           ^^^^^^^^^^^^^^^^^^^^^^^^^^^
  File "/home/ephraim_feldblum/venv/lib/python3.11/site-packages/redis/retry.py", line 46, in call_with_retry
    return do()
           ^^^^
  File "/home/ephraim_feldblum/venv/lib/python3.11/site-packages/redis/connection.py", line 265, in <lambda>
    lambda: self._connect(), lambda error: self.disconnect(error)
            ^^^^^^^^^^^^^^^
  File "/home/ephraim_feldblum/venv/lib/python3.11/site-packages/redis/connection.py", line 627, in _connect
    raise err
  File "/home/ephraim_feldblum/venv/lib/python3.11/site-packages/redis/connection.py", line 615, in _connect
    sock.connect(socket_address)
ConnectionRefusedError: [Errno 111] Connection refused

During handling of the above exception, another exception occurred:

Traceback (most recent call last):
  File "/home/ephraim_feldblum/venv/lib/python3.11/site-packages/RLTest/__main__.py", line 715, in _runTest
    fn()
  File "/home/ephraim_feldblum/venv/lib/python3.11/site-packages/RLTest/__main__.py", line 704, in <lambda>
    fn = lambda: test.target(env)
                 ^^^^^^^^^^^^^^^^
  File "/home/ephraim_feldblum/git/RedisJSON/tests/pytest/test.py", line 966, in testRespCommand
    r.assertOk(r.execute_command('JSON.SET', 'test', '.', 'null'))
               ^^^^^^^^^^^^^^^^^^^^^^^^^^^^^^^^^^^^^^^^^^^^^^^^^^
  File "/home/ephraim_feldblum/venv/lib/python3.11/site-packages/RLTest/env.py", line 26, in method
    return target(*argc, **nargs)
           ^^^^^^^^^^^^^^^^^^^^^^
  File "/home/ephraim_feldblum/venv/lib/python3.11/site-packages/RLTest/env.py", line 504, in cmd
    res = self.con.execute_command(*query, **options)
          ^^^^^^^^^^^^^^^^^^^^^^^^^^^^^^^^^^^^^^^^^^^
  File "/home/ephraim_feldblum/venv/lib/python3.11/site-packages/redis/client.py", line 594, in execute_command
    conn = self.connection or pool.get_connection(command_name, **options)
                              ^^^^^^^^^^^^^^^^^^^^^^^^^^^^^^^^^^^^^^^^^^^^
  File "/home/ephraim_feldblum/venv/lib/python3.11/site-packages/redis/connection.py", line 1087, in get_connection
    connection.connect()
  File "/home/ephraim_feldblum/venv/lib/python3.11/site-packages/redis/connection.py", line 270, in connect
    raise ConnectionError(self._error_message(e))
redis.exceptions.ConnectionError: Error 111 connecting to localhost:6439. Connection refused.
[32mRedis master command: redis-server --port 6589 --loadmodule /home/ephraim_feldblum/git/RedisJSON/bin/linux-x64-release/rejson.so --logfile /dev/null --dbfilename d40d88bb4a5641cc913b20da3fec6959.master-1-test_testSetAddNewImmediateChild-oss.rdb --enable-debug-command yes --enable-protected-configs yes[0m
[36mtest:testSetAddNewImmediateChild[0m:
	[31;1m[ERROR][0m
	[31;1mUnhandled exception: Error 111 connecting to localhost:6589. Connection refused.[0m
Traceback (most recent call last):
  File "/home/ephraim_feldblum/venv/lib/python3.11/site-packages/redis/connection.py", line 264, in connect
    sock = self.retry.call_with_retry(
           ^^^^^^^^^^^^^^^^^^^^^^^^^^^
  File "/home/ephraim_feldblum/venv/lib/python3.11/site-packages/redis/retry.py", line 46, in call_with_retry
    return do()
           ^^^^
  File "/home/ephraim_feldblum/venv/lib/python3.11/site-packages/redis/connection.py", line 265, in <lambda>
    lambda: self._connect(), lambda error: self.disconnect(error)
            ^^^^^^^^^^^^^^^
  File "/home/ephraim_feldblum/venv/lib/python3.11/site-packages/redis/connection.py", line 627, in _connect
    raise err
  File "/home/ephraim_feldblum/venv/lib/python3.11/site-packages/redis/connection.py", line 615, in _connect
    sock.connect(socket_address)
ConnectionRefusedError: [Errno 111] Connection refused

During handling of the above exception, another exception occurred:

Traceback (most recent call last):
  File "/home/ephraim_feldblum/venv/lib/python3.11/site-packages/RLTest/__main__.py", line 715, in _runTest
    fn()
  File "/home/ephraim_feldblum/venv/lib/python3.11/site-packages/RLTest/__main__.py", line 704, in <lambda>
    fn = lambda: test.target(env)
                 ^^^^^^^^^^^^^^^^
  File "/home/ephraim_feldblum/git/RedisJSON/tests/pytest/test.py", line 142, in testSetAddNewImmediateChild
    r.assertOk(r.execute_command('JSON.SET', 'test', '$', json.dumps(docs)))
               ^^^^^^^^^^^^^^^^^^^^^^^^^^^^^^^^^^^^^^^^^^^^^^^^^^^^^^^^^^^^
  File "/home/ephraim_feldblum/venv/lib/python3.11/site-packages/RLTest/env.py", line 26, in method
    return target(*argc, **nargs)
           ^^^^^^^^^^^^^^^^^^^^^^
  File "/home/ephraim_feldblum/venv/lib/python3.11/site-packages/RLTest/env.py", line 504, in cmd
    res = self.con.execute_command(*query, **options)
          ^^^^^^^^^^^^^^^^^^^^^^^^^^^^^^^^^^^^^^^^^^^
  File "/home/ephraim_feldblum/venv/lib/python3.11/site-packages/redis/client.py", line 594, in execute_command
    conn = self.connection or pool.get_connection(command_name, **options)
                              ^^^^^^^^^^^^^^^^^^^^^^^^^^^^^^^^^^^^^^^^^^^^
  File "/home/ephraim_feldblum/venv/lib/python3.11/site-packages/redis/connection.py", line 1087, in get_connection
    connection.connect()
  File "/home/ephraim_feldblum/venv/lib/python3.11/site-packages/redis/connection.py", line 270, in connect
    raise ConnectionError(self._error_message(e))
redis.exceptions.ConnectionError: Error 111 connecting to localhost:6589. Connection refused.
[32mRedis master command: redis-server --port 6409 --loadmodule /home/ephraim_feldblum/git/RedisJSON/bin/linux-x64-release/rejson.so --logfile /dev/null --dbfilename 7bfe6bf162a345d4bba141f2aa34f95d.master-1-test_testSetBSON-oss.rdb --enable-debug-command yes --enable-protected-configs yes[0m
[36mtest:testSetBSON[0m:
	[31;1m[ERROR][0m
	[31;1mUnhandled exception: Error 111 connecting to localhost:6409. Connection refused.[0m
Traceback (most recent call last):
  File "/home/ephraim_feldblum/venv/lib/python3.11/site-packages/redis/connection.py", line 264, in connect
    sock = self.retry.call_with_retry(
           ^^^^^^^^^^^^^^^^^^^^^^^^^^^
  File "/home/ephraim_feldblum/venv/lib/python3.11/site-packages/redis/retry.py", line 46, in call_with_retry
    return do()
           ^^^^
  File "/home/ephraim_feldblum/venv/lib/python3.11/site-packages/redis/connection.py", line 265, in <lambda>
    lambda: self._connect(), lambda error: self.disconnect(error)
            ^^^^^^^^^^^^^^^
  File "/home/ephraim_feldblum/venv/lib/python3.11/site-packages/redis/connection.py", line 627, in _connect
    raise err
  File "/home/ephraim_feldblum/venv/lib/python3.11/site-packages/redis/connection.py", line 615, in _connect
    sock.connect(socket_address)
ConnectionRefusedError: [Errno 111] Connection refused

During handling of the above exception, another exception occurred:

Traceback (most recent call last):
  File "/home/ephraim_feldblum/venv/lib/python3.11/site-packages/RLTest/__main__.py", line 715, in _runTest
    fn()
  File "/home/ephraim_feldblum/venv/lib/python3.11/site-packages/RLTest/__main__.py", line 704, in <lambda>
    fn = lambda: test.target(env)
                 ^^^^^^^^^^^^^^^^
  File "/home/ephraim_feldblum/git/RedisJSON/tests/pytest/test.py", line 375, in testSetBSON
    r.assertOk(r.execute_command('JSON.SET', 'test', '.', bson, 'FORMAT', 'BSON'))
               ^^^^^^^^^^^^^^^^^^^^^^^^^^^^^^^^^^^^^^^^^^^^^^^^^^^^^^^^^^^^^^^^^^
  File "/home/ephraim_feldblum/venv/lib/python3.11/site-packages/RLTest/env.py", line 26, in method
    return target(*argc, **nargs)
           ^^^^^^^^^^^^^^^^^^^^^^
  File "/home/ephraim_feldblum/venv/lib/python3.11/site-packages/RLTest/env.py", line 504, in cmd
    res = self.con.execute_command(*query, **options)
          ^^^^^^^^^^^^^^^^^^^^^^^^^^^^^^^^^^^^^^^^^^^
  File "/home/ephraim_feldblum/venv/lib/python3.11/site-packages/redis/client.py", line 594, in execute_command
    conn = self.connection or pool.get_connection(command_name, **options)
                              ^^^^^^^^^^^^^^^^^^^^^^^^^^^^^^^^^^^^^^^^^^^^
  File "/home/ephraim_feldblum/venv/lib/python3.11/site-packages/redis/connection.py", line 1087, in get_connection
    connection.connect()
  File "/home/ephraim_feldblum/venv/lib/python3.11/site-packages/redis/connection.py", line 270, in connect
    raise ConnectionError(self._error_message(e))
redis.exceptions.ConnectionError: Error 111 connecting to localhost:6409. Connection refused.
[32mRedis master command: redis-server --port 6529 --loadmodule /home/ephraim_feldblum/git/RedisJSON/bin/linux-x64-release/rejson.so --logfile /dev/null --dbfilename 3e93629014e04418915febc0d867a11e.master-1-test_testSetBehaviorModifyingSubcommands-oss.rdb --enable-debug-command yes --enable-protected-configs yes[0m
[36mtest:testSetBehaviorModifyingSubcommands[0m:
	[31;1m[ERROR][0m
	[31;1mUnhandled exception: Error 111 connecting to localhost:6529. Connection refused.[0m
Traceback (most recent call last):
  File "/home/ephraim_feldblum/venv/lib/python3.11/site-packages/redis/connection.py", line 264, in connect
    sock = self.retry.call_with_retry(
           ^^^^^^^^^^^^^^^^^^^^^^^^^^^
  File "/home/ephraim_feldblum/venv/lib/python3.11/site-packages/redis/retry.py", line 46, in call_with_retry
    return do()
           ^^^^
  File "/home/ephraim_feldblum/venv/lib/python3.11/site-packages/redis/connection.py", line 265, in <lambda>
    lambda: self._connect(), lambda error: self.disconnect(error)
            ^^^^^^^^^^^^^^^
  File "/home/ephraim_feldblum/venv/lib/python3.11/site-packages/redis/connection.py", line 627, in _connect
    raise err
  File "/home/ephraim_feldblum/venv/lib/python3.11/site-packages/redis/connection.py", line 615, in _connect
    sock.connect(socket_address)
ConnectionRefusedError: [Errno 111] Connection refused

During handling of the above exception, another exception occurred:

Traceback (most recent call last):
  File "/home/ephraim_feldblum/venv/lib/python3.11/site-packages/RLTest/__main__.py", line 715, in _runTest
    fn()
  File "/home/ephraim_feldblum/venv/lib/python3.11/site-packages/RLTest/__main__.py", line 704, in <lambda>
    fn = lambda: test.target(env)
                 ^^^^^^^^^^^^^^^^
  File "/home/ephraim_feldblum/git/RedisJSON/tests/pytest/test.py", line 189, in testSetBehaviorModifyingSubcommands
    r.assertIsNone(r.execute_command('JSON.SET', 'test', '.', '{}', 'XX'))
                   ^^^^^^^^^^^^^^^^^^^^^^^^^^^^^^^^^^^^^^^^^^^^^^^^^^^^^^
  File "/home/ephraim_feldblum/venv/lib/python3.11/site-packages/RLTest/env.py", line 26, in method
    return target(*argc, **nargs)
           ^^^^^^^^^^^^^^^^^^^^^^
  File "/home/ephraim_feldblum/venv/lib/python3.11/site-packages/RLTest/env.py", line 504, in cmd
    res = self.con.execute_command(*query, **options)
          ^^^^^^^^^^^^^^^^^^^^^^^^^^^^^^^^^^^^^^^^^^^
  File "/home/ephraim_feldblum/venv/lib/python3.11/site-packages/redis/client.py", line 594, in execute_command
    conn = self.connection or pool.get_connection(command_name, **options)
                              ^^^^^^^^^^^^^^^^^^^^^^^^^^^^^^^^^^^^^^^^^^^^
  File "/home/ephraim_feldblum/venv/lib/python3.11/site-packages/redis/connection.py", line 1087, in get_connection
    connection.connect()
  File "/home/ephraim_feldblum/venv/lib/python3.11/site-packages/redis/connection.py", line 270, in connect
    raise ConnectionError(self._error_message(e))
redis.exceptions.ConnectionError: Error 111 connecting to localhost:6529. Connection refused.
[32mRedis master command: redis-server --port 6379 --loadmodule /home/ephraim_feldblum/git/RedisJSON/bin/linux-x64-release/rejson.so --logfile /dev/null --dbfilename d6fb88d09e2740388469f5af1125d146.master-1-test_testSetGetComparePassJSONCaseFiles-oss.rdb --enable-debug-command yes --enable-protected-configs yes[0m
[36mtest:testSetGetComparePassJSONCaseFiles[0m:
	[31;1m[ERROR][0m
	[31;1mUnhandled exception: Error 111 connecting to localhost:6379. Connection refused.[0m
Traceback (most recent call last):
  File "/home/ephraim_feldblum/venv/lib/python3.11/site-packages/redis/connection.py", line 264, in connect
    sock = self.retry.call_with_retry(
           ^^^^^^^^^^^^^^^^^^^^^^^^^^^
  File "/home/ephraim_feldblum/venv/lib/python3.11/site-packages/redis/retry.py", line 46, in call_with_retry
    return do()
           ^^^^
  File "/home/ephraim_feldblum/venv/lib/python3.11/site-packages/redis/connection.py", line 265, in <lambda>
    lambda: self._connect(), lambda error: self.disconnect(error)
            ^^^^^^^^^^^^^^^
  File "/home/ephraim_feldblum/venv/lib/python3.11/site-packages/redis/connection.py", line 627, in _connect
    raise err
  File "/home/ephraim_feldblum/venv/lib/python3.11/site-packages/redis/connection.py", line 615, in _connect
    sock.connect(socket_address)
ConnectionRefusedError: [Errno 111] Connection refused

During handling of the above exception, another exception occurred:

Traceback (most recent call last):
  File "/home/ephraim_feldblum/venv/lib/python3.11/site-packages/RLTest/__main__.py", line 715, in _runTest
    fn()
  File "/home/ephraim_feldblum/venv/lib/python3.11/site-packages/RLTest/__main__.py", line 704, in <lambda>
    fn = lambda: test.target(env)
                 ^^^^^^^^^^^^^^^^
  File "/home/ephraim_feldblum/git/RedisJSON/tests/pytest/test.py", line 1017, in testSetGetComparePassJSONCaseFiles
    r.flush()
  File "/home/ephraim_feldblum/venv/lib/python3.11/site-packages/RLTest/env.py", line 416, in flush
    self.envRunner.flush()
  File "/home/ephraim_feldblum/venv/lib/python3.11/site-packages/RLTest/redis_std.py", line 566, in flush
    self.getConnection().flushall()
  File "/home/ephraim_feldblum/venv/lib/python3.11/site-packages/redis/commands/core.py", line 929, in flushall
    return self.execute_command("FLUSHALL", *args, **kwargs)
           ^^^^^^^^^^^^^^^^^^^^^^^^^^^^^^^^^^^^^^^^^^^^^^^^^
  File "/home/ephraim_feldblum/venv/lib/python3.11/site-packages/redis/client.py", line 594, in execute_command
    conn = self.connection or pool.get_connection(command_name, **options)
                              ^^^^^^^^^^^^^^^^^^^^^^^^^^^^^^^^^^^^^^^^^^^^
  File "/home/ephraim_feldblum/venv/lib/python3.11/site-packages/redis/connection.py", line 1087, in get_connection
    connection.connect()
  File "/home/ephraim_feldblum/venv/lib/python3.11/site-packages/redis/connection.py", line 270, in connect
    raise ConnectionError(self._error_message(e))
redis.exceptions.ConnectionError: Error 111 connecting to localhost:6379. Connection refused.
[32mRedis master command: redis-server --port 6499 --loadmodule /home/ephraim_feldblum/git/RedisJSON/bin/linux-x64-release/rejson.so --logfile /dev/null --dbfilename 1360760e29ae4ed6a3eb14cb06995129.master-1-test_testSetGetWholeBasicDocumentShouldBeEqual-oss.rdb --enable-debug-command yes --enable-protected-configs yes[0m
[36mtest:testSetGetWholeBasicDocumentShouldBeEqual[0m:
	[31;1m[ERROR][0m
	[31;1mUnhandled exception: Error 111 connecting to localhost:6499. Connection refused.[0m
Traceback (most recent call last):
  File "/home/ephraim_feldblum/venv/lib/python3.11/site-packages/redis/connection.py", line 264, in connect
    sock = self.retry.call_with_retry(
           ^^^^^^^^^^^^^^^^^^^^^^^^^^^
  File "/home/ephraim_feldblum/venv/lib/python3.11/site-packages/redis/retry.py", line 46, in call_with_retry
    return do()
           ^^^^
  File "/home/ephraim_feldblum/venv/lib/python3.11/site-packages/redis/connection.py", line 265, in <lambda>
    lambda: self._connect(), lambda error: self.disconnect(error)
            ^^^^^^^^^^^^^^^
  File "/home/ephraim_feldblum/venv/lib/python3.11/site-packages/redis/connection.py", line 627, in _connect
    raise err
  File "/home/ephraim_feldblum/venv/lib/python3.11/site-packages/redis/connection.py", line 615, in _connect
    sock.connect(socket_address)
ConnectionRefusedError: [Errno 111] Connection refused

During handling of the above exception, another exception occurred:

Traceback (most recent call last):
  File "/home/ephraim_feldblum/venv/lib/python3.11/site-packages/RLTest/__main__.py", line 715, in _runTest
    fn()
  File "/home/ephraim_feldblum/venv/lib/python3.11/site-packages/RLTest/__main__.py", line 704, in <lambda>
    fn = lambda: test.target(env)
                 ^^^^^^^^^^^^^^^^
  File "/home/ephraim_feldblum/git/RedisJSON/tests/pytest/test.py", line 180, in testSetGetWholeBasicDocumentShouldBeEqual
    r.assertOk(r.execute_command('JSON.SET', 'test', '.', data))
               ^^^^^^^^^^^^^^^^^^^^^^^^^^^^^^^^^^^^^^^^^^^^^^^^
  File "/home/ephraim_feldblum/venv/lib/python3.11/site-packages/RLTest/env.py", line 26, in method
    return target(*argc, **nargs)
           ^^^^^^^^^^^^^^^^^^^^^^
  File "/home/ephraim_feldblum/venv/lib/python3.11/site-packages/RLTest/env.py", line 504, in cmd
    res = self.con.execute_command(*query, **options)
          ^^^^^^^^^^^^^^^^^^^^^^^^^^^^^^^^^^^^^^^^^^^
  File "/home/ephraim_feldblum/venv/lib/python3.11/site-packages/redis/client.py", line 594, in execute_command
    conn = self.connection or pool.get_connection(command_name, **options)
                              ^^^^^^^^^^^^^^^^^^^^^^^^^^^^^^^^^^^^^^^^^^^^
  File "/home/ephraim_feldblum/venv/lib/python3.11/site-packages/redis/connection.py", line 1087, in get_connection
    connection.connect()
  File "/home/ephraim_feldblum/venv/lib/python3.11/site-packages/redis/connection.py", line 270, in connect
    raise ConnectionError(self._error_message(e))
redis.exceptions.ConnectionError: Error 111 connecting to localhost:6499. Connection refused.
[32mRedis master command: redis-server --port 6559 --loadmodule /home/ephraim_feldblum/git/RedisJSON/bin/linux-x64-release/rejson.so --logfile /dev/null --dbfilename a4e68b47d97142e08e3c24a413af2b4f.master-1-test_testSetGetWithSpecialKey-oss.rdb --enable-debug-command yes --enable-protected-configs yes[0m
[36mtest:testSetGetWithSpecialKey[0m:
	[31;1m[ERROR][0m
	[31;1mUnhandled exception: Error 111 connecting to localhost:6559. Connection refused.[0m
Traceback (most recent call last):
  File "/home/ephraim_feldblum/venv/lib/python3.11/site-packages/redis/connection.py", line 264, in connect
    sock = self.retry.call_with_retry(
           ^^^^^^^^^^^^^^^^^^^^^^^^^^^
  File "/home/ephraim_feldblum/venv/lib/python3.11/site-packages/redis/retry.py", line 46, in call_with_retry
    return do()
           ^^^^
  File "/home/ephraim_feldblum/venv/lib/python3.11/site-packages/redis/connection.py", line 265, in <lambda>
    lambda: self._connect(), lambda error: self.disconnect(error)
            ^^^^^^^^^^^^^^^
  File "/home/ephraim_feldblum/venv/lib/python3.11/site-packages/redis/connection.py", line 627, in _connect
    raise err
  File "/home/ephraim_feldblum/venv/lib/python3.11/site-packages/redis/connection.py", line 615, in _connect
    sock.connect(socket_address)
ConnectionRefusedError: [Errno 111] Connection refused

During handling of the above exception, another exception occurred:

Traceback (most recent call last):
  File "/home/ephraim_feldblum/venv/lib/python3.11/site-packages/RLTest/__main__.py", line 715, in _runTest
    fn()
  File "/home/ephraim_feldblum/venv/lib/python3.11/site-packages/RLTest/__main__.py", line 704, in <lambda>
    fn = lambda: test.target(env)
                 ^^^^^^^^^^^^^^^^
  File "/home/ephraim_feldblum/git/RedisJSON/tests/pytest/test.py", line 245, in testSetGetWithSpecialKey
    r.assertOk(r.execute_command('JSON.SET', 'x', '$', '{"$":"$"}'))
               ^^^^^^^^^^^^^^^^^^^^^^^^^^^^^^^^^^^^^^^^^^^^^^^^^^^^
  File "/home/ephraim_feldblum/venv/lib/python3.11/site-packages/RLTest/env.py", line 26, in method
    return target(*argc, **nargs)
           ^^^^^^^^^^^^^^^^^^^^^^
  File "/home/ephraim_feldblum/venv/lib/python3.11/site-packages/RLTest/env.py", line 504, in cmd
    res = self.con.execute_command(*query, **options)
          ^^^^^^^^^^^^^^^^^^^^^^^^^^^^^^^^^^^^^^^^^^^
  File "/home/ephraim_feldblum/venv/lib/python3.11/site-packages/redis/client.py", line 594, in execute_command
    conn = self.connection or pool.get_connection(command_name, **options)
                              ^^^^^^^^^^^^^^^^^^^^^^^^^^^^^^^^^^^^^^^^^^^^
  File "/home/ephraim_feldblum/venv/lib/python3.11/site-packages/redis/connection.py", line 1087, in get_connection
    connection.connect()
  File "/home/ephraim_feldblum/venv/lib/python3.11/site-packages/redis/connection.py", line 270, in connect
    raise ConnectionError(self._error_message(e))
redis.exceptions.ConnectionError: Error 111 connecting to localhost:6559. Connection refused.
[32mRedis master command: redis-server --port 6469 --loadmodule /home/ephraim_feldblum/git/RedisJSON/bin/linux-x64-release/rejson.so --logfile /dev/null --dbfilename abcd321d55464c51bf59772e6c3a19ec.master-1-test_testSetInvalidPathShouldFail-oss.rdb --enable-debug-command yes --enable-protected-configs yes[0m
	[32m✅  (OK):	[0m[33mTrue == True[0m	[90;1menv.py:26[0m
[36mtest:testSetInvalidPathShouldFail[0m:
	[31;1m[ERROR][0m
	[31;1mUnhandled exception: Error 111 connecting to localhost:6469. Connection refused.[0m
Traceback (most recent call last):
  File "/home/ephraim_feldblum/venv/lib/python3.11/site-packages/redis/connection.py", line 264, in connect
    sock = self.retry.call_with_retry(
           ^^^^^^^^^^^^^^^^^^^^^^^^^^^
  File "/home/ephraim_feldblum/venv/lib/python3.11/site-packages/redis/retry.py", line 46, in call_with_retry
    return do()
           ^^^^
  File "/home/ephraim_feldblum/venv/lib/python3.11/site-packages/redis/connection.py", line 265, in <lambda>
    lambda: self._connect(), lambda error: self.disconnect(error)
            ^^^^^^^^^^^^^^^
  File "/home/ephraim_feldblum/venv/lib/python3.11/site-packages/redis/connection.py", line 627, in _connect
    raise err
  File "/home/ephraim_feldblum/venv/lib/python3.11/site-packages/redis/connection.py", line 615, in _connect
    sock.connect(socket_address)
ConnectionRefusedError: [Errno 111] Connection refused

During handling of the above exception, another exception occurred:

Traceback (most recent call last):
  File "/home/ephraim_feldblum/venv/lib/python3.11/site-packages/RLTest/__main__.py", line 715, in _runTest
    fn()
  File "/home/ephraim_feldblum/venv/lib/python3.11/site-packages/RLTest/__main__.py", line 704, in <lambda>
    fn = lambda: test.target(env)
                 ^^^^^^^^^^^^^^^^
  File "/home/ephraim_feldblum/git/RedisJSON/tests/pytest/test.py", line 126, in testSetInvalidPathShouldFail
    assertNotExists(r, 'test%s' % i)
  File "/home/ephraim_feldblum/git/RedisJSON/tests/pytest/test.py", line 101, in assertNotExists
    r.assertFalse(r.exists(key), message=msg)
                  ^^^^^^^^^^^^^
  File "/home/ephraim_feldblum/venv/lib/python3.11/site-packages/RLTest/env.py", line 513, in exists
    return self.envRunner.exists(val)
           ^^^^^^^^^^^^^^^^^^^^^^^^^^
  File "/home/ephraim_feldblum/venv/lib/python3.11/site-packages/RLTest/redis_std.py", line 632, in exists
    return self.getConnection().exists(val)
           ^^^^^^^^^^^^^^^^^^^^^^^^^^^^^^^^
  File "/home/ephraim_feldblum/venv/lib/python3.11/site-packages/redis/commands/core.py", line 1734, in exists
    return self.execute_command("EXISTS", *names, keys=names)
           ^^^^^^^^^^^^^^^^^^^^^^^^^^^^^^^^^^^^^^^^^^^^^^^^^^
  File "/home/ephraim_feldblum/venv/lib/python3.11/site-packages/redis/client.py", line 594, in execute_command
    conn = self.connection or pool.get_connection(command_name, **options)
                              ^^^^^^^^^^^^^^^^^^^^^^^^^^^^^^^^^^^^^^^^^^^^
  File "/home/ephraim_feldblum/venv/lib/python3.11/site-packages/redis/connection.py", line 1087, in get_connection
    connection.connect()
  File "/home/ephraim_feldblum/venv/lib/python3.11/site-packages/redis/connection.py", line 270, in connect
    raise ConnectionError(self._error_message(e))
redis.exceptions.ConnectionError: Error 111 connecting to localhost:6469. Connection refused.
[32mRedis master command: redis-server --port 6439 --loadmodule /home/ephraim_feldblum/git/RedisJSON/bin/linux-x64-release/rejson.so --logfile /dev/null --dbfilename 81cbb0b6ef4c4a8fad2d92a0311a87d8.master-1-test_testSetReplaceRootShouldSucceed-oss.rdb --enable-debug-command yes --enable-protected-configs yes[0m
[36mtest:testSetReplaceRootShouldSucceed[0m:
	[31;1m[ERROR][0m
	[31;1mUnhandled exception: Error 111 connecting to localhost:6439. Connection refused.[0m
Traceback (most recent call last):
  File "/home/ephraim_feldblum/venv/lib/python3.11/site-packages/redis/connection.py", line 264, in connect
    sock = self.retry.call_with_retry(
           ^^^^^^^^^^^^^^^^^^^^^^^^^^^
  File "/home/ephraim_feldblum/venv/lib/python3.11/site-packages/redis/retry.py", line 46, in call_with_retry
    return do()
           ^^^^
  File "/home/ephraim_feldblum/venv/lib/python3.11/site-packages/redis/connection.py", line 265, in <lambda>
    lambda: self._connect(), lambda error: self.disconnect(error)
            ^^^^^^^^^^^^^^^
  File "/home/ephraim_feldblum/venv/lib/python3.11/site-packages/redis/connection.py", line 627, in _connect
    raise err
  File "/home/ephraim_feldblum/venv/lib/python3.11/site-packages/redis/connection.py", line 615, in _connect
    sock.connect(socket_address)
ConnectionRefusedError: [Errno 111] Connection refused

During handling of the above exception, another exception occurred:

Traceback (most recent call last):
  File "/home/ephraim_feldblum/venv/lib/python3.11/site-packages/RLTest/__main__.py", line 715, in _runTest
    fn()
  File "/home/ephraim_feldblum/venv/lib/python3.11/site-packages/RLTest/__main__.py", line 704, in <lambda>
    fn = lambda: test.target(env)
                 ^^^^^^^^^^^^^^^^
  File "/home/ephraim_feldblum/git/RedisJSON/tests/pytest/test.py", line 166, in testSetReplaceRootShouldSucceed
    r.assertOk(r.execute_command('JSON.SET', 'test', '.', json.dumps(docs['basic'])))
               ^^^^^^^^^^^^^^^^^^^^^^^^^^^^^^^^^^^^^^^^^^^^^^^^^^^^^^^^^^^^^^^^^^^^^
  File "/home/ephraim_feldblum/venv/lib/python3.11/site-packages/RLTest/env.py", line 26, in method
    return target(*argc, **nargs)
           ^^^^^^^^^^^^^^^^^^^^^^
  File "/home/ephraim_feldblum/venv/lib/python3.11/site-packages/RLTest/env.py", line 504, in cmd
    res = self.con.execute_command(*query, **options)
          ^^^^^^^^^^^^^^^^^^^^^^^^^^^^^^^^^^^^^^^^^^^
  File "/home/ephraim_feldblum/venv/lib/python3.11/site-packages/redis/client.py", line 594, in execute_command
    conn = self.connection or pool.get_connection(command_name, **options)
                              ^^^^^^^^^^^^^^^^^^^^^^^^^^^^^^^^^^^^^^^^^^^^
  File "/home/ephraim_feldblum/venv/lib/python3.11/site-packages/redis/connection.py", line 1087, in get_connection
    connection.connect()
  File "/home/ephraim_feldblum/venv/lib/python3.11/site-packages/redis/connection.py", line 270, in connect
    raise ConnectionError(self._error_message(e))
redis.exceptions.ConnectionError: Error 111 connecting to localhost:6439. Connection refused.
[32mRedis master command: redis-server --port 6589 --loadmodule /home/ephraim_feldblum/git/RedisJSON/bin/linux-x64-release/rejson.so --logfile /dev/null --dbfilename 15a6ec2f6c9042d6ae0fa1645ffaeab4.master-1-test_testSetRootWithInvalidJSONValuesShouldFail-oss.rdb --enable-debug-command yes --enable-protected-configs yes[0m
	[32m✅  (OK):	[0m[33mTrue == True[0m	[90;1menv.py:26[0m
[36mtest:testSetRootWithInvalidJSONValuesShouldFail[0m:
	[31;1m[ERROR][0m
	[31;1mUnhandled exception: Error 111 connecting to localhost:6589. Connection refused.[0m
Traceback (most recent call last):
  File "/home/ephraim_feldblum/venv/lib/python3.11/site-packages/redis/connection.py", line 264, in connect
    sock = self.retry.call_with_retry(
           ^^^^^^^^^^^^^^^^^^^^^^^^^^^
  File "/home/ephraim_feldblum/venv/lib/python3.11/site-packages/redis/retry.py", line 46, in call_with_retry
    return do()
           ^^^^
  File "/home/ephraim_feldblum/venv/lib/python3.11/site-packages/redis/connection.py", line 265, in <lambda>
    lambda: self._connect(), lambda error: self.disconnect(error)
            ^^^^^^^^^^^^^^^
  File "/home/ephraim_feldblum/venv/lib/python3.11/site-packages/redis/connection.py", line 627, in _connect
    raise err
  File "/home/ephraim_feldblum/venv/lib/python3.11/site-packages/redis/connection.py", line 615, in _connect
    sock.connect(socket_address)
ConnectionRefusedError: [Errno 111] Connection refused

During handling of the above exception, another exception occurred:

Traceback (most recent call last):
  File "/home/ephraim_feldblum/venv/lib/python3.11/site-packages/RLTest/__main__.py", line 715, in _runTest
    fn()
  File "/home/ephraim_feldblum/venv/lib/python3.11/site-packages/RLTest/__main__.py", line 704, in <lambda>
    fn = lambda: test.target(env)
                 ^^^^^^^^^^^^^^^^
  File "/home/ephraim_feldblum/git/RedisJSON/tests/pytest/test.py", line 114, in testSetRootWithInvalidJSONValuesShouldFail
    assertNotExists(r, 'test%s' % i)
  File "/home/ephraim_feldblum/git/RedisJSON/tests/pytest/test.py", line 101, in assertNotExists
    r.assertFalse(r.exists(key), message=msg)
                  ^^^^^^^^^^^^^
  File "/home/ephraim_feldblum/venv/lib/python3.11/site-packages/RLTest/env.py", line 513, in exists
    return self.envRunner.exists(val)
           ^^^^^^^^^^^^^^^^^^^^^^^^^^
  File "/home/ephraim_feldblum/venv/lib/python3.11/site-packages/RLTest/redis_std.py", line 632, in exists
    return self.getConnection().exists(val)
           ^^^^^^^^^^^^^^^^^^^^^^^^^^^^^^^^
  File "/home/ephraim_feldblum/venv/lib/python3.11/site-packages/redis/commands/core.py", line 1734, in exists
    return self.execute_command("EXISTS", *names, keys=names)
           ^^^^^^^^^^^^^^^^^^^^^^^^^^^^^^^^^^^^^^^^^^^^^^^^^^
  File "/home/ephraim_feldblum/venv/lib/python3.11/site-packages/redis/client.py", line 594, in execute_command
    conn = self.connection or pool.get_connection(command_name, **options)
                              ^^^^^^^^^^^^^^^^^^^^^^^^^^^^^^^^^^^^^^^^^^^^
  File "/home/ephraim_feldblum/venv/lib/python3.11/site-packages/redis/connection.py", line 1087, in get_connection
    connection.connect()
  File "/home/ephraim_feldblum/venv/lib/python3.11/site-packages/redis/connection.py", line 270, in connect
    raise ConnectionError(self._error_message(e))
redis.exceptions.ConnectionError: Error 111 connecting to localhost:6589. Connection refused.
[32mRedis master command: redis-server --port 6409 --loadmodule /home/ephraim_feldblum/git/RedisJSON/bin/linux-x64-release/rejson.so --logfile /dev/null --dbfilename 91f1f24dac2e4f2eb91edf0bce3db83c.master-1-test_testSetRootWithJSONValuesShouldSucceed-oss.rdb --enable-debug-command yes --enable-protected-configs yes[0m
[36mtest:testSetRootWithJSONValuesShouldSucceed[0m:
	[31;1m[ERROR][0m
	[31;1mUnhandled exception: Error 111 connecting to localhost:6409. Connection refused.[0m
Traceback (most recent call last):
  File "/home/ephraim_feldblum/venv/lib/python3.11/site-packages/redis/connection.py", line 264, in connect
    sock = self.retry.call_with_retry(
           ^^^^^^^^^^^^^^^^^^^^^^^^^^^
  File "/home/ephraim_feldblum/venv/lib/python3.11/site-packages/redis/retry.py", line 46, in call_with_retry
    return do()
           ^^^^
  File "/home/ephraim_feldblum/venv/lib/python3.11/site-packages/redis/connection.py", line 265, in <lambda>
    lambda: self._connect(), lambda error: self.disconnect(error)
            ^^^^^^^^^^^^^^^
  File "/home/ephraim_feldblum/venv/lib/python3.11/site-packages/redis/connection.py", line 627, in _connect
    raise err
  File "/home/ephraim_feldblum/venv/lib/python3.11/site-packages/redis/connection.py", line 615, in _connect
    sock.connect(socket_address)
ConnectionRefusedError: [Errno 111] Connection refused

During handling of the above exception, another exception occurred:

Traceback (most recent call last):
  File "/home/ephraim_feldblum/venv/lib/python3.11/site-packages/RLTest/__main__.py", line 715, in _runTest
    fn()
  File "/home/ephraim_feldblum/venv/lib/python3.11/site-packages/RLTest/__main__.py", line 704, in <lambda>
    fn = lambda: test.target(env)
                 ^^^^^^^^^^^^^^^^
  File "/home/ephraim_feldblum/git/RedisJSON/tests/pytest/test.py", line 132, in testSetRootWithJSONValuesShouldSucceed
    r.cmd('DEL', 'test')
  File "/home/ephraim_feldblum/venv/lib/python3.11/site-packages/RLTest/env.py", line 504, in cmd
    res = self.con.execute_command(*query, **options)
          ^^^^^^^^^^^^^^^^^^^^^^^^^^^^^^^^^^^^^^^^^^^
  File "/home/ephraim_feldblum/venv/lib/python3.11/site-packages/redis/client.py", line 594, in execute_command
    conn = self.connection or pool.get_connection(command_name, **options)
                              ^^^^^^^^^^^^^^^^^^^^^^^^^^^^^^^^^^^^^^^^^^^^
  File "/home/ephraim_feldblum/venv/lib/python3.11/site-packages/redis/connection.py", line 1087, in get_connection
    connection.connect()
  File "/home/ephraim_feldblum/venv/lib/python3.11/site-packages/redis/connection.py", line 270, in connect
    raise ConnectionError(self._error_message(e))
redis.exceptions.ConnectionError: Error 111 connecting to localhost:6409. Connection refused.
[32mRedis master command: redis-server --port 6529 --loadmodule /home/ephraim_feldblum/git/RedisJSON/bin/linux-x64-release/rejson.so --logfile /dev/null --dbfilename 2ac39cb5bb534801b7c964deb524ffdf.master-1-test_testSetWithBracketNotation-oss.rdb --enable-debug-command yes --enable-protected-configs yes[0m
[36mtest:testSetWithBracketNotation[0m:
	[31;1m[ERROR][0m
	[31;1mUnhandled exception: Error 111 connecting to localhost:6529. Connection refused.[0m
Traceback (most recent call last):
  File "/home/ephraim_feldblum/venv/lib/python3.11/site-packages/redis/connection.py", line 264, in connect
    sock = self.retry.call_with_retry(
           ^^^^^^^^^^^^^^^^^^^^^^^^^^^
  File "/home/ephraim_feldblum/venv/lib/python3.11/site-packages/redis/retry.py", line 46, in call_with_retry
    return do()
           ^^^^
  File "/home/ephraim_feldblum/venv/lib/python3.11/site-packages/redis/connection.py", line 265, in <lambda>
    lambda: self._connect(), lambda error: self.disconnect(error)
            ^^^^^^^^^^^^^^^
  File "/home/ephraim_feldblum/venv/lib/python3.11/site-packages/redis/connection.py", line 627, in _connect
    raise err
  File "/home/ephraim_feldblum/venv/lib/python3.11/site-packages/redis/connection.py", line 615, in _connect
    sock.connect(socket_address)
ConnectionRefusedError: [Errno 111] Connection refused

During handling of the above exception, another exception occurred:

Traceback (most recent call last):
  File "/home/ephraim_feldblum/venv/lib/python3.11/site-packages/RLTest/__main__.py", line 715, in _runTest
    fn()
  File "/home/ephraim_feldblum/venv/lib/python3.11/site-packages/RLTest/__main__.py", line 704, in <lambda>
    fn = lambda: test.target(env)
                 ^^^^^^^^^^^^^^^^
  File "/home/ephraim_feldblum/git/RedisJSON/tests/pytest/test.py", line 215, in testSetWithBracketNotation
    r.assertOk(r.execute_command('JSON.SET', 'x', '.', '{}'))
               ^^^^^^^^^^^^^^^^^^^^^^^^^^^^^^^^^^^^^^^^^^^^^
  File "/home/ephraim_feldblum/venv/lib/python3.11/site-packages/RLTest/env.py", line 26, in method
    return target(*argc, **nargs)
           ^^^^^^^^^^^^^^^^^^^^^^
  File "/home/ephraim_feldblum/venv/lib/python3.11/site-packages/RLTest/env.py", line 504, in cmd
    res = self.con.execute_command(*query, **options)
          ^^^^^^^^^^^^^^^^^^^^^^^^^^^^^^^^^^^^^^^^^^^
  File "/home/ephraim_feldblum/venv/lib/python3.11/site-packages/redis/client.py", line 594, in execute_command
    conn = self.connection or pool.get_connection(command_name, **options)
                              ^^^^^^^^^^^^^^^^^^^^^^^^^^^^^^^^^^^^^^^^^^^^
  File "/home/ephraim_feldblum/venv/lib/python3.11/site-packages/redis/connection.py", line 1087, in get_connection
    connection.connect()
  File "/home/ephraim_feldblum/venv/lib/python3.11/site-packages/redis/connection.py", line 270, in connect
    raise ConnectionError(self._error_message(e))
redis.exceptions.ConnectionError: Error 111 connecting to localhost:6529. Connection refused.
[32mRedis master command: redis-server --port 6499 --loadmodule /home/ephraim_feldblum/git/RedisJSON/bin/linux-x64-release/rejson.so --logfile /dev/null --dbfilename 6fda821477b64aa6832c70db1d8340c5.master-1-test_testStrCommands-oss.rdb --enable-debug-command yes --enable-protected-configs yes[0m
[36mtest:testStrCommands[0m:
	[31;1m[ERROR][0m
	[31;1mUnhandled exception: Error 111 connecting to localhost:6499. Connection refused.[0m
Traceback (most recent call last):
  File "/home/ephraim_feldblum/venv/lib/python3.11/site-packages/redis/connection.py", line 264, in connect
    sock = self.retry.call_with_retry(
           ^^^^^^^^^^^^^^^^^^^^^^^^^^^
  File "/home/ephraim_feldblum/venv/lib/python3.11/site-packages/redis/retry.py", line 46, in call_with_retry
    return do()
           ^^^^
  File "/home/ephraim_feldblum/venv/lib/python3.11/site-packages/redis/connection.py", line 265, in <lambda>
    lambda: self._connect(), lambda error: self.disconnect(error)
            ^^^^^^^^^^^^^^^
  File "/home/ephraim_feldblum/venv/lib/python3.11/site-packages/redis/connection.py", line 627, in _connect
    raise err
  File "/home/ephraim_feldblum/venv/lib/python3.11/site-packages/redis/connection.py", line 615, in _connect
    sock.connect(socket_address)
ConnectionRefusedError: [Errno 111] Connection refused

During handling of the above exception, another exception occurred:

Traceback (most recent call last):
  File "/home/ephraim_feldblum/venv/lib/python3.11/site-packages/RLTest/__main__.py", line 715, in _runTest
    fn()
  File "/home/ephraim_feldblum/venv/lib/python3.11/site-packages/RLTest/__main__.py", line 704, in <lambda>
    fn = lambda: test.target(env)
                 ^^^^^^^^^^^^^^^^
  File "/home/ephraim_feldblum/git/RedisJSON/tests/pytest/test.py", line 956, in testStrCommands
    r.assertOk(r.execute_command('JSON.SET', 'test', '.', '"foo"'))
               ^^^^^^^^^^^^^^^^^^^^^^^^^^^^^^^^^^^^^^^^^^^^^^^^^^^
  File "/home/ephraim_feldblum/venv/lib/python3.11/site-packages/RLTest/env.py", line 26, in method
    return target(*argc, **nargs)
           ^^^^^^^^^^^^^^^^^^^^^^
  File "/home/ephraim_feldblum/venv/lib/python3.11/site-packages/RLTest/env.py", line 504, in cmd
    res = self.con.execute_command(*query, **options)
          ^^^^^^^^^^^^^^^^^^^^^^^^^^^^^^^^^^^^^^^^^^^
  File "/home/ephraim_feldblum/venv/lib/python3.11/site-packages/redis/client.py", line 594, in execute_command
    conn = self.connection or pool.get_connection(command_name, **options)
                              ^^^^^^^^^^^^^^^^^^^^^^^^^^^^^^^^^^^^^^^^^^^^
  File "/home/ephraim_feldblum/venv/lib/python3.11/site-packages/redis/connection.py", line 1087, in get_connection
    connection.connect()
  File "/home/ephraim_feldblum/venv/lib/python3.11/site-packages/redis/connection.py", line 270, in connect
    raise ConnectionError(self._error_message(e))
redis.exceptions.ConnectionError: Error 111 connecting to localhost:6499. Connection refused.
[32mRedis master command: redis-server --port 6379 --loadmodule /home/ephraim_feldblum/git/RedisJSON/bin/linux-x64-release/rejson.so --logfile /dev/null --dbfilename dddde26d1f7d46da838c403e0c8c05e5.master-1-test_testSetWithPathErrors-oss.rdb --enable-debug-command yes --enable-protected-configs yes[0m
	[31;1m❌  (FAIL):	[0m[33m'Error 111 connecting to localhost:6379. Connection refused.' == 'OK'[0m	[90;1mtest.py:274[0m
	[32m✅  (OK):	[0m[33mTrue == True[0m	[90;1menv.py:26[0m
	[32m✅  (OK):	[0m[33mTrue == True[0m	[90;1menv.py:26[0m
[36mtest:testSetWithPathErrors[0m:
	[31;1m[FAIL][0m
[32mRedis master command: redis-server --port 6559 --loadmodule /home/ephraim_feldblum/git/RedisJSON/bin/linux-x64-release/rejson.so --logfile /dev/null --dbfilename dbc6ca29d3824279a4bca6107317371c.master-1-test_testToggleCommand-oss.rdb --enable-debug-command yes --enable-protected-configs yes[0m
[36mtest:testToggleCommand[0m:
	[31;1m[ERROR][0m
	[31;1mUnhandled exception: Error 111 connecting to localhost:6559. Connection refused.[0m
Traceback (most recent call last):
  File "/home/ephraim_feldblum/venv/lib/python3.11/site-packages/redis/connection.py", line 264, in connect
    sock = self.retry.call_with_retry(
           ^^^^^^^^^^^^^^^^^^^^^^^^^^^
  File "/home/ephraim_feldblum/venv/lib/python3.11/site-packages/redis/retry.py", line 46, in call_with_retry
    return do()
           ^^^^
  File "/home/ephraim_feldblum/venv/lib/python3.11/site-packages/redis/connection.py", line 265, in <lambda>
    lambda: self._connect(), lambda error: self.disconnect(error)
            ^^^^^^^^^^^^^^^
  File "/home/ephraim_feldblum/venv/lib/python3.11/site-packages/redis/connection.py", line 627, in _connect
    raise err
  File "/home/ephraim_feldblum/venv/lib/python3.11/site-packages/redis/connection.py", line 615, in _connect
    sock.connect(socket_address)
ConnectionRefusedError: [Errno 111] Connection refused

During handling of the above exception, another exception occurred:

Traceback (most recent call last):
  File "/home/ephraim_feldblum/venv/lib/python3.11/site-packages/RLTest/__main__.py", line 715, in _runTest
    fn()
  File "/home/ephraim_feldblum/venv/lib/python3.11/site-packages/RLTest/__main__.py", line 704, in <lambda>
    fn = lambda: test.target(env)
                 ^^^^^^^^^^^^^^^^
  File "/home/ephraim_feldblum/git/RedisJSON/tests/pytest/test.py", line 422, in testToggleCommand
    r.assertOk(r.execute_command('JSON.SET', 'test', '.', '{"foo":true}'))
               ^^^^^^^^^^^^^^^^^^^^^^^^^^^^^^^^^^^^^^^^^^^^^^^^^^^^^^^^^^
  File "/home/ephraim_feldblum/venv/lib/python3.11/site-packages/RLTest/env.py", line 26, in method
    return target(*argc, **nargs)
           ^^^^^^^^^^^^^^^^^^^^^^
  File "/home/ephraim_feldblum/venv/lib/python3.11/site-packages/RLTest/env.py", line 504, in cmd
    res = self.con.execute_command(*query, **options)
          ^^^^^^^^^^^^^^^^^^^^^^^^^^^^^^^^^^^^^^^^^^^
  File "/home/ephraim_feldblum/venv/lib/python3.11/site-packages/redis/client.py", line 594, in execute_command
    conn = self.connection or pool.get_connection(command_name, **options)
                              ^^^^^^^^^^^^^^^^^^^^^^^^^^^^^^^^^^^^^^^^^^^^
  File "/home/ephraim_feldblum/venv/lib/python3.11/site-packages/redis/connection.py", line 1087, in get_connection
    connection.connect()
  File "/home/ephraim_feldblum/venv/lib/python3.11/site-packages/redis/connection.py", line 270, in connect
    raise ConnectionError(self._error_message(e))
redis.exceptions.ConnectionError: Error 111 connecting to localhost:6559. Connection refused.
[32mRedis master command: redis-server --port 6469 --loadmodule /home/ephraim_feldblum/git/RedisJSON/bin/linux-x64-release/rejson.so --logfile /dev/null --dbfilename 3958ee5bdfba4794a4cae63e177c64ee.master-1-test_testTypeCommand-oss.rdb --enable-debug-command yes --enable-protected-configs yes[0m
[36mtest:testTypeCommand[0m:
	[31;1m[ERROR][0m
	[31;1mUnhandled exception: Error 111 connecting to localhost:6469. Connection refused.[0m
Traceback (most recent call last):
  File "/home/ephraim_feldblum/venv/lib/python3.11/site-packages/redis/connection.py", line 264, in connect
    sock = self.retry.call_with_retry(
           ^^^^^^^^^^^^^^^^^^^^^^^^^^^
  File "/home/ephraim_feldblum/venv/lib/python3.11/site-packages/redis/retry.py", line 46, in call_with_retry
    return do()
           ^^^^
  File "/home/ephraim_feldblum/venv/lib/python3.11/site-packages/redis/connection.py", line 265, in <lambda>
    lambda: self._connect(), lambda error: self.disconnect(error)
            ^^^^^^^^^^^^^^^
  File "/home/ephraim_feldblum/venv/lib/python3.11/site-packages/redis/connection.py", line 627, in _connect
    raise err
  File "/home/ephraim_feldblum/venv/lib/python3.11/site-packages/redis/connection.py", line 615, in _connect
    sock.connect(socket_address)
ConnectionRefusedError: [Errno 111] Connection refused

During handling of the above exception, another exception occurred:

Traceback (most recent call last):
  File "/home/ephraim_feldblum/venv/lib/python3.11/site-packages/RLTest/__main__.py", line 715, in _runTest
    fn()
  File "/home/ephraim_feldblum/venv/lib/python3.11/site-packages/RLTest/__main__.py", line 704, in <lambda>
    fn = lambda: test.target(env)
                 ^^^^^^^^^^^^^^^^
  File "/home/ephraim_feldblum/git/RedisJSON/tests/pytest/test.py", line 848, in testTypeCommand
    r.cmd('DEL', 'test')
  File "/home/ephraim_feldblum/venv/lib/python3.11/site-packages/RLTest/env.py", line 504, in cmd
    res = self.con.execute_command(*query, **options)
          ^^^^^^^^^^^^^^^^^^^^^^^^^^^^^^^^^^^^^^^^^^^
  File "/home/ephraim_feldblum/venv/lib/python3.11/site-packages/redis/client.py", line 594, in execute_command
    conn = self.connection or pool.get_connection(command_name, **options)
                              ^^^^^^^^^^^^^^^^^^^^^^^^^^^^^^^^^^^^^^^^^^^^
  File "/home/ephraim_feldblum/venv/lib/python3.11/site-packages/redis/connection.py", line 1087, in get_connection
    connection.connect()
  File "/home/ephraim_feldblum/venv/lib/python3.11/site-packages/redis/connection.py", line 270, in connect
    raise ConnectionError(self._error_message(e))
redis.exceptions.ConnectionError: Error 111 connecting to localhost:6469. Connection refused.
[32mRedis master command: redis-server --port 6439 --loadmodule /home/ephraim_feldblum/git/RedisJSON/bin/linux-x64-release/rejson.so --logfile /dev/null --dbfilename b27908b5a47f4319b20addb54a63230e.master-1-test_testUnicodeCharacters-oss.rdb --enable-debug-command yes --enable-protected-configs yes[0m
[36mtest:testUnicodeCharacters[0m:
	[31;1m[ERROR][0m
	[31;1mUnhandled exception: Error 111 connecting to localhost:6439. Connection refused.[0m
Traceback (most recent call last):
  File "/home/ephraim_feldblum/venv/lib/python3.11/site-packages/redis/connection.py", line 264, in connect
    sock = self.retry.call_with_retry(
           ^^^^^^^^^^^^^^^^^^^^^^^^^^^
  File "/home/ephraim_feldblum/venv/lib/python3.11/site-packages/redis/retry.py", line 46, in call_with_retry
    return do()
           ^^^^
  File "/home/ephraim_feldblum/venv/lib/python3.11/site-packages/redis/connection.py", line 265, in <lambda>
    lambda: self._connect(), lambda error: self.disconnect(error)
            ^^^^^^^^^^^^^^^
  File "/home/ephraim_feldblum/venv/lib/python3.11/site-packages/redis/connection.py", line 627, in _connect
    raise err
  File "/home/ephraim_feldblum/venv/lib/python3.11/site-packages/redis/connection.py", line 615, in _connect
    sock.connect(socket_address)
ConnectionRefusedError: [Errno 111] Connection refused

During handling of the above exception, another exception occurred:

Traceback (most recent call last):
  File "/home/ephraim_feldblum/venv/lib/python3.11/site-packages/RLTest/__main__.py", line 715, in _runTest
    fn()
  File "/home/ephraim_feldblum/venv/lib/python3.11/site-packages/RLTest/__main__.py", line 704, in <lambda>
    fn = lambda: test.target(env)
                 ^^^^^^^^^^^^^^^^
  File "/home/ephraim_feldblum/git/RedisJSON/tests/pytest/test.py", line 1429, in testUnicodeCharacters
    r.assertOk(r.execute_command('JSON.SET', 'test', '$', '{"\u00a0": "⍢∪⇰"}'))
               ^^^^^^^^^^^^^^^^^^^^^^^^^^^^^^^^^^^^^^^^^^^^^^^^^^^^^^^^^^^^^^^
  File "/home/ephraim_feldblum/venv/lib/python3.11/site-packages/RLTest/env.py", line 26, in method
    return target(*argc, **nargs)
           ^^^^^^^^^^^^^^^^^^^^^^
  File "/home/ephraim_feldblum/venv/lib/python3.11/site-packages/RLTest/env.py", line 504, in cmd
    res = self.con.execute_command(*query, **options)
          ^^^^^^^^^^^^^^^^^^^^^^^^^^^^^^^^^^^^^^^^^^^
  File "/home/ephraim_feldblum/venv/lib/python3.11/site-packages/redis/client.py", line 594, in execute_command
    conn = self.connection or pool.get_connection(command_name, **options)
                              ^^^^^^^^^^^^^^^^^^^^^^^^^^^^^^^^^^^^^^^^^^^^
  File "/home/ephraim_feldblum/venv/lib/python3.11/site-packages/redis/connection.py", line 1087, in get_connection
    connection.connect()
  File "/home/ephraim_feldblum/venv/lib/python3.11/site-packages/redis/connection.py", line 270, in connect
    raise ConnectionError(self._error_message(e))
redis.exceptions.ConnectionError: Error 111 connecting to localhost:6439. Connection refused.
[32mRedis master command: redis-server --port 6409 --loadmodule /home/ephraim_feldblum/git/RedisJSON/bin/linux-x64-release/rejson.so --logfile /dev/null --dbfilename f78d3c3f3f2947ce87c8d9e070625d95.master-1-test_test_promote_u64_to_f64-oss.rdb --enable-debug-command yes --enable-protected-configs yes[0m
	[31;1m❌  (FAIL):	[0m[33m'Error 111 connecting to localhost:6409. Connection refused.' == 'OK'[0m	[90;1mtest.py:1440[0m
	[31;1m❌  (FAIL):	[0m[33m'Error 111 connecting to localhost:6409. Connection refused.' == ['integer'][0m	[90;1mtest.py:1441[0m
[36mtest:test_promote_u64_to_f64[0m:
	[31;1m[ERROR][0m
	[31;1mUnhandled exception: Error 111 connecting to localhost:6409. Connection refused.[0m
Traceback (most recent call last):
  File "/home/ephraim_feldblum/venv/lib/python3.11/site-packages/redis/connection.py", line 264, in connect
    sock = self.retry.call_with_retry(
           ^^^^^^^^^^^^^^^^^^^^^^^^^^^
  File "/home/ephraim_feldblum/venv/lib/python3.11/site-packages/redis/retry.py", line 46, in call_with_retry
    return do()
           ^^^^
  File "/home/ephraim_feldblum/venv/lib/python3.11/site-packages/redis/connection.py", line 265, in <lambda>
    lambda: self._connect(), lambda error: self.disconnect(error)
            ^^^^^^^^^^^^^^^
  File "/home/ephraim_feldblum/venv/lib/python3.11/site-packages/redis/connection.py", line 627, in _connect
    raise err
  File "/home/ephraim_feldblum/venv/lib/python3.11/site-packages/redis/connection.py", line 615, in _connect
    sock.connect(socket_address)
ConnectionRefusedError: [Errno 111] Connection refused

During handling of the above exception, another exception occurred:

Traceback (most recent call last):
  File "/home/ephraim_feldblum/venv/lib/python3.11/site-packages/RLTest/__main__.py", line 715, in _runTest
    fn()
  File "/home/ephraim_feldblum/venv/lib/python3.11/site-packages/RLTest/__main__.py", line 704, in <lambda>
    fn = lambda: test.target(env)
                 ^^^^^^^^^^^^^^^^
  File "/home/ephraim_feldblum/git/RedisJSON/tests/pytest/test.py", line 1442, in test_promote_u64_to_f64
    res = r.execute_command('JSON.GET', 'num', '$')
          ^^^^^^^^^^^^^^^^^^^^^^^^^^^^^^^^^^^^^^^^^
  File "/home/ephraim_feldblum/venv/lib/python3.11/site-packages/RLTest/env.py", line 26, in method
    return target(*argc, **nargs)
           ^^^^^^^^^^^^^^^^^^^^^^
  File "/home/ephraim_feldblum/venv/lib/python3.11/site-packages/RLTest/env.py", line 504, in cmd
    res = self.con.execute_command(*query, **options)
          ^^^^^^^^^^^^^^^^^^^^^^^^^^^^^^^^^^^^^^^^^^^
  File "/home/ephraim_feldblum/venv/lib/python3.11/site-packages/redis/client.py", line 594, in execute_command
    conn = self.connection or pool.get_connection(command_name, **options)
                              ^^^^^^^^^^^^^^^^^^^^^^^^^^^^^^^^^^^^^^^^^^^^
  File "/home/ephraim_feldblum/venv/lib/python3.11/site-packages/redis/connection.py", line 1087, in get_connection
    connection.connect()
  File "/home/ephraim_feldblum/venv/lib/python3.11/site-packages/redis/connection.py", line 270, in connect
    raise ConnectionError(self._error_message(e))
redis.exceptions.ConnectionError: Error 111 connecting to localhost:6409. Connection refused.
[36mtest:test_promote_u64_to_f64[0m:
	[31;1m[FAIL][0m
[32mRedis master command: redis-server --port 6529 --loadmodule /home/ephraim_feldblum/git/RedisJSON/bin/linux-x64-release/rejson.so --logfile /dev/null --dbfilename 10050a6d28cf43cea06b6eab12037b43.master-1-test_test_recursive_descent-oss.rdb --enable-debug-command yes --enable-protected-configs yes[0m
	[31;1m❌  (FAIL):	[0m[33m'Error 111 connecting to localhost:6529. Connection refused.' == 'OK'[0m	[90;1mtest.py:1533[0m
	[31;1m❌  (FAIL):	[0m[33m'Error 111 connecting to localhost:6529. Connection refused.' == 'OK'[0m	[90;1mtest.py:1534[0m
	[31;1m❌  (FAIL):	[0m[33m'Error 111 connecting to localhost:6529. Connection refused.' == '[[[{"a":1}]]]'[0m	[90;1mtest.py:1535[0m
[36mtest:test_recursive_descent[0m:
	[31;1m[FAIL][0m
[32mRedis master command: redis-server --port 6589 --loadmodule /home/ephraim_feldblum/git/RedisJSON/bin/linux-x64-release/rejson.so --logfile /dev/null --dbfilename c770eaba70b944d4829f59f3f217b792.master-1-test_test_mset_replication_in_aof-oss.rdb --enable-debug-command yes --enable-protected-configs yes[0m
[32mRedis master command: redis-server --port 6589 --loadmodule /home/ephraim_feldblum/git/RedisJSON/bin/linux-x64-release/rejson.so --logfile /dev/null --dbfilename b3d673170c6347b0b8cf6deb0a5f6eac.master-1-test_test_mset_replication_in_aof-oss.rdb --appendonly yes --appendfilename b3d673170c6347b0b8cf6deb0a5f6eac.master-1-test_test_mset_replication_in_aof-oss.aof --enable-debug-command yes --enable-protected-configs yes[0m
[36mtest:test_mset_replication_in_aof[0m:
	[31;1m[ERROR][0m
	[31;1mUnhandled exception: Error 111 connecting to localhost:6589. Connection refused.[0m
Traceback (most recent call last):
  File "/home/ephraim_feldblum/venv/lib/python3.11/site-packages/redis/connection.py", line 264, in connect
    sock = self.retry.call_with_retry(
           ^^^^^^^^^^^^^^^^^^^^^^^^^^^
  File "/home/ephraim_feldblum/venv/lib/python3.11/site-packages/redis/retry.py", line 46, in call_with_retry
    return do()
           ^^^^
  File "/home/ephraim_feldblum/venv/lib/python3.11/site-packages/redis/connection.py", line 265, in <lambda>
    lambda: self._connect(), lambda error: self.disconnect(error)
            ^^^^^^^^^^^^^^^
  File "/home/ephraim_feldblum/venv/lib/python3.11/site-packages/redis/connection.py", line 627, in _connect
    raise err
  File "/home/ephraim_feldblum/venv/lib/python3.11/site-packages/redis/connection.py", line 615, in _connect
    sock.connect(socket_address)
ConnectionRefusedError: [Errno 111] Connection refused

During handling of the above exception, another exception occurred:

Traceback (most recent call last):
  File "/home/ephraim_feldblum/venv/lib/python3.11/site-packages/RLTest/__main__.py", line 715, in _runTest
    fn()
  File "/home/ephraim_feldblum/venv/lib/python3.11/site-packages/RLTest/__main__.py", line 704, in <lambda>
    fn = lambda: test.target(env)
                 ^^^^^^^^^^^^^^^^
  File "/home/ephraim_feldblum/git/RedisJSON/tests/pytest/test.py", line 1496, in test_mset_replication_in_aof
    r.execute_command('config', 'set', 'notify-keyspace-events', 'KEA')
  File "/home/ephraim_feldblum/venv/lib/python3.11/site-packages/redis/client.py", line 594, in execute_command
    conn = self.connection or pool.get_connection(command_name, **options)
                              ^^^^^^^^^^^^^^^^^^^^^^^^^^^^^^^^^^^^^^^^^^^^
  File "/home/ephraim_feldblum/venv/lib/python3.11/site-packages/redis/connection.py", line 1087, in get_connection
    connection.connect()
  File "/home/ephraim_feldblum/venv/lib/python3.11/site-packages/redis/connection.py", line 270, in connect
    raise ConnectionError(self._error_message(e))
redis.exceptions.ConnectionError: Error 111 connecting to localhost:6589. Connection refused.
[1m
Test Took: 4 sec[0m
[1mTotal Tests Run: 129, Total Tests Failed: 129, Total Tests Passed: 0[0m
[1mFailed Tests Summary:[0m
	[1mtest_keyspace_notifications:test_keyspace_set[0m
		[31;1mException raised during test execution. See logs[0m
	[1mtest_multi:testArrPopCommand[0m
		[31;1mException raised during test execution. See logs[0m
	[1mtest_multi:testFilterDup_issue667[0m
		[31;1mException raised during test execution. See logs[0m
	[1mtest_multi:testStrAppendCommand[0m
		[31;1mException raised during test execution. See logs[0m
	[1mtest_defrag:testDefragBigNumber[0m
		[31;1mException raised during test execution. See logs[0m
	[1mtest_defrag:testDefragNone[0m
		[31;1mException raised during test execution. See logs[0m
	[1mtest:testArrPopCommand[0m
		[31;1mException raised during test execution. See logs[0m
	[1mtest:testClearScalar[0m
		[31;1mException raised during test execution. See logs[0m
	[1mtest:testFilterExpression[0m
		[31;1m❌  (FAIL):	[0m[33m'Error 111 connecting to localhost:6499. Connection refused.' == 'OK'[0m	[90;1mtest.py:1308[0m
		[31;1m❌  (FAIL):	[0m[33m'Error 111 connecting to localhost:6499. Connection refused.' == 'OK'[0m	[90;1mtest.py:1308[0m
	[1mtest:testIssue_13[0m
		[31;1mException raised during test execution. See logs[0m
	[1mtest:testMSET_Partial[0m
		[31;1m❌  (FAIL):	[0m[33m'Error 111 connecting to localhost:6499. Connection refused.' == 'OK'[0m	[90;1mtest.py:1086[0m
		[31;1m❌  (FAIL):	[0m[33m'Error 111 connecting to localhost:6499. Connection refused.' == 'OK'[0m	[90;1mtest.py:1087[0m
		[31;1m❌  (FAIL):	[0m[33m'Error 111 connecting to localhost:6499. Connection refused.' == 'OK'[0m	[90;1mtest.py:1088[0m
		[31;1m❌  (FAIL):	[0m[33m'Error 111 connecting to localhost:6499. Connection refused.' == '[{"x":{}}]'[0m	[90;1mtest.py:1089[0m
		[31;1m❌  (FAIL):	[0m[33m'Error 111 connecting to localhost:6499. Connection refused.' == '[{"x":70}]'[0m	[90;1mtest.py:1090[0m
		[31;1m❌  (FAIL):	[0m[33m'Error 111 connecting to localhost:6499. Connection refused.' == 'OK'[0m	[90;1mtest.py:1093[0m
		[31;1m❌  (FAIL):	[0m[33m'Error 111 connecting to localhost:6499. Connection refused.' == 'OK'[0m	[90;1mtest.py:1094[0m
		[31;1m❌  (FAIL):	[0m[33m'Error 111 connecting to localhost:6499. Connection refused.' == '[{"x":{},"u":70}]'[0m	[90;1mtest.py:1095[0m
	[1mtest:testObjKeysCommand[0m
		[31;1m❌  (FAIL):	[0m[33m'Error 111 connecting to localhost:6499. Connection refused.' == 'OK'[0m	[90;1mtest.py:886[0m
		[31;1m❌  (FAIL):	[0m[33m'Error 111 connecting to localhost:6499. Connection refused.' == 'OK'[0m	[90;1mtest.py:886[0m
	[1mtest:testSetGetWholeBasicDocumentShouldBeEqual[0m
		[31;1mException raised during test execution. See logs[0m
	[1mtest:testStrCommands[0m
		[31;1mException raised during test execution. See logs[0m
	[1mtest_keyspace_notifications:test_keyspace_arr[0m
		[31;1mException raised during test execution. See logs[0m
	[1mtest_multi:testArrInsertCommand[0m
		[31;1mException raised during test execution. See logs[0m
	[1mtest_multi:testDelCommand_issue754[0m
		[31;1mException raised during test execution. See logs[0m
	[1mtest_multi:testRespCommand[0m
		[31;1mException raised during test execution. See logs[0m
	[1mtest_defrag:testDefragBigJsons[0m
		[31;1mException raised during test execution. See logs[0m
	[1mtest_defrag:testDefragNegativeNumber[0m
		[31;1mException raised during test execution. See logs[0m
	[1mtest:testArrInsertCommand[0m
		[31;1mException raised during test execution. See logs[0m
	[1mtest:testClear[0m
		[31;1m❌  (FAIL):	[0m[33m'Error 111 connecting to localhost:6379. Connection refused.' == 'OK'[0m	[90;1mtest.py:537[0m
		[31;1m❌  (FAIL):	[0m[33m'Error 111 connecting to localhost:6379. Connection refused.' == '[42,44,{"a":1,"b":2},["to","be","cleared",4]]'[0m	[90;1mtest.py:540[0m
		[31;1m❌  (FAIL):	[0m[33m'Error 111 connecting to localhost:6379. Connection refused.' == '[{"a":1,"b":2}]'[0m	[90;1mtest.py:545[0m
		[31;1m❌  (FAIL):	[0m[33m'Error 111 connecting to localhost:6379. Connection refused.' == '{"a":1,"b":2}'[0m	[90;1mtest.py:546[0m
		[31;1m❌  (FAIL):	[0m[33m'Error 111 connecting to localhost:6379. Connection refused.' == '[["to","be","cleared",4]]'[0m	[90;1mtest.py:550[0m
		[31;1m❌  (FAIL):	[0m[33m'Error 111 connecting to localhost:6379. Connection refused.' == '["to","be","cleared",4]'[0m	[90;1mtest.py:551[0m
		[31;1m❌  (FAIL):	[0m[33m'Error 111 connecting to localhost:6379. Connection refused.' == 1[0m	[90;1mtest.py:554[0m
		[31;1m❌  (FAIL):	[0m[33m'Error 111 connecting to localhost:6379. Connection refused.' == 1[0m	[90;1mtest.py:555[0m
		[31;1m❌  (FAIL):	[0m[33m'Error 111 connecting to localhost:6379. Connection refused.' == 0[0m	[90;1mtest.py:558[0m
		[31;1m❌  (FAIL):	[0m[33m'Error 111 connecting to localhost:6379. Connection refused.' == '[{}]'[0m	[90;1mtest.py:561[0m
		[31;1m❌  (FAIL):	[0m[33m'Error 111 connecting to localhost:6379. Connection refused.' == '{}'[0m	[90;1mtest.py:562[0m
		[31;1m❌  (FAIL):	[0m[33m'Error 111 connecting to localhost:6379. Connection refused.' == '[[]]'[0m	[90;1mtest.py:564[0m
		[31;1m❌  (FAIL):	[0m[33m'Error 111 connecting to localhost:6379. Connection refused.' == '[]'[0m	[90;1mtest.py:565[0m
		[31;1m❌  (FAIL):	[0m[33m'Error 111 connecting to localhost:6379. Connection refused.' == '[42,44,{},[]]'[0m	[90;1mtest.py:568[0m
		[31;1m❌  (FAIL):	[0m[33m'Error 111 connecting to localhost:6379. Connection refused.' == 'OK'[0m	[90;1mtest.py:572[0m
		[31;1m❌  (FAIL):	[0m[33m'Error 111 connecting to localhost:6379. Connection refused.' == 3[0m	[90;1mtest.py:573[0m
		[31;1m❌  (FAIL):	[0m[33m'Error 111 connecting to localhost:6379. Connection refused.' == '[{"n":42,"s":"42","arr":[{},"s",{},{}]}]'[0m	[90;1mtest.py:574[0m
		[31;1m❌  (FAIL):	[0m[33m'Error 111 connecting to localhost:6379. Connection refused.' == 'OK'[0m	[90;1mtest.py:578[0m
		[31;1m❌  (FAIL):	[0m[33m'Error 111 connecting to localhost:6379. Connection refused.' == 1[0m	[90;1mtest.py:580[0m
		[31;1m❌  (FAIL):	[0m[33m'Error 111 connecting to localhost:6379. Connection refused.' == '[{}]'[0m	[90;1mtest.py:581[0m
		[31;1m❌  (FAIL):	[0m[33m'Error 111 connecting to localhost:6379. Connection refused.' == 'OK'[0m	[90;1mtest.py:583[0m
		[31;1m❌  (FAIL):	[0m[33m'Error 111 connecting to localhost:6379. Connection refused.' == 1[0m	[90;1mtest.py:584[0m
		[31;1m❌  (FAIL):	[0m[33m'Error 111 connecting to localhost:6379. Connection refused.' == '[{}]'[0m	[90;1mtest.py:585[0m
		[31;1m❌  (FAIL):	[0m[33m'Error 111 connecting to localhost:6379. Connection refused.' == 'OK'[0m	[90;1mtest.py:588[0m
		[31;1m❌  (FAIL):	[0m[33m'Error 111 connecting to localhost:6379. Connection refused.' == 0[0m	[90;1mtest.py:589[0m
		[31;1m❌  (FAIL):	[0m[33m'Error 111 connecting to localhost:6379. Connection refused.' == '[{"a":[1,2],"b":{"c":"d"}}]'[0m	[90;1mtest.py:590[0m
		[31;1m❌  (FAIL):	[0m[33m'Error 111 connecting to localhost:6379. Connection refused.' == 0[0m	[90;1mtest.py:592[0m
		[31;1m❌  (FAIL):	[0m[33m'Error 111 connecting to localhost:6379. Connection refused.' == '[{"a":[1,2],"b":{"c":"d"}}]'[0m	[90;1mtest.py:593[0m
	[1mtest:testGetNonExistantPathsFromBasicDocumentShouldFail[0m
		[31;1mException raised during test execution. See logs[0m
	[1mtest:testIssue_597[0m
		[31;1m❌  (FAIL):	[0m[33m'Error 111 connecting to localhost:6379. Connection refused.' == 'OK'[0m	[90;1mtest.py:1115[0m
		[31;1m❌  (FAIL):	[0m[33m'Error 111 connecting to localhost:6379. Connection refused.' == 'OK'[0m	[90;1mtest.py:1115[0m
	[1mtest:testMerge[0m
		[31;1mException raised during test execution. See logs[0m
	[1mtest:testNumCommandOverflow[0m
		[31;1mException raised during test execution. See logs[0m
	[1mtest:testSetGetComparePassJSONCaseFiles[0m
		[31;1mException raised during test execution. See logs[0m
	[1mtest:testSetWithPathErrors[0m
		[31;1m❌  (FAIL):	[0m[33m'Error 111 connecting to localhost:6379. Connection refused.' == 'OK'[0m	[90;1mtest.py:274[0m
	[1mtest_multi:testArrAppendCommand[0m
		[31;1mException raised during test execution. See logs[0m
	[1mtest_multi:testDebugCommand[0m
		[31;1mException raised during test execution. See logs[0m
	[1mtest_multi:testNumByCommands[0m
		[31;1mException raised during test execution. See logs[0m
	[1mtest_multi:testTypeCommand[0m
		[31;1mException raised during test execution. See logs[0m
	[1mtest_defrag:testDefragDouble[0m
		[31;1mException raised during test execution. See logs[0m
	[1mtest_defrag:testDefragObject[0m
		[31;1mException raised during test execution. See logs[0m
	[1mtest:testArrTrimCommand[0m
		[31;1mException raised during test execution. See logs[0m
	[1mtest:testCrashInParserMOD2099[0m
		[31;1mException raised during test execution. See logs[0m
	[1mtest:testGetFormatting[0m
		[31;1mException raised during test execution. See logs[0m
	[1mtest:testIssue_74[0m
		[31;1mException raised during test execution. See logs[0m
	[1mtest:testMergeDynamicPath[0m
		[31;1mException raised during test execution. See logs[0m
	[1mtest:testObjectCRUD[0m
		[31;1mException raised during test execution. See logs[0m
	[1mtest:testSetGetWithSpecialKey[0m
		[31;1mException raised during test execution. See logs[0m
	[1mtest:testToggleCommand[0m
		[31;1mException raised during test execution. See logs[0m
	[1mtest_keyspace_notifications:test_keyspace_num[0m
		[31;1mException raised during test execution. See logs[0m
	[1mtest_multi:testDelCommand[0m
		[31;1mException raised during test execution. See logs[0m
	[1mtest_multi:testObjKeysCommand[0m
		[31;1mException raised during test execution. See logs[0m
	[1mtest_resp3:testResp3.test_resp3_set_get_expand_format[0m
		[31;1mException raised during test execution. See logs[0m
	[1mtest_resp3:testResp3.test_resp3_set_get_json_format[0m
		[31;1mException raised during test execution. See logs[0m
	[1mtest_resp3:testResp3.test_resp3_set_get_string_format[0m
		[31;1mException raised during test execution. See logs[0m
	[1mtest_resp3:testResp3.test_resp_default_path[0m
		[31;1mException raised during test execution. See logs[0m
	[1mtest_resp3:testResp3.test_resp_json_arrpop[0m
		[31;1mException raised during test execution. See logs[0m
	[1mtest_resp3:testResp3.test_resp_json_arrpop_format_expand[0m
		[31;1mException raised during test execution. See logs[0m
	[1mtest_resp3:testResp3.test_resp_json_arrpop_format_expand1[0m
		[31;1mException raised during test execution. See logs[0m
	[1mtest_resp3:testResp3.test_resp_json_arrpop_format_strings[0m
		[31;1mException raised during test execution. See logs[0m
	[1mtest_resp3:testResp3.test_resp_json_del[0m
		[31;1mException raised during test execution. See logs[0m
	[1mtest_resp3:testResp3.test_resp_json_merge[0m
		[31;1mException raised during test execution. See logs[0m
	[1mtest_resp3:testResp3.test_resp_json_mget[0m
		[31;1mException raised during test execution. See logs[0m
	[1mtest_resp3:testResp3.test_resp_json_mset[0m
		[31;1mException raised during test execution. See logs[0m
	[1mtest_resp3:testResp3.test_resp_json_num_ops[0m
		[31;1mException raised during test execution. See logs[0m
	[1mtest_resp3:testResp3.test_resp_json_type[0m
		[31;1mException raised during test execution. See logs[0m
	[1mtest_defrag:testDefragEmptyObject[0m
		[31;1mException raised during test execution. See logs[0m
	[1mtest_defrag:testDefragString[0m
		[31;1mException raised during test execution. See logs[0m
	[1mtest:testArrTrimErrors[0m
		[31;1mException raised during test execution. See logs[0m
	[1mtest:testDelCommand[0m
		[31;1mException raised during test execution. See logs[0m
	[1mtest:testGetPartsOfValuesDocumentMultiple[0m
		[31;1m❌  (FAIL):	[0m[33m'Error 111 connecting to localhost:6469. Connection refused.' == 'OK'[0m	[90;1mtest.py:325[0m
		[31;1m❌  (FAIL):	[0m[33m'Error 111 connecting to localhost:6469. Connection refused.' == 'OK'[0m	[90;1mtest.py:325[0m
	[1mtest:testIssue_80[0m
		[31;1mException raised during test execution. See logs[0m
	[1mtest:testMergeNested[0m
		[31;1mException raised during test execution. See logs[0m
	[1mtest:testRDBUnboundedDepth[0m
		[31;1m❌  (FAIL):	[0m[33m'Error 111 connecting to localhost:6469. Connection refused.' == 'OK'[0m	[90;1mtest.py:1413[0m
		[31;1m❌  (FAIL):	[0m[33m'Error 111 connecting to localhost:6469. Connection refused.' == 'OK'[0m	[90;1mtest.py:1417[0m
		[31;1m❌  (FAIL):	[0m[33m'Error 111 connecting to localhost:6469. Connection refused.' == 'OK'[0m	[90;1mtest.py:1413[0m
		[31;1m❌  (FAIL):	[0m[33m'Error 111 connecting to localhost:6469. Connection refused.' == 'OK'[0m	[90;1mtest.py:1417[0m
	[1mtest:testSetInvalidPathShouldFail[0m
		[31;1mException raised during test execution. See logs[0m
	[1mtest:testTypeCommand[0m
		[31;1mException raised during test execution. See logs[0m
	[1mtest_keyspace_notifications:test_keyspace_del[0m
		[31;1mException raised during test execution. See logs[0m
	[1mtest_multi:testArrIndexCommand[0m
		[31;1mException raised during test execution. See logs[0m
	[1mtest_multi:testDelCommand_issue529[0m
		[31;1mException raised during test execution. See logs[0m
	[1mtest_multi:testObjLenCommand[0m
		[31;1mException raised during test execution. See logs[0m
	[1mtest_resp3:test_fail_with_resp2[0m
		[31;1mException raised during test execution. See logs[0m
	[1mtest_defrag:testDefragEmptyString[0m
		[31;1mException raised during test execution. See logs[0m
	[1mtest_defrag:testDefragTrue[0m
		[31;1mException raised during test execution. See logs[0m
	[1mtest:testArrWrongChars[0m
		[31;1mException raised during test execution. See logs[0m
	[1mtest:testDoubleParse[0m
		[31;1mException raised during test execution. See logs[0m
	[1mtest:testGetPartsOfValuesDocumentOneByOne[0m
		[31;1m❌  (FAIL):	[0m[33m'Error 111 connecting to localhost:6439. Connection refused.' == 'OK'[0m	[90;1mtest.py:316[0m
		[31;1m❌  (FAIL):	[0m[33m'Error 111 connecting to localhost:6439. Connection refused.' == 'OK'[0m	[90;1mtest.py:316[0m
	[1mtest:testLenCommands[0m
		[31;1mException raised during test execution. See logs[0m
	[1mtest:testMgetCommand[0m
		[31;1mException raised during test execution. See logs[0m
	[1mtest:testRespCommand[0m
		[31;1mException raised during test execution. See logs[0m
	[1mtest:testSetReplaceRootShouldSucceed[0m
		[31;1mException raised during test execution. See logs[0m
	[1mtest:testUnicodeCharacters[0m
		[31;1mException raised during test execution. See logs[0m
	[1mtest_keyspace_notifications:test_keyspace_bool[0m
		[31;1mException raised during test execution. See logs[0m
	[1mtest_multi:testArrLenCommand[0m
		[31;1mException raised during test execution. See logs[0m
	[1mtest_multi:testErrorMessage[0m
		[31;1mException raised during test execution. See logs[0m
	[1mtest_multi:testSetAndGetCommands[0m
		[31;1mException raised during test execution. See logs[0m
	[1mtest_defrag:testDefragArray[0m
		[31;1mException raised during test execution. See logs[0m
	[1mtest_defrag:testDefragNegativeDouble[0m
		[31;1mException raised during test execution. See logs[0m
	[1mtest:testArrIndexMixCommand[0m
		[31;1mException raised during test execution. See logs[0m
	[1mtest:testBackwardRDB[0m
		[31;1mException raised during test execution. See logs[0m
	[1mtest:testFilter[0m
		[31;1m❌  (FAIL):	[0m[33m'Error 111 connecting to localhost:6409. Connection refused.' == 'OK'[0m	[90;1mtest.py:1271[0m
		[31;1m❌  (FAIL):	[0m[33m'Error 111 connecting to localhost:6409. Connection refused.' == '["kafoosh","foolish","ffool"]'[0m	[90;1mtest.py:1274[0m
		[31;1m❌  (FAIL):	[0m[33m'Error 111 connecting to localhost:6409. Connection refused.' == '["kafoosh","foolish","ffool"]'[0m	[90;1mtest.py:1277[0m
		[31;1m❌  (FAIL):	[0m[33m'Error 111 connecting to localhost:6409. Connection refused.' == '["foo","FoO"]'[0m	[90;1mtest.py:1280[0m
		[31;1m❌  (FAIL):	[0m[33m'Error 111 connecting to localhost:6409. Connection refused.' == 'OK'[0m	[90;1mtest.py:1283[0m
		[31;1m❌  (FAIL):	[0m[33m'Error 111 connecting to localhost:6409. Connection refused.' == '["kafoosh"]'[0m	[90;1mtest.py:1284[0m
		[31;1m❌  (FAIL):	[0m[33m'Error 111 connecting to localhost:6409. Connection refused.' == '[]'[0m	[90;1mtest.py:1287[0m
		[31;1m❌  (FAIL):	[0m[33m'Error 111 connecting to localhost:6409. Connection refused.' == '[7.0]'[0m	[90;1mtest.py:1288[0m
		[31;1m❌  (FAIL):	[0m[33m'Error 111 connecting to localhost:6409. Connection refused.' == '[]'[0m	[90;1mtest.py:1291[0m
		[31;1m❌  (FAIL):	[0m[33m'Error 111 connecting to localhost:6409. Connection refused.' == '[]'[0m	[90;1mtest.py:1295[0m
		[31;1m❌  (FAIL):	[0m[33m'Error 111 connecting to localhost:6409. Connection refused.' == '[]'[0m	[90;1mtest.py:1295[0m
		[31;1m❌  (FAIL):	[0m[33m'Error 111 connecting to localhost:6409. Connection refused.' == '[]'[0m	[90;1mtest.py:1295[0m
		[31;1m❌  (FAIL):	[0m[33m'Error 111 connecting to localhost:6409. Connection refused.' == '[]'[0m	[90;1mtest.py:1295[0m
		[31;1m❌  (FAIL):	[0m[33m'Error 111 connecting to localhost:6409. Connection refused.' == '[]'[0m	[90;1mtest.py:1295[0m
		[31;1m❌  (FAIL):	[0m[33m'Error 111 connecting to localhost:6409. Connection refused.' == '["(?i)^[f][o][o]$"]'[0m	[90;1mtest.py:1298[0m
	[1mtest:testGetWithPathErrors[0m
		[31;1m❌  (FAIL):	[0m[33m'Error 111 connecting to localhost:6409. Connection refused.' == 'OK'[0m	[90;1mtest.py:287[0m
		[31;1m❌  (FAIL):	[0m[33m'Error 111 connecting to localhost:6409. Connection refused.' should contain 'expected one of the following'[0m	[90;1mtest.py:293[0m
	[1mtest:testMSET_Error[0m
		[31;1m❌  (FAIL):	[0m[33m'Error 111 connecting to localhost:6409. Connection refused.' == 'OK'[0m	[90;1mtest.py:1098[0m
		[31;1m❌  (FAIL):	[0m[33m'Error 111 connecting to localhost:6409. Connection refused.' == '["a_val"]'[0m	[90;1mtest.py:1102[0m
		[31;1m❌  (FAIL):	[0m[33m'Error 111 connecting to localhost:6409. Connection refused.' == '["a_val"]'[0m	[90;1mtest.py:1106[0m
		[31;1m❌  (FAIL):	[0m[33m'Error 111 connecting to localhost:6409. Connection refused.' == None[0m	[90;1mtest.py:1107[0m
		[31;1m❌  (FAIL):	[0m[33m'Error 111 connecting to localhost:6409. Connection refused.' == '["a_val"]'[0m	[90;1mtest.py:1111[0m
		[31;1m❌  (FAIL):	[0m[33m'Error 111 connecting to localhost:6409. Connection refused.' == None[0m	[90;1mtest.py:1112[0m
	[1mtest:testNesting[0m
		[31;1mException raised during test execution. See logs[0m
	[1mtest:testSetBSON[0m
		[31;1mException raised during test execution. See logs[0m
	[1mtest:testSetRootWithJSONValuesShouldSucceed[0m
		[31;1mException raised during test execution. See logs[0m
	[1mtest:test_promote_u64_to_f64[0m
		[31;1m❌  (FAIL):	[0m[33m'Error 111 connecting to localhost:6409. Connection refused.' == 'OK'[0m	[90;1mtest.py:1440[0m
		[31;1m❌  (FAIL):	[0m[33m'Error 111 connecting to localhost:6409. Connection refused.' == ['integer'][0m	[90;1mtest.py:1441[0m
		[31;1m❌  (FAIL):	[0m[33m'Error 111 connecting to localhost:6409. Connection refused.' == 'OK'[0m	[90;1mtest.py:1440[0m
		[31;1m❌  (FAIL):	[0m[33m'Error 111 connecting to localhost:6409. Connection refused.' == ['integer'][0m	[90;1mtest.py:1441[0m
	[1mtest_short_read:testCreateKeysRdbFile[0m
		[31;1mException raised during test execution. See logs[0m
	[1mtest_multi:testArrTrimCommand[0m
		[31;1mException raised during test execution. See logs[0m
	[1mtest_multi:testForgetCommand[0m
		[31;1mException raised during test execution. See logs[0m
	[1mtest_multi:testStrLenCommand[0m
		[31;1mException raised during test execution. See logs[0m
	[1mtest_defrag:testDefragComplex[0m
		[31;1mException raised during test execution. See logs[0m
	[1mtest_defrag:testDefragNumber[0m
		[31;1mException raised during test execution. See logs[0m
	[1mtest:testArrPopErrors[0m
		[31;1mException raised during test execution. See logs[0m
	[1mtest:testCopyCommand[0m
		[31;1mException raised during test execution. See logs[0m
	[1mtest:testFilterPrecedence[0m
		[31;1m❌  (FAIL):	[0m[33m'Error 111 connecting to localhost:6529. Connection refused.' == 'OK'[0m	[90;1mtest.py:1316[0m
		[31;1m❌  (FAIL):	[0m[33m'Error 111 connecting to localhost:6529. Connection refused.' == 'OK'[0m	[90;1mtest.py:1316[0m
	[1mtest:testInfoEverything[0m
		[31;1mException raised during test execution. See logs[0m
	[1mtest:testMergeArray[0m
		[31;1mException raised during test execution. See logs[0m
	[1mtest:testNumIncrCommand[0m
		[31;1mException raised during test execution. See logs[0m
	[1mtest:testSetBehaviorModifyingSubcommands[0m
		[31;1mException raised during test execution. See logs[0m
	[1mtest:testSetWithBracketNotation[0m
		[31;1mException raised during test execution. See logs[0m
	[1mtest:test_recursive_descent[0m
		[31;1m❌  (FAIL):	[0m[33m'Error 111 connecting to localhost:6529. Connection refused.' == 'OK'[0m	[90;1mtest.py:1533[0m
		[31;1m❌  (FAIL):	[0m[33m'Error 111 connecting to localhost:6529. Connection refused.' == 'OK'[0m	[90;1mtest.py:1534[0m
		[31;1m❌  (FAIL):	[0m[33m'Error 111 connecting to localhost:6529. Connection refused.' == '[[[{"a":1}]]]'[0m	[90;1mtest.py:1535[0m
	[1mtest_short_read:testShortReadJson[0m
		[31;1mException raised during test execution. See logs[0m
	[1mtest_multi:testClearCommand[0m
		[31;1mException raised during test execution. See logs[0m
	[1mtest_multi:testMGetCommand[0m
		[31;1mException raised during test execution. See logs[0m
	[1mtest_multi:testToggleCommand[0m
		[31;1mException raised during test execution. See logs[0m
	[1mtest_defrag:testDefragEmptyArray[0m
		[31;1mException raised during test execution. See logs[0m
	[1mtest_defrag:testDefragFalse[0m
		[31;1mException raised during test execution. See logs[0m
	[1mtest:testArrIndexCommand[0m
		[31;1mException raised during test execution. See logs[0m
	[1mtest:testArrayCRUD[0m
		[31;1mException raised during test execution. See logs[0m
	[1mtest:testEscape[0m
		[31;1m❌  (FAIL):	[0m[33m'Error 111 connecting to localhost:6589. Connection refused.' == 'OK'[0m	[90;1mtest.py:1245[0m
		[31;1m❌  (FAIL):	[0m[33m'Error 111 connecting to localhost:6589. Connection refused.' == '["escaped control here:\\b \\f \\n \\r \\t / \\\\"]'[0m	[90;1mtest.py:1246[0m
		[31;1m❌  (FAIL):	[0m[33m'Error 111 connecting to localhost:6589. Connection refused.' == 'OK'[0m	[90;1mtest.py:1249[0m
		[31;1m❌  (FAIL):	[0m[33m'Error 111 connecting to localhost:6589. Connection refused.' == '["escaped quote here:\\""]'[0m	[90;1mtest.py:1250[0m
		[31;1m❌  (FAIL):	[0m[33m'Error 111 connecting to localhost:6589. Connection refused.' == 'OK'[0m	[90;1mtest.py:1253[0m
		[31;1m❌  (FAIL):	[0m[33m'Error 111 connecting to localhost:6589. Connection refused.' == '["escaped unicode here:⭐"]'[0m	[90;1mtest.py:1254[0m
	[1mtest:testGetWithBracketNotation[0m
		[31;1mException raised during test execution. See logs[0m
	[1mtest:testMSET[0m
		[31;1m❌  (FAIL):	[0m[33m'Error 111 connecting to localhost:6589. Connection refused.' == 'OK'[0m	[90;1mtest.py:1074[0m
		[31;1m❌  (FAIL):	[0m[33m'Error 111 connecting to localhost:6589. Connection refused.' == '["a_val"]'[0m	[90;1mtest.py:1075[0m
		[31;1m❌  (FAIL):	[0m[33m'Error 111 connecting to localhost:6589. Connection refused.' == 'OK'[0m	[90;1mtest.py:1077[0m
		[31;1m❌  (FAIL):	[0m[33m'Error 111 connecting to localhost:6589. Connection refused.' == ['[{"aa":"a_val"}]', '[{"bb":"b_val"}]'][0m	[90;1mtest.py:1078[0m
		[31;1m❌  (FAIL):	[0m[33m'Error 111 connecting to localhost:6589. Connection refused.' == 'OK'[0m	[90;1mtest.py:1080[0m
		[31;1m❌  (FAIL):	[0m[33m'Error 111 connecting to localhost:6589. Connection refused.' == ['[{"aa":"a_val","ab":"a_val2"}]', '[{"bb":"b_val2"}]'][0m	[90;1mtest.py:1081[0m
	[1mtest:testMultiPathResults[0m
		[31;1m❌  (FAIL):	[0m[33m'Error 111 connecting to localhost:6589. Connection refused.' == 'OK'[0m	[90;1mtest.py:1064[0m
		[31;1m❌  (FAIL):	[0m[33m'Error 111 connecting to localhost:6589. Connection refused.' == '[1,2,3]'[0m	[90;1mtest.py:1065[0m
		[31;1m❌  (FAIL):	[0m[33m'Error 111 connecting to localhost:6589. Connection refused.' == 'OK'[0m	[90;1mtest.py:1066[0m
		[31;1m❌  (FAIL):	[0m[33m'Error 111 connecting to localhost:6589. Connection refused.' == '[1,3,"c","e"]'[0m	[90;1mtest.py:1067[0m
		[31;1m❌  (FAIL):	[0m[33m'Error 111 connecting to localhost:6589. Connection refused.' == '1'[0m	[90;1mtest.py:1070[0m
	[1mtest:testSetAddNewImmediateChild[0m
		[31;1mException raised during test execution. See logs[0m
	[1mtest:testSetRootWithInvalidJSONValuesShouldFail[0m
		[31;1mException raised during test execution. See logs[0m
	[1mtest:test_mset_replication_in_aof[0m
		[31;1mException raised during test execution. See logs[0m
make: *** [Makefile:194: pytest] Error 1
